###############################################################################
#
# IAR ELF Linker V9.30.1.335/W64 for ARM                  02/Apr/2024  11:47:51
# Copyright 2007-2022 IAR Systems AB.
#
#    Output file  =
#        D:\MCU\STM32F10x\App\Project\GPIO\EWARMv9\Debug\Exe\STM32F103C8T6.out
#    Map file     =
#        D:\MCU\STM32F10x\App\Project\GPIO\EWARMv9\Debug\List\STM32F103C8T6.map
#    Command line =
#        -f
#        D:\MCU\STM32F10x\App\Project\GPIO\EWARMv9\Debug\Exe\STM32F103C8T6.out.rsp
#        (D:\MCU\STM32F10x\App\Project\GPIO\EWARMv9\Debug\Obj\CMSIS\core_cm3.o
#        D:\MCU\STM32F10x\App\Project\GPIO\EWARMv9\Debug\Obj\User\main.o
#        D:\MCU\STM32F10x\App\Project\GPIO\EWARMv9\Debug\Obj\stm32f10xEx\MeM.o
#        D:\MCU\STM32F10x\App\Project\GPIO\EWARMv9\Debug\Obj\StdPeriph_Driver\misc.o
#        D:\MCU\STM32F10x\App\Project\GPIO\EWARMv9\Debug\Obj\MyLibrary\mystm32f10x_adc.o
#        D:\MCU\STM32F10x\App\Project\GPIO\EWARMv9\Debug\Obj\MyLibrary\mystm32f10x_delay.o
#        D:\MCU\STM32F10x\App\Project\GPIO\EWARMv9\Debug\Obj\MyLibrary\mystm32f10x_gpio.o
#        D:\MCU\STM32F10x\App\Project\GPIO\EWARMv9\Debug\Obj\MyLibrary\mystm32f10x_i2c.o
#        D:\MCU\STM32F10x\App\Project\GPIO\EWARMv9\Debug\Obj\MyLibrary\mystm32f10x_it.o
#        D:\MCU\STM32F10x\App\Project\GPIO\EWARMv9\Debug\Obj\MyLibrary\mystm32f10x_iwdg.o
#        D:\MCU\STM32F10x\App\Project\GPIO\EWARMv9\Debug\Obj\MyLibrary\mystm32f10x_rcc.o
#        D:\MCU\STM32F10x\App\Project\GPIO\EWARMv9\Debug\Obj\MyLibrary\mystm32f10x_rtc.o
#        D:\MCU\STM32F10x\App\Project\GPIO\EWARMv9\Debug\Obj\MyLibrary\mystm32f10x_spi.o
#        D:\MCU\STM32F10x\App\Project\GPIO\EWARMv9\Debug\Obj\MyLibrary\mystm32f10x_tim.o
#        D:\MCU\STM32F10x\App\Project\GPIO\EWARMv9\Debug\Obj\MyLibrary\mystm32f10x_usart.o
#        D:\MCU\STM32F10x\App\Project\GPIO\EWARMv9\Debug\Obj\EWARMv9\startup_stm32f10x_md.o
#        D:\MCU\STM32F10x\App\Project\GPIO\EWARMv9\Debug\Obj\StdPeriph_Driver\stm32f10x_adc.o
#        D:\MCU\STM32F10x\App\Project\GPIO\EWARMv9\Debug\Obj\StdPeriph_Driver\stm32f10x_bkp.o
#        D:\MCU\STM32F10x\App\Project\GPIO\EWARMv9\Debug\Obj\StdPeriph_Driver\stm32f10x_can.o
#        D:\MCU\STM32F10x\App\Project\GPIO\EWARMv9\Debug\Obj\StdPeriph_Driver\stm32f10x_cec.o
#        D:\MCU\STM32F10x\App\Project\GPIO\EWARMv9\Debug\Obj\StdPeriph_Driver\stm32f10x_crc.o
#        D:\MCU\STM32F10x\App\Project\GPIO\EWARMv9\Debug\Obj\StdPeriph_Driver\stm32f10x_dac.o
#        D:\MCU\STM32F10x\App\Project\GPIO\EWARMv9\Debug\Obj\StdPeriph_Driver\stm32f10x_dbgmcu.o
#        D:\MCU\STM32F10x\App\Project\GPIO\EWARMv9\Debug\Obj\StdPeriph_Driver\stm32f10x_dma.o
#        D:\MCU\STM32F10x\App\Project\GPIO\EWARMv9\Debug\Obj\StdPeriph_Driver\stm32f10x_exti.o
#        D:\MCU\STM32F10x\App\Project\GPIO\EWARMv9\Debug\Obj\StdPeriph_Driver\stm32f10x_flash.o
#        D:\MCU\STM32F10x\App\Project\GPIO\EWARMv9\Debug\Obj\StdPeriph_Driver\stm32f10x_fsmc.o
#        D:\MCU\STM32F10x\App\Project\GPIO\EWARMv9\Debug\Obj\StdPeriph_Driver\stm32f10x_gpio.o
#        D:\MCU\STM32F10x\App\Project\GPIO\EWARMv9\Debug\Obj\StdPeriph_Driver\stm32f10x_i2c.o
#        D:\MCU\STM32F10x\App\Project\GPIO\EWARMv9\Debug\Obj\User\stm32f10x_it.o
#        D:\MCU\STM32F10x\App\Project\GPIO\EWARMv9\Debug\Obj\StdPeriph_Driver\stm32f10x_iwdg.o
#        D:\MCU\STM32F10x\App\Project\GPIO\EWARMv9\Debug\Obj\StdPeriph_Driver\stm32f10x_pwr.o
#        D:\MCU\STM32F10x\App\Project\GPIO\EWARMv9\Debug\Obj\StdPeriph_Driver\stm32f10x_rcc.o
#        D:\MCU\STM32F10x\App\Project\GPIO\EWARMv9\Debug\Obj\StdPeriph_Driver\stm32f10x_rtc.o
#        D:\MCU\STM32F10x\App\Project\GPIO\EWARMv9\Debug\Obj\StdPeriph_Driver\stm32f10x_sdio.o
#        D:\MCU\STM32F10x\App\Project\GPIO\EWARMv9\Debug\Obj\StdPeriph_Driver\stm32f10x_spi.o
#        D:\MCU\STM32F10x\App\Project\GPIO\EWARMv9\Debug\Obj\StdPeriph_Driver\stm32f10x_tim.o
#        D:\MCU\STM32F10x\App\Project\GPIO\EWARMv9\Debug\Obj\StdPeriph_Driver\stm32f10x_usart.o
#        D:\MCU\STM32F10x\App\Project\GPIO\EWARMv9\Debug\Obj\StdPeriph_Driver\stm32f10x_wwdg.o
#        D:\MCU\STM32F10x\App\Project\GPIO\EWARMv9\Debug\Obj\CMSIS\system_stm32f10x.o
#        --no_out_extension -o
#        D:\MCU\STM32F10x\App\Project\GPIO\EWARMv9\Debug\Exe\STM32F103C8T6.out
#        --map
#        D:\MCU\STM32F10x\App\Project\GPIO\EWARMv9\Debug\List\STM32F103C8T6.map
#        --log call_graph --log_file
#        D:\MCU\STM32F10x\App\Project\GPIO\EWARMv9\Debug\List\STM32F103C8T6.log
#        --config "C:\Program Files\IAR Systems\Embedded Workbench
#        9.1\arm/config/linker/ST/stm32f103x8.icf" --semihosting --entry
#        __iar_program_start --redirect __iar_sh_stdout=__iar_sh_stdout_swo
#        --vfe --enable_stack_usage --text_out locale --cpu=Cortex-M3
#        --fpu=None)
#
###############################################################################

*******************************************************************************
*** MESSAGES
***

Warning[Ls015]: [stack usage analysis] at least one function appears to be
          uncalled. Example: "TIM2_IRQHandler". A complete list of uncalled
          functions is in the map file.


*******************************************************************************
*** RUNTIME MODEL ATTRIBUTES
***

CppFlavor       = *
__CPP_Runtime   = 1
__SystemLibrary = DLib
__dlib_version  = 6


*******************************************************************************
*** HEAP SELECTION
***

The basic heap was selected because --advanced_heap
was not specified and the application did not appear to
be primarily optimized for speed.


*******************************************************************************
*** PLACEMENT SUMMARY
***

"A0":  place at address 0x800'0000 { ro section .intvec };
"P1":  place in [from 0x800'0000 to 0x800'ffff] { ro };
define block CSTACK with size = 2K, alignment = 8 { };
define block HEAP with size = 2K, alignment = 8 { };
"P2":  place in [from 0x2000'0000 to 0x2000'4fff] {
          rw, block CSTACK, block HEAP };
initialize by copy { rw };

  Section            Kind         Address    Size  Object
  -------            ----         -------    ----  ------
"A0":                                        0xec
  .intvec            ro code   0x800'0000    0xec  startup_stm32f10x_md.o [2]
                             - 0x800'00ec    0xec

"P1":                                       0xe0c
  .text              ro code   0x800'00ec   0x270  stm32f10x_rcc.o [4]
  .text              ro code   0x800'035c   0x1ac  mystm32f10x_tim.o [3]
  .text              ro code   0x800'0508   0x110  stm32f10x_tim.o [4]
  .text              ro code   0x800'0618    0x80  misc.o [4]
  .text              ro code   0x800'0698   0x1ac  stm32f10x_gpio.o [4]
  .text              ro code   0x800'0844   0x118  system_stm32f10x.o [1]
  .text              ro code   0x800'095c   0x114  main.o [5]
  .text              ro code   0x800'0a70    0x80  mystm32f10x_rcc.o [3]
  .text              ro code   0x800'0af0    0x64  mystm32f10x_gpio.o [3]
  .text              ro code   0x800'0b54    0x80  mystm32f10x_delay.o [3]
  .text              ro code   0x800'0bd4    0x24  MeM.o [6]
  .text              ro code   0x800'0bf8    0x2c  stm32f10x_flash.o [4]
  .text              ro code   0x800'0c24    0x86  ABImemcpy.o [8]
  .text              ro code   0x800'0caa    0x38  zero_init3.o [8]
  .text              ro code   0x800'0ce2    0x2a  copy_init3.o [8]
  .text              ro code   0x800'0d0c    0x2c  mystm32f10x_it.o [3]
  .text              ro code   0x800'0d38    0x24  stm32f10x_it.o [5]
  .text              ro code   0x800'0d5c    0x28  data_init.o [8]
  .iar.init_table    const     0x800'0d84    0x24  - Linker created -
  .rodata            const     0x800'0da8    0x20  mystm32f10x_gpio.o [3]
  .text              ro code   0x800'0dc8    0x1e  cmain.o [8]
  .text              ro code   0x800'0de6     0x4  low_level_init.o [7]
  .text              ro code   0x800'0dea     0x4  exit.o [7]
  .text              ro code   0x800'0df0     0xa  cexit.o [8]
  .text              ro code   0x800'0dfc    0x14  exit.o [9]
  .text              ro code   0x800'0e10    0x1c  cstartup_M.o [8]
  Initializer bytes  const     0x800'0e2c    0x18  <for P2-1>
  .text              ro code   0x800'0e44    0x10  startup_stm32f10x_md.o [2]
  .text              ro code   0x800'0e54     0x4  startup_stm32f10x_md.o [2]
  .text              ro code   0x800'0e58     0x4  startup_stm32f10x_md.o [2]
  .text              ro code   0x800'0e5c     0x4  startup_stm32f10x_md.o [2]
  .text              ro code   0x800'0e60     0x4  startup_stm32f10x_md.o [2]
  .text              ro code   0x800'0e64     0x4  startup_stm32f10x_md.o [2]
  .text              ro code   0x800'0e68     0x4  startup_stm32f10x_md.o [2]
  .text              ro code   0x800'0e6c     0x4  startup_stm32f10x_md.o [2]
  .text              ro code   0x800'0e70     0x4  startup_stm32f10x_md.o [2]
  .text              ro code   0x800'0e74     0x4  startup_stm32f10x_md.o [2]
  .text              ro code   0x800'0e78     0x4  startup_stm32f10x_md.o [2]
  .text              ro code   0x800'0e7c     0x4  startup_stm32f10x_md.o [2]
  .text              ro code   0x800'0e80     0x4  startup_stm32f10x_md.o [2]
  .text              ro code   0x800'0e84     0x4  startup_stm32f10x_md.o [2]
  .text              ro code   0x800'0e88     0x4  startup_stm32f10x_md.o [2]
  .text              ro code   0x800'0e8c     0x4  startup_stm32f10x_md.o [2]
  .text              ro code   0x800'0e90     0x4  startup_stm32f10x_md.o [2]
  .text              ro code   0x800'0e94     0x4  startup_stm32f10x_md.o [2]
  .text              ro code   0x800'0e98     0x4  startup_stm32f10x_md.o [2]
  .text              ro code   0x800'0e9c     0x4  startup_stm32f10x_md.o [2]
  .text              ro code   0x800'0ea0     0x4  startup_stm32f10x_md.o [2]
  .text              ro code   0x800'0ea4     0x4  startup_stm32f10x_md.o [2]
  .text              ro code   0x800'0ea8     0x4  startup_stm32f10x_md.o [2]
  .text              ro code   0x800'0eac     0x4  startup_stm32f10x_md.o [2]
  .text              ro code   0x800'0eb0     0x4  startup_stm32f10x_md.o [2]
  .text              ro code   0x800'0eb4     0x4  startup_stm32f10x_md.o [2]
  .text              ro code   0x800'0eb8     0x4  startup_stm32f10x_md.o [2]
  .text              ro code   0x800'0ebc     0x4  startup_stm32f10x_md.o [2]
  .text              ro code   0x800'0ec0     0x4  startup_stm32f10x_md.o [2]
  .text              ro code   0x800'0ec4     0x4  startup_stm32f10x_md.o [2]
  .text              ro code   0x800'0ec8     0x4  startup_stm32f10x_md.o [2]
  .text              ro code   0x800'0ecc     0x4  startup_stm32f10x_md.o [2]
  .text              ro code   0x800'0ed0     0x4  startup_stm32f10x_md.o [2]
  .text              ro code   0x800'0ed4     0x4  startup_stm32f10x_md.o [2]
  .text              ro code   0x800'0ed8     0x4  startup_stm32f10x_md.o [2]
  .text              ro code   0x800'0edc     0x4  startup_stm32f10x_md.o [2]
  .text              ro code   0x800'0ee0     0x4  startup_stm32f10x_md.o [2]
  .text              ro code   0x800'0ee4     0x4  startup_stm32f10x_md.o [2]
  .text              ro code   0x800'0ee8     0x4  startup_stm32f10x_md.o [2]
  .text              ro code   0x800'0eec     0x4  startup_stm32f10x_md.o [2]
  .text              ro code   0x800'0ef0     0x4  startup_stm32f10x_md.o [2]
  .text              ro code   0x800'0ef4     0x4  startup_stm32f10x_md.o [2]
  .rodata            const     0x800'0ef8     0x0  zero_init3.o [8]
  .rodata            const     0x800'0ef8     0x0  copy_init3.o [8]
                             - 0x800'0ef8   0xe0c

"P2", part 1 of 3:                           0x18
  P2-1                        0x2000'0000    0x18  <Init block>
    .data            inited   0x2000'0000    0x10  stm32f10x_rcc.o [4]
    .data            inited   0x2000'0010     0x4  stm32f10x_rcc.o [4]
    .data            inited   0x2000'0014     0x4  system_stm32f10x.o [1]
                            - 0x2000'0018    0x18

"P2", part 2 of 3:                         0x2030
  .bss               zero     0x2000'0020  0x2000  MeM.o [6]
  .bss               zero     0x2000'2020    0x14  main.o [5]
  .bss               zero     0x2000'2034     0x4  main.o [5]
  .bss               zero     0x2000'2038     0x4  mystm32f10x_tim.o [3]
  .bss               zero     0x2000'203c     0x4  mystm32f10x_tim.o [3]
  .bss               zero     0x2000'2040     0x2  mystm32f10x_delay.o [3]
  .bss               zero     0x2000'2042     0x1  mystm32f10x_delay.o [3]
  .bss               zero     0x2000'2043     0x1  mystm32f10x_rcc.o [3]
  .bss               zero     0x2000'2044     0x1  mystm32f10x_tim.o [3]
                            - 0x2000'2045  0x202d

"P2", part 3 of 3:                          0x800
  CSTACK                      0x2000'2048   0x800  <Block>
    CSTACK           uninit   0x2000'2048   0x800  <Block tail>
                            - 0x2000'2848   0x800

Unused ranges:

         From           To    Size
         ----           --    ----
   0x800'0ef8   0x800'ffff  0xf108
  0x2000'2848  0x2000'4fff  0x27b8


*******************************************************************************
*** INIT TABLE
***

          Address      Size
          -------      ----
Zero (__iar_zero_init3)
    1 destination range, total size 0x2025:
          0x2000'0020  0x2025

Copy (__iar_copy_init3)
    1 source range, total size 0x18:
           0x800'0e2c    0x18
    1 destination range, total size 0x18:
          0x2000'0000    0x18


*******************************************************************************
*** STACK USAGE
***

  Call Graph Root Category  Max Use  Total Use
  ------------------------  -------  ---------
  Program entry                 72         72
  Uncalled function             32         80


Program entry
  "__iar_program_start": 0x800'0e11

  Maximum call chain                               72  bytes

    "__iar_program_start"                           0
    "__cmain"                                       0
    "main"                                         24
    "MyTimer_Init"                                 32
    "MyTimer_Conversion"                           16

Uncalled function
  "TIM2_IRQHandler": 0x800'0a33

  Maximum call chain                               24  bytes

    "TIM2_IRQHandler"                               8
    "MyGPIO_Toggle"                                16
    "GPIO_ReadInputDataBit"                         0

Uncalled function
  "TIM1_UP_IRQHandler": 0x800'0d0d

  Maximum call chain                               32  bytes

    "TIM1_UP_IRQHandler"                            8
    "TIM1_IRQn"                                     8
    "MyGPIO_Toggle"                                16
    "GPIO_ReadInputDataBit"                         0

Uncalled function
  "BusFault_Handler": 0x800'0d3f

  Maximum call chain                                0  bytes

    "BusFault_Handler"                              0

Uncalled function
  "DebugMon_Handler": 0x800'0d45

  Maximum call chain                                0  bytes

    "DebugMon_Handler"                              0

Uncalled function
  "HardFault_Handler": 0x800'0d3b

  Maximum call chain                                0  bytes

    "HardFault_Handler"                             0

Uncalled function
  "MemManage_Handler": 0x800'0d3d

  Maximum call chain                                0  bytes

    "MemManage_Handler"                             0

Uncalled function
  "NMI_Handler": 0x800'0d39

  Maximum call chain                                0  bytes

    "NMI_Handler"                                   0

Uncalled function
  "PendSV_Handler": 0x800'0d47

  Maximum call chain                                0  bytes

    "PendSV_Handler"                                0

Uncalled function
  "SVC_Handler": 0x800'0d43

  Maximum call chain                                0  bytes

    "SVC_Handler"                                   0

Uncalled function
  "SysTick_Handler": 0x800'0d49

  Maximum call chain                                0  bytes

    "SysTick_Handler"                               0

Uncalled function
  "UsageFault_Handler": 0x800'0d41

  Maximum call chain                                0  bytes

    "UsageFault_Handler"                            0

Uncalled function
  "SystemInit": 0x800'0845

  Maximum call chain                               24  bytes

    "SystemInit"                                    8
    "SetSysClock" in system_stm32f10x.o [1]         8
    "SetSysClockTo72" in system_stm32f10x.o [1]     8


*******************************************************************************
*** MODULE SUMMARY
***

    Module                  ro code  ro data  rw data
    ------                  -------  -------  -------
command line/config:
    -------------------------------------------------
    Total:

D:\MCU\STM32F10x\App\Project\GPIO\EWARMv9\Debug\Obj\CMSIS: [1]
    system_stm32f10x.o          280        4        4
    -------------------------------------------------
    Total:                      280        4        4

D:\MCU\STM32F10x\App\Project\GPIO\EWARMv9\Debug\Obj\EWARMv9: [2]
    startup_stm32f10x_md.o      416
    -------------------------------------------------
    Total:                      416

D:\MCU\STM32F10x\App\Project\GPIO\EWARMv9\Debug\Obj\MyLibrary: [3]
    mystm32f10x_delay.o         128                 3
    mystm32f10x_gpio.o          100       32
    mystm32f10x_it.o             44
    mystm32f10x_rcc.o           128                 1
    mystm32f10x_tim.o           428                 9
    -------------------------------------------------
    Total:                      828       32       13

D:\MCU\STM32F10x\App\Project\GPIO\EWARMv9\Debug\Obj\StdPeriph_Driver: [4]
    misc.o                      128
    stm32f10x_flash.o            44
    stm32f10x_gpio.o            428
    stm32f10x_rcc.o             624       20       20
    stm32f10x_tim.o             272
    -------------------------------------------------
    Total:                    1'496       20       20

D:\MCU\STM32F10x\App\Project\GPIO\EWARMv9\Debug\Obj\User: [5]
    main.o                      276                24
    stm32f10x_it.o               36
    -------------------------------------------------
    Total:                      312                24

D:\MCU\STM32F10x\App\Project\GPIO\EWARMv9\Debug\Obj\stm32f10xEx: [6]
    MeM.o                        36             8'192
    -------------------------------------------------
    Total:                       36             8'192

dl7M_tln.a: [7]
    exit.o                        4
    low_level_init.o              4
    -------------------------------------------------
    Total:                        8

rt7M_tl.a: [8]
    ABImemcpy.o                 134
    cexit.o                      10
    cmain.o                      30
    copy_init3.o                 42
    cstartup_M.o                 28
    data_init.o                  40
    zero_init3.o                 56
    -------------------------------------------------
    Total:                      340

shb_l.a: [9]
    exit.o                       20
    -------------------------------------------------
    Total:                       20

    Gaps                          4                 8
    Linker created                        36    2'048
-----------------------------------------------------
    Grand Total:              3'740       92   10'309


*******************************************************************************
*** ENTRY LIST
***

Entry                       Address    Size  Type      Object
-----                       -------    ----  ----      ------
.iar.init_table$$Base    0x800'0d84           --   Gb  - Linker created -
.iar.init_table$$Limit   0x800'0da8           --   Gb  - Linker created -
?main                    0x800'0dc9          Code  Gb  cmain.o [8]
ADC1_2_IRQHandler        0x800'0e9d          Code  Wk  startup_stm32f10x_md.o [2]
ADCPrescTable           0x2000'0010     0x4  Data  Lc  stm32f10x_rcc.o [4]
APBAHBPrescTable        0x2000'0000    0x10  Data  Lc  stm32f10x_rcc.o [4]
BusFault_Handler         0x800'0d3f     0x2  Code  Gb  stm32f10x_it.o [5]
CAN1_RX1_IRQHandler      0x800'0ea9          Code  Wk  startup_stm32f10x_md.o [2]
CAN1_SCE_IRQHandler      0x800'0ead          Code  Wk  startup_stm32f10x_md.o [2]
CSTACK$$Base            0x2000'2048           --   Gb  - Linker created -
CSTACK$$Limit           0x2000'2848           --   Gb  - Linker created -
DMA1_Channel1_IRQHandler
                         0x800'0e81          Code  Wk  startup_stm32f10x_md.o [2]
DMA1_Channel2_IRQHandler
                         0x800'0e85          Code  Wk  startup_stm32f10x_md.o [2]
DMA1_Channel3_IRQHandler
                         0x800'0e89          Code  Wk  startup_stm32f10x_md.o [2]
DMA1_Channel4_IRQHandler
                         0x800'0e8d          Code  Wk  startup_stm32f10x_md.o [2]
DMA1_Channel5_IRQHandler
                         0x800'0e91          Code  Wk  startup_stm32f10x_md.o [2]
DMA1_Channel6_IRQHandler
                         0x800'0e95          Code  Wk  startup_stm32f10x_md.o [2]
DMA1_Channel7_IRQHandler
                         0x800'0e99          Code  Wk  startup_stm32f10x_md.o [2]
DWTDelay_Init            0x800'0b75    0x46  Code  Gb  mystm32f10x_delay.o [3]
DWTDelay_ms              0x800'095d    0x28  Code  Lc  main.o [5]
DebugMon_Handler         0x800'0d45     0x2  Code  Gb  stm32f10x_it.o [5]
EXTI0_IRQHandler         0x800'0e6d          Code  Wk  startup_stm32f10x_md.o [2]
EXTI15_10_IRQHandler     0x800'0eed          Code  Wk  startup_stm32f10x_md.o [2]
EXTI1_IRQHandler         0x800'0e71          Code  Wk  startup_stm32f10x_md.o [2]
EXTI2_IRQHandler         0x800'0e75          Code  Wk  startup_stm32f10x_md.o [2]
EXTI3_IRQHandler         0x800'0e79          Code  Wk  startup_stm32f10x_md.o [2]
EXTI4_IRQHandler         0x800'0e7d          Code  Wk  startup_stm32f10x_md.o [2]
EXTI9_5_IRQHandler       0x800'0eb1          Code  Wk  startup_stm32f10x_md.o [2]
ErrorMessage            0x2000'2044     0x1  Data  Gb  mystm32f10x_tim.o [3]
FLASH_IRQHandler         0x800'0e65          Code  Wk  startup_stm32f10x_md.o [2]
FLASH_PrefetchBufferCmd
                         0x800'0c0b    0x14  Code  Gb  stm32f10x_flash.o [4]
FLASH_SetLatency         0x800'0bf9    0x12  Code  Gb  stm32f10x_flash.o [4]
GPIO_Config              0x800'0a03    0x30  Code  Gb  main.o [5]
GPIO_DeInit              0x800'0699    0xae  Code  Gb  stm32f10x_gpio.o [4]
GPIO_Init                0x800'0747    0xc2  Code  Gb  stm32f10x_gpio.o [4]
GPIO_ReadInputDataBit    0x800'0809    0x14  Code  Gb  stm32f10x_gpio.o [4]
GPIO_ResetBits           0x800'0823     0x6  Code  Gb  stm32f10x_gpio.o [4]
GPIO_SetBits             0x800'081d     0x6  Code  Gb  stm32f10x_gpio.o [4]
HSEStartUpStatus        0x2000'2043     0x1  Data  Gb  mystm32f10x_rcc.o [3]
HardFault_Handler        0x800'0d3b     0x2  Code  Gb  stm32f10x_it.o [5]
I2C1_ER_IRQHandler       0x800'0ecd          Code  Wk  startup_stm32f10x_md.o [2]
I2C1_EV_IRQHandler       0x800'0ec9          Code  Wk  startup_stm32f10x_md.o [2]
I2C2_ER_IRQHandler       0x800'0ed5          Code  Wk  startup_stm32f10x_md.o [2]
I2C2_EV_IRQHandler       0x800'0ed1          Code  Wk  startup_stm32f10x_md.o [2]
MeM_Init                 0x800'0bd5    0x1e  Code  Gb  MeM.o [6]
MeM_MemoryPool          0x2000'0020  0x2000  Data  Lc  MeM.o [6]
MemManage_Handler        0x800'0d3d     0x2  Code  Gb  stm32f10x_it.o [5]
MyGPIO_Init              0x800'0af1    0x28  Code  Gb  mystm32f10x_gpio.o [3]
MyGPIO_Toggle            0x800'0b19    0x36  Code  Gb  mystm32f10x_gpio.o [3]
MyTimer_Conversion       0x800'043b    0x9c  Code  Gb  mystm32f10x_tim.o [3]
MyTimer_Init             0x800'035d    0xde  Code  Gb  mystm32f10x_tim.o [3]
MyTimer_OnOrOffIrq       0x800'04f1    0x18  Code  Gb  mystm32f10x_tim.o [3]
NMI_Handler              0x800'0d39     0x2  Code  Gb  stm32f10x_it.o [5]
NVIC_Init                0x800'0623    0x60  Code  Gb  misc.o [4]
NVIC_PriorityGroupConfig
                         0x800'0619     0xa  Code  Gb  misc.o [4]
PVD_IRQHandler           0x800'0e59          Code  Wk  startup_stm32f10x_md.o [2]
PendSV_Handler           0x800'0d47     0x2  Code  Gb  stm32f10x_it.o [5]
RCC_APB2PeriphClockCmd   0x800'02af    0x1c  Code  Gb  stm32f10x_rcc.o [4]
RCC_APB2PeriphResetCmd   0x800'02cb    0x1c  Code  Gb  stm32f10x_rcc.o [4]
RCC_ClockFreq           0x2000'2020    0x14  Data  Gb  main.o [5]
RCC_DeInit               0x800'00ed    0x40  Code  Gb  stm32f10x_rcc.o [4]
RCC_GetClocksFreq        0x800'0203    0xac  Code  Gb  stm32f10x_rcc.o [4]
RCC_GetFlagStatus        0x800'02e7    0x3c  Code  Gb  stm32f10x_rcc.o [4]
RCC_GetSYSCLKSource      0x800'01c7     0xa  Code  Gb  stm32f10x_rcc.o [4]
RCC_HCLKConfig           0x800'01d1    0x10  Code  Gb  stm32f10x_rcc.o [4]
RCC_HSEConfig            0x800'012d    0x38  Code  Gb  stm32f10x_rcc.o [4]
RCC_IRQHandler           0x800'0e69          Code  Wk  startup_stm32f10x_md.o [2]
RCC_PCLK1Config          0x800'01e1    0x10  Code  Gb  stm32f10x_rcc.o [4]
RCC_PCLK2Config          0x800'01f1    0x12  Code  Gb  stm32f10x_rcc.o [4]
RCC_PLLCmd               0x800'01af     0x8  Code  Gb  stm32f10x_rcc.o [4]
RCC_PLLConfig            0x800'019d    0x12  Code  Gb  stm32f10x_rcc.o [4]
RCC_SYSCLKConfig         0x800'01b7    0x10  Code  Gb  stm32f10x_rcc.o [4]
RCC_WaitForHSEStartUp    0x800'0165    0x38  Code  Gb  stm32f10x_rcc.o [4]
RTCAlarm_IRQHandler      0x800'0ef1          Code  Wk  startup_stm32f10x_md.o [2]
RTC_IRQHandler           0x800'0e61          Code  Wk  startup_stm32f10x_md.o [2]
Region$$Table$$Base      0x800'0d84           --   Gb  - Linker created -
Region$$Table$$Limit     0x800'0da8           --   Gb  - Linker created -
Reset_Handler            0x800'0e45          Code  Wk  startup_stm32f10x_md.o [2]
SPI1_IRQHandler          0x800'0ed9          Code  Wk  startup_stm32f10x_md.o [2]
SPI2_IRQHandler          0x800'0edd          Code  Wk  startup_stm32f10x_md.o [2]
SVC_Handler              0x800'0d43     0x2  Code  Gb  stm32f10x_it.o [5]
SetSysClock              0x800'0a71    0x12  Code  Gb  mystm32f10x_rcc.o [3]
SetSysClock              0x800'0889     0x8  Code  Lc  system_stm32f10x.o [1]
SetSysClockTo72          0x800'0a83    0x6a  Code  Gb  mystm32f10x_rcc.o [3]
SetSysClockTo72          0x800'0891    0xae  Code  Lc  system_stm32f10x.o [1]
SysTick_Handler          0x800'0d49     0x2  Code  Gb  stm32f10x_it.o [5]
SystemCoreClock         0x2000'0014     0x4  Data  Gb  system_stm32f10x.o [1]
SystemInit               0x800'0845    0x44  Code  Gb  system_stm32f10x.o [1]
TAMPER_IRQHandler        0x800'0e5d          Code  Wk  startup_stm32f10x_md.o [2]
TIM1_BRK_IRQHandler      0x800'0eb5          Code  Wk  startup_stm32f10x_md.o [2]
TIM1_CC_IRQHandler       0x800'0ebd          Code  Wk  startup_stm32f10x_md.o [2]
TIM1_IRQn                0x800'0d4b     0xc  Code  Gb  stm32f10x_it.o [5]
TIM1_TRG_COM_IRQHandler
                         0x800'0eb9          Code  Wk  startup_stm32f10x_md.o [2]
TIM1_UP_IRQHandler       0x800'0d0d    0x2c  Code  Gb  mystm32f10x_it.o [3]
TIM2_IRQHandler          0x800'0a33    0x24  Code  Gb  main.o [5]
TIM3_IRQHandler          0x800'0ec1          Code  Wk  startup_stm32f10x_md.o [2]
TIM4_IRQHandler          0x800'0ec5          Code  Wk  startup_stm32f10x_md.o [2]
TIM_ClearFlag            0x800'05e1     0x8  Code  Gb  stm32f10x_tim.o [4]
TIM_ClearITPendingBit    0x800'05e9     0x8  Code  Gb  stm32f10x_tim.o [4]
TIM_Cmd                  0x800'059b    0x1c  Code  Gb  stm32f10x_tim.o [4]
TIM_GetFlagStatus        0x800'05cf    0x12  Code  Gb  stm32f10x_tim.o [4]
TIM_ITConfig             0x800'05b7    0x18  Code  Gb  stm32f10x_tim.o [4]
TIM_TimeBaseInit         0x800'0509    0x92  Code  Gb  stm32f10x_tim.o [4]
USART1_IRQHandler        0x800'0ee1          Code  Wk  startup_stm32f10x_md.o [2]
USART2_IRQHandler        0x800'0ee5          Code  Wk  startup_stm32f10x_md.o [2]
USART3_IRQHandler        0x800'0ee9          Code  Wk  startup_stm32f10x_md.o [2]
USBWakeUp_IRQHandler     0x800'0ef5          Code  Wk  startup_stm32f10x_md.o [2]
USB_HP_CAN1_TX_IRQHandler
                         0x800'0ea1          Code  Wk  startup_stm32f10x_md.o [2]
USB_LP_CAN1_RX0_IRQHandler
                         0x800'0ea5          Code  Wk  startup_stm32f10x_md.o [2]
UsageFault_Handler       0x800'0d41     0x2  Code  Gb  stm32f10x_it.o [5]
WWDG_IRQHandler          0x800'0e55          Code  Wk  startup_stm32f10x_md.o [2]
__aeabi_memcpy4          0x800'0c25          Code  Gb  ABImemcpy.o [8]
__aeabi_memcpy8          0x800'0c25          Code  Gb  ABImemcpy.o [8]
__cmain                  0x800'0dc9          Code  Gb  cmain.o [8]
__exit                   0x800'0dfd    0x14  Code  Gb  exit.o [9]
__iar_copy_init3         0x800'0ce3    0x2a  Code  Gb  copy_init3.o [8]
__iar_data_init3         0x800'0d5d    0x28  Code  Gb  data_init.o [8]
__iar_program_start      0x800'0e11          Code  Gb  cstartup_M.o [8]
__iar_zero_init3         0x800'0cab    0x38  Code  Gb  zero_init3.o [8]
__low_level_init         0x800'0de7     0x4  Code  Gb  low_level_init.o [7]
__vector_table           0x800'0000          Data  Gb  startup_stm32f10x_md.o [2]
_call_main               0x800'0dd5          Code  Gb  cmain.o [8]
_exit                    0x800'0df1          Code  Gb  cexit.o [8]
clk                     0x2000'2034     0x4  Data  Gb  main.o [5]
delay_init               0x800'0b55    0x20  Code  Gb  mystm32f10x_delay.o [3]
exit                     0x800'0deb     0x4  Code  Gb  exit.o [7]
fac_ms                  0x2000'2040     0x2  Data  Lc  mystm32f10x_delay.o [3]
fac_us                  0x2000'2042     0x1  Data  Lc  mystm32f10x_delay.o [3]
mArr                    0x2000'203c     0x4  Data  Gb  mystm32f10x_tim.o [3]
mPin                     0x800'0da8    0x20  Data  Gb  mystm32f10x_gpio.o [3]
mPsc                    0x2000'2038     0x4  Data  Gb  mystm32f10x_tim.o [3]
main                     0x800'0985    0x7e  Code  Gb  main.o [5]


[1] = D:\MCU\STM32F10x\App\Project\GPIO\EWARMv9\Debug\Obj\CMSIS
[2] = D:\MCU\STM32F10x\App\Project\GPIO\EWARMv9\Debug\Obj\EWARMv9
[3] = D:\MCU\STM32F10x\App\Project\GPIO\EWARMv9\Debug\Obj\MyLibrary
[4] = D:\MCU\STM32F10x\App\Project\GPIO\EWARMv9\Debug\Obj\StdPeriph_Driver
[5] = D:\MCU\STM32F10x\App\Project\GPIO\EWARMv9\Debug\Obj\User
[6] = D:\MCU\STM32F10x\App\Project\GPIO\EWARMv9\Debug\Obj\stm32f10xEx
[7] = dl7M_tln.a
[8] = rt7M_tl.a
[9] = shb_l.a

   3'740 bytes of readonly  code memory
      92 bytes of readonly  data memory
  10'309 bytes of readwrite data memory

Errors: none
Warnings: 1
