###############################################################################
#
# IAR ELF Linker V9.30.1.335/W64 for ARM                  18/Mar/2024  14:15:10
# Copyright 2007-2022 IAR Systems AB.
#
#    Output file  =
#        d:\MCU\STM32F10x\App\Project\GPIO\EWARMv9\Debug\Exe\STM32F103C8T6.out
#    Map file     =
#        d:\MCU\STM32F10x\App\Project\GPIO\EWARMv9\Debug\List\STM32F103C8T6.map
#    Command line =
#        -f
#        d:\MCU\STM32F10x\App\Project\GPIO\EWARMv9\Debug\Exe\STM32F103C8T6.out.rsp
#        (d:\MCU\STM32F10x\App\Project\GPIO\EWARMv9\Debug\Obj\CMSIS\core_cm3.o
#        d:\MCU\STM32F10x\App\Project\GPIO\EWARMv9\Debug\Obj\MyLibrary\delay.o
#        d:\MCU\STM32F10x\App\Project\GPIO\EWARMv9\Debug\Obj\User\main.o
#        d:\MCU\STM32F10x\App\Project\GPIO\EWARMv9\Debug\Obj\StdPeriph_Driver\misc.o
#        d:\MCU\STM32F10x\App\Project\GPIO\EWARMv9\Debug\Obj\MyLibrary\mystm32f10x_adc.o
#        d:\MCU\STM32F10x\App\Project\GPIO\EWARMv9\Debug\Obj\MyLibrary\mystm32f10x_gpio.o
#        d:\MCU\STM32F10x\App\Project\GPIO\EWARMv9\Debug\Obj\MyLibrary\mystm32f10x_i2c.o
#        d:\MCU\STM32F10x\App\Project\GPIO\EWARMv9\Debug\Obj\MyLibrary\mystm32f10x_iwdg.o
#        d:\MCU\STM32F10x\App\Project\GPIO\EWARMv9\Debug\Obj\MyLibrary\mystm32f10x_rcc.o
#        d:\MCU\STM32F10x\App\Project\GPIO\EWARMv9\Debug\Obj\MyLibrary\mystm32f10x_rtc.o
#        d:\MCU\STM32F10x\App\Project\GPIO\EWARMv9\Debug\Obj\MyLibrary\mystm32f10x_spi.o
#        d:\MCU\STM32F10x\App\Project\GPIO\EWARMv9\Debug\Obj\MyLibrary\mystm32f10x_tim.o
#        d:\MCU\STM32F10x\App\Project\GPIO\EWARMv9\Debug\Obj\MyLibrary\mystm32f10x_usart.o
#        d:\MCU\STM32F10x\App\Project\GPIO\EWARMv9\Debug\Obj\EWARMv9\startup_stm32f10x_md.o
#        d:\MCU\STM32F10x\App\Project\GPIO\EWARMv9\Debug\Obj\StdPeriph_Driver\stm32f10x_adc.o
#        d:\MCU\STM32F10x\App\Project\GPIO\EWARMv9\Debug\Obj\StdPeriph_Driver\stm32f10x_bkp.o
#        d:\MCU\STM32F10x\App\Project\GPIO\EWARMv9\Debug\Obj\StdPeriph_Driver\stm32f10x_can.o
#        d:\MCU\STM32F10x\App\Project\GPIO\EWARMv9\Debug\Obj\StdPeriph_Driver\stm32f10x_cec.o
#        d:\MCU\STM32F10x\App\Project\GPIO\EWARMv9\Debug\Obj\StdPeriph_Driver\stm32f10x_crc.o
#        d:\MCU\STM32F10x\App\Project\GPIO\EWARMv9\Debug\Obj\StdPeriph_Driver\stm32f10x_dac.o
#        d:\MCU\STM32F10x\App\Project\GPIO\EWARMv9\Debug\Obj\StdPeriph_Driver\stm32f10x_dbgmcu.o
#        d:\MCU\STM32F10x\App\Project\GPIO\EWARMv9\Debug\Obj\StdPeriph_Driver\stm32f10x_dma.o
#        d:\MCU\STM32F10x\App\Project\GPIO\EWARMv9\Debug\Obj\StdPeriph_Driver\stm32f10x_exti.o
#        d:\MCU\STM32F10x\App\Project\GPIO\EWARMv9\Debug\Obj\StdPeriph_Driver\stm32f10x_flash.o
#        d:\MCU\STM32F10x\App\Project\GPIO\EWARMv9\Debug\Obj\StdPeriph_Driver\stm32f10x_fsmc.o
#        d:\MCU\STM32F10x\App\Project\GPIO\EWARMv9\Debug\Obj\StdPeriph_Driver\stm32f10x_gpio.o
#        d:\MCU\STM32F10x\App\Project\GPIO\EWARMv9\Debug\Obj\StdPeriph_Driver\stm32f10x_i2c.o
#        d:\MCU\STM32F10x\App\Project\GPIO\EWARMv9\Debug\Obj\User\stm32f10x_it.o
#        d:\MCU\STM32F10x\App\Project\GPIO\EWARMv9\Debug\Obj\StdPeriph_Driver\stm32f10x_iwdg.o
#        d:\MCU\STM32F10x\App\Project\GPIO\EWARMv9\Debug\Obj\StdPeriph_Driver\stm32f10x_pwr.o
#        d:\MCU\STM32F10x\App\Project\GPIO\EWARMv9\Debug\Obj\StdPeriph_Driver\stm32f10x_rcc.o
#        d:\MCU\STM32F10x\App\Project\GPIO\EWARMv9\Debug\Obj\StdPeriph_Driver\stm32f10x_rtc.o
#        d:\MCU\STM32F10x\App\Project\GPIO\EWARMv9\Debug\Obj\StdPeriph_Driver\stm32f10x_sdio.o
#        d:\MCU\STM32F10x\App\Project\GPIO\EWARMv9\Debug\Obj\StdPeriph_Driver\stm32f10x_spi.o
#        d:\MCU\STM32F10x\App\Project\GPIO\EWARMv9\Debug\Obj\StdPeriph_Driver\stm32f10x_tim.o
#        d:\MCU\STM32F10x\App\Project\GPIO\EWARMv9\Debug\Obj\StdPeriph_Driver\stm32f10x_usart.o
#        d:\MCU\STM32F10x\App\Project\GPIO\EWARMv9\Debug\Obj\StdPeriph_Driver\stm32f10x_wwdg.o
#        d:\MCU\STM32F10x\App\Project\GPIO\EWARMv9\Debug\Obj\CMSIS\system_stm32f10x.o
#        --no_out_extension -o
#        d:\MCU\STM32F10x\App\Project\GPIO\EWARMv9\Debug\Exe\STM32F103C8T6.out
#        --map
#        d:\MCU\STM32F10x\App\Project\GPIO\EWARMv9\Debug\List\STM32F103C8T6.map
#        --log call_graph --log_file
#        d:\MCU\STM32F10x\App\Project\GPIO\EWARMv9\Debug\List\STM32F103C8T6.log
#        --config "C:\Program Files\IAR Systems\Embedded Workbench
#        9.1\arm/config/linker/ST/stm32f103x8.icf" --semihosting --entry
#        __iar_program_start --redirect __iar_sh_stdout=__iar_sh_stdout_swo
#        --vfe --enable_stack_usage --text_out locale --cpu=Cortex-M3
#        --fpu=None)
#
###############################################################################

*******************************************************************************
*** MESSAGES
***

Warning[Ls015]: [stack usage analysis] at least one function appears to be
          uncalled. Example: "BusFault_Handler". A complete list of uncalled
          functions is in the map file.


*******************************************************************************
*** RUNTIME MODEL ATTRIBUTES
***

CppFlavor       = *
__CPP_Runtime   = 1
__SystemLibrary = DLib
__dlib_version  = 6


*******************************************************************************
*** HEAP SELECTION
***

The basic heap was selected because --advanced_heap
was not specified and the application did not appear to
be primarily optimized for speed.


*******************************************************************************
*** PLACEMENT SUMMARY
***

"A0":  place at address 0x800'0000 { ro section .intvec };
"P1":  place in [from 0x800'0000 to 0x800'ffff] { ro };
define block CSTACK with size = 2K, alignment = 8 { };
define block HEAP with size = 2K, alignment = 8 { };
"P2":  place in [from 0x2000'0000 to 0x2000'4fff] {
          rw, block CSTACK, block HEAP };
initialize by copy { rw };

  Section            Kind         Address   Size  Object
  -------            ----         -------   ----  ------
"A0":                                       0xec
  .intvec            ro code   0x800'0000   0xec  startup_stm32f10x_md.o [2]
                             - 0x800'00ec   0xec

"P1":                                      0x959
  .text              ro code   0x800'00ec  0x270  stm32f10x_rcc.o [4]
  .text              ro code   0x800'035c  0x198  stm32f10x_gpio.o [4]
  .text              ro code   0x800'04f4  0x110  system_stm32f10x.o [1]
  .text              ro code   0x800'0604   0xb0  mystm32f10x_tim.o [3]
  .text              ro code   0x800'06b4   0xa4  main.o [5]
  .text              ro code   0x800'0758   0x80  mystm32f10x_rcc.o [3]
  .text              ro code   0x800'07d8   0x28  mystm32f10x_gpio.o [3]
  .text              ro code   0x800'0800   0x60  delay.o [3]
  .text              ro code   0x800'0860   0x2c  stm32f10x_flash.o [4]
  .text              ro code   0x800'088c   0x3a  packbits_init_single.o [7]
  .text              ro code   0x800'08c6   0x12  stm32f10x_it.o [5]
  .text              ro code   0x800'08d8   0x28  data_init.o [7]
  .iar.init_table    const     0x800'0900   0x10  - Linker created -
  .text              ro code   0x800'0910   0x1e  cmain.o [7]
  .text              ro code   0x800'092e    0x4  low_level_init.o [6]
  .text              ro code   0x800'0932    0x4  exit.o [6]
  .text              ro code   0x800'0938    0xa  cexit.o [7]
  .text              ro code   0x800'0944   0x14  exit.o [8]
  .text              ro code   0x800'0958   0x1c  cstartup_M.o [7]
  .text              ro code   0x800'0974   0x10  startup_stm32f10x_md.o [2]
  .text              ro code   0x800'0984    0x4  startup_stm32f10x_md.o [2]
  .text              ro code   0x800'0988    0x4  startup_stm32f10x_md.o [2]
  .text              ro code   0x800'098c    0x4  startup_stm32f10x_md.o [2]
  .text              ro code   0x800'0990    0x4  startup_stm32f10x_md.o [2]
  .text              ro code   0x800'0994    0x4  startup_stm32f10x_md.o [2]
  .text              ro code   0x800'0998    0x4  startup_stm32f10x_md.o [2]
  .text              ro code   0x800'099c    0x4  startup_stm32f10x_md.o [2]
  .text              ro code   0x800'09a0    0x4  startup_stm32f10x_md.o [2]
  .text              ro code   0x800'09a4    0x4  startup_stm32f10x_md.o [2]
  .text              ro code   0x800'09a8    0x4  startup_stm32f10x_md.o [2]
  .text              ro code   0x800'09ac    0x4  startup_stm32f10x_md.o [2]
  .text              ro code   0x800'09b0    0x4  startup_stm32f10x_md.o [2]
  .text              ro code   0x800'09b4    0x4  startup_stm32f10x_md.o [2]
  .text              ro code   0x800'09b8    0x4  startup_stm32f10x_md.o [2]
  .text              ro code   0x800'09bc    0x4  startup_stm32f10x_md.o [2]
  .text              ro code   0x800'09c0    0x4  startup_stm32f10x_md.o [2]
  .text              ro code   0x800'09c4    0x4  startup_stm32f10x_md.o [2]
  .text              ro code   0x800'09c8    0x4  startup_stm32f10x_md.o [2]
  .text              ro code   0x800'09cc    0x4  startup_stm32f10x_md.o [2]
  .text              ro code   0x800'09d0    0x4  startup_stm32f10x_md.o [2]
  .text              ro code   0x800'09d4    0x4  startup_stm32f10x_md.o [2]
  .text              ro code   0x800'09d8    0x4  startup_stm32f10x_md.o [2]
  .text              ro code   0x800'09dc    0x4  startup_stm32f10x_md.o [2]
  .text              ro code   0x800'09e0    0x4  startup_stm32f10x_md.o [2]
  .text              ro code   0x800'09e4    0x4  startup_stm32f10x_md.o [2]
  .text              ro code   0x800'09e8    0x4  startup_stm32f10x_md.o [2]
  .text              ro code   0x800'09ec    0x4  startup_stm32f10x_md.o [2]
  .text              ro code   0x800'09f0    0x4  startup_stm32f10x_md.o [2]
  .text              ro code   0x800'09f4    0x4  startup_stm32f10x_md.o [2]
  .text              ro code   0x800'09f8    0x4  startup_stm32f10x_md.o [2]
  .text              ro code   0x800'09fc    0x4  startup_stm32f10x_md.o [2]
  .text              ro code   0x800'0a00    0x4  startup_stm32f10x_md.o [2]
  .text              ro code   0x800'0a04    0x4  startup_stm32f10x_md.o [2]
  .text              ro code   0x800'0a08    0x4  startup_stm32f10x_md.o [2]
  .text              ro code   0x800'0a0c    0x4  startup_stm32f10x_md.o [2]
  .text              ro code   0x800'0a10    0x4  startup_stm32f10x_md.o [2]
  .text              ro code   0x800'0a14    0x4  startup_stm32f10x_md.o [2]
  .text              ro code   0x800'0a18    0x4  startup_stm32f10x_md.o [2]
  .text              ro code   0x800'0a1c    0x4  startup_stm32f10x_md.o [2]
  .text              ro code   0x800'0a20    0x4  startup_stm32f10x_md.o [2]
  .text              ro code   0x800'0a24    0x4  startup_stm32f10x_md.o [2]
  .text              ro code   0x800'0a28    0x4  startup_stm32f10x_md.o [2]
  .text              ro code   0x800'0a2c    0x4  startup_stm32f10x_md.o [2]
  .rodata            const     0x800'0a30    0x0  packbits_init_single.o [7]
  Initializer bytes  const     0x800'0a30   0x15  <for P2-1>
                             - 0x800'0a45  0x959

"P2", part 1 of 2:                          0x39
  P2-1                        0x2000'0000   0x39  <Init block>
    .data            inited   0x2000'0000   0x10  stm32f10x_rcc.o [4]
    .data            inited   0x2000'0010    0x4  stm32f10x_rcc.o [4]
    .bss             inited   0x2000'0014   0x14  main.o [5]
    .bss             inited   0x2000'0028    0x4  main.o [5]
    .bss             inited   0x2000'002c    0x4  mystm32f10x_tim.o [3]
    .bss             inited   0x2000'0030    0x4  mystm32f10x_tim.o [3]
    .bss             inited   0x2000'0034    0x2  delay.o [3]
    .bss             inited   0x2000'0036    0x1  delay.o [3]
    .bss             inited   0x2000'0037    0x1  main.o [5]
    .bss             inited   0x2000'0038    0x1  mystm32f10x_rcc.o [3]
                            - 0x2000'0039   0x39

"P2", part 2 of 2:                         0x800
  CSTACK                      0x2000'0040  0x800  <Block>
    CSTACK           uninit   0x2000'0040  0x800  <Block tail>
                            - 0x2000'0840  0x800

Unused ranges:

         From           To    Size
         ----           --    ----
   0x800'0a45   0x800'ffff  0xf5bb
  0x2000'0039  0x2000'003f     0x7
  0x2000'0840  0x2000'4fff  0x47c0


*******************************************************************************
*** INIT TABLE
***

          Address      Size
          -------      ----
Copy/packbits (__iar_packbits_init_single3)
    1 source range, total size 0x15 (36% of destination):
           0x800'0a30  0x15
    1 destination range, total size 0x39:
          0x2000'0000  0x39


*******************************************************************************
*** STACK USAGE
***

  Call Graph Root Category  Max Use  Total Use
  ------------------------  -------  ---------
  Program entry                 56         56
  Uncalled function             24         24


Program entry
  "__iar_program_start": 0x800'0959

  Maximum call chain                               56  bytes

    "__iar_program_start"                           0
    "__cmain"                                       0
    "main"                                         16
    "MyGPIO_Init"                                  24
    "GPIO_Init"                                    16

Uncalled function
  "BusFault_Handler": 0x800'08cd

  Maximum call chain                                0  bytes

    "BusFault_Handler"                              0

Uncalled function
  "DebugMon_Handler": 0x800'08d3

  Maximum call chain                                0  bytes

    "DebugMon_Handler"                              0

Uncalled function
  "HardFault_Handler": 0x800'08c9

  Maximum call chain                                0  bytes

    "HardFault_Handler"                             0

Uncalled function
  "MemManage_Handler": 0x800'08cb

  Maximum call chain                                0  bytes

    "MemManage_Handler"                             0

Uncalled function
  "NMI_Handler": 0x800'08c7

  Maximum call chain                                0  bytes

    "NMI_Handler"                                   0

Uncalled function
  "PendSV_Handler": 0x800'08d5

  Maximum call chain                                0  bytes

    "PendSV_Handler"                                0

Uncalled function
  "SVC_Handler": 0x800'08d1

  Maximum call chain                                0  bytes

    "SVC_Handler"                                   0

Uncalled function
  "SysTick_Handler": 0x800'08d7

  Maximum call chain                                0  bytes

    "SysTick_Handler"                               0

Uncalled function
  "UsageFault_Handler": 0x800'08cf

  Maximum call chain                                0  bytes

    "UsageFault_Handler"                            0

Uncalled function
  "SystemInit": 0x800'04f5

  Maximum call chain                               24  bytes

    "SystemInit"                                    8
    "SetSysClock" in system_stm32f10x.o [1]         8
    "SetSysClockTo24" in system_stm32f10x.o [1]     8


*******************************************************************************
*** MODULE SUMMARY
***

    Module                  ro code  ro data  rw data
    ------                  -------  -------  -------
command line/config:
    -------------------------------------------------
    Total:

d:\MCU\STM32F10x\App\Project\GPIO\EWARMv9\Debug\Obj\CMSIS: [1]
    system_stm32f10x.o          272
    -------------------------------------------------
    Total:                      272

d:\MCU\STM32F10x\App\Project\GPIO\EWARMv9\Debug\Obj\EWARMv9: [2]
    startup_stm32f10x_md.o      424
    -------------------------------------------------
    Total:                      424

d:\MCU\STM32F10x\App\Project\GPIO\EWARMv9\Debug\Obj\MyLibrary: [3]
    delay.o                      96        1        3
    mystm32f10x_gpio.o           40
    mystm32f10x_rcc.o           128        1        1
    mystm32f10x_tim.o           176        3        8
    -------------------------------------------------
    Total:                      440        5       12

d:\MCU\STM32F10x\App\Project\GPIO\EWARMv9\Debug\Obj\StdPeriph_Driver: [4]
    stm32f10x_flash.o            44
    stm32f10x_gpio.o            408
    stm32f10x_rcc.o             624        7       20
    -------------------------------------------------
    Total:                    1'076        7       20

d:\MCU\STM32F10x\App\Project\GPIO\EWARMv9\Debug\Obj\User: [5]
    main.o                      164        9       25
    stm32f10x_it.o               18
    -------------------------------------------------
    Total:                      182        9       25

dl7M_tln.a: [6]
    exit.o                        4
    low_level_init.o              4
    -------------------------------------------------
    Total:                        8

rt7M_tl.a: [7]
    cexit.o                      10
    cmain.o                      30
    cstartup_M.o                 28
    data_init.o                  40
    packbits_init_single.o       58
    -------------------------------------------------
    Total:                      166

shb_l.a: [8]
    exit.o                       20
    -------------------------------------------------
    Total:                       20

    Gaps                          4
    Linker created                        16    2'048
-----------------------------------------------------
    Grand Total:              2'592       37    2'105


*******************************************************************************
*** ENTRY LIST
***

Entry                       Address  Size  Type      Object
-----                       -------  ----  ----      ------
.iar.init_table$$Base    0x800'0900         --   Gb  - Linker created -
.iar.init_table$$Limit   0x800'0910         --   Gb  - Linker created -
?main                    0x800'0911        Code  Gb  cmain.o [7]
ADC1_2_IRQHandler        0x800'09cd        Code  Wk  startup_stm32f10x_md.o [2]
ADCPrescTable           0x2000'0010   0x4  Data  Lc  stm32f10x_rcc.o [4]
APBAHBPrescTable        0x2000'0000  0x10  Data  Lc  stm32f10x_rcc.o [4]
BusFault_Handler         0x800'08cd   0x2  Code  Gb  stm32f10x_it.o [5]
CAN1_RX1_IRQHandler      0x800'09d9        Code  Wk  startup_stm32f10x_md.o [2]
CAN1_SCE_IRQHandler      0x800'09dd        Code  Wk  startup_stm32f10x_md.o [2]
CSTACK$$Base            0x2000'0040         --   Gb  - Linker created -
CSTACK$$Limit           0x2000'0840         --   Gb  - Linker created -
DMA1_Channel1_IRQHandler
                         0x800'09b1        Code  Wk  startup_stm32f10x_md.o [2]
DMA1_Channel2_IRQHandler
                         0x800'09b5        Code  Wk  startup_stm32f10x_md.o [2]
DMA1_Channel3_IRQHandler
                         0x800'09b9        Code  Wk  startup_stm32f10x_md.o [2]
DMA1_Channel4_IRQHandler
                         0x800'09bd        Code  Wk  startup_stm32f10x_md.o [2]
DMA1_Channel5_IRQHandler
                         0x800'09c1        Code  Wk  startup_stm32f10x_md.o [2]
DMA1_Channel6_IRQHandler
                         0x800'09c5        Code  Wk  startup_stm32f10x_md.o [2]
DMA1_Channel7_IRQHandler
                         0x800'09c9        Code  Wk  startup_stm32f10x_md.o [2]
DebugMon_Handler         0x800'08d3   0x2  Code  Gb  stm32f10x_it.o [5]
EXTI0_IRQHandler         0x800'099d        Code  Wk  startup_stm32f10x_md.o [2]
EXTI15_10_IRQHandler     0x800'0a25        Code  Wk  startup_stm32f10x_md.o [2]
EXTI1_IRQHandler         0x800'09a1        Code  Wk  startup_stm32f10x_md.o [2]
EXTI2_IRQHandler         0x800'09a5        Code  Wk  startup_stm32f10x_md.o [2]
EXTI3_IRQHandler         0x800'09a9        Code  Wk  startup_stm32f10x_md.o [2]
EXTI4_IRQHandler         0x800'09ad        Code  Wk  startup_stm32f10x_md.o [2]
EXTI9_5_IRQHandler       0x800'09e1        Code  Wk  startup_stm32f10x_md.o [2]
FLASH_IRQHandler         0x800'0995        Code  Wk  startup_stm32f10x_md.o [2]
FLASH_PrefetchBufferCmd
                         0x800'0873  0x14  Code  Gb  stm32f10x_flash.o [4]
FLASH_SetLatency         0x800'0861  0x12  Code  Gb  stm32f10x_flash.o [4]
GPIO_Config              0x800'0719  0x30  Code  Gb  main.o [5]
GPIO_DeInit              0x800'035d  0xae  Code  Gb  stm32f10x_gpio.o [4]
GPIO_Init                0x800'040b  0xc2  Code  Gb  stm32f10x_gpio.o [4]
GPIO_ResetBits           0x800'04d3   0x6  Code  Gb  stm32f10x_gpio.o [4]
GPIO_SetBits             0x800'04cd   0x6  Code  Gb  stm32f10x_gpio.o [4]
HSEStartUpStatus        0x2000'0038   0x1  Data  Gb  mystm32f10x_rcc.o [3]
HardFault_Handler        0x800'08c9   0x2  Code  Gb  stm32f10x_it.o [5]
I2C1_ER_IRQHandler       0x800'0a05        Code  Wk  startup_stm32f10x_md.o [2]
I2C1_EV_IRQHandler       0x800'0a01        Code  Wk  startup_stm32f10x_md.o [2]
I2C2_ER_IRQHandler       0x800'0a0d        Code  Wk  startup_stm32f10x_md.o [2]
I2C2_EV_IRQHandler       0x800'0a09        Code  Wk  startup_stm32f10x_md.o [2]
MemManage_Handler        0x800'08cb   0x2  Code  Gb  stm32f10x_it.o [5]
MyGPIO_Init              0x800'07d9  0x28  Code  Gb  mystm32f10x_gpio.o [3]
MyTimer_Conversion       0x800'0605  0x9c  Code  Gb  mystm32f10x_tim.o [3]
NMI_Handler              0x800'08c7   0x2  Code  Gb  stm32f10x_it.o [5]
PVD_IRQHandler           0x800'0989        Code  Wk  startup_stm32f10x_md.o [2]
PendSV_Handler           0x800'08d5   0x2  Code  Gb  stm32f10x_it.o [5]
RCC_APB2PeriphClockCmd   0x800'02af  0x1c  Code  Gb  stm32f10x_rcc.o [4]
RCC_APB2PeriphResetCmd   0x800'02cb  0x1c  Code  Gb  stm32f10x_rcc.o [4]
RCC_ClockFreq           0x2000'0014  0x14  Data  Gb  main.o [5]
RCC_DeInit               0x800'00ed  0x40  Code  Gb  stm32f10x_rcc.o [4]
RCC_GetClocksFreq        0x800'0203  0xac  Code  Gb  stm32f10x_rcc.o [4]
RCC_GetFlagStatus        0x800'02e7  0x3c  Code  Gb  stm32f10x_rcc.o [4]
RCC_GetSYSCLKSource      0x800'01c7   0xa  Code  Gb  stm32f10x_rcc.o [4]
RCC_HCLKConfig           0x800'01d1  0x10  Code  Gb  stm32f10x_rcc.o [4]
RCC_HSEConfig            0x800'012d  0x38  Code  Gb  stm32f10x_rcc.o [4]
RCC_IRQHandler           0x800'0999        Code  Wk  startup_stm32f10x_md.o [2]
RCC_PCLK1Config          0x800'01e1  0x10  Code  Gb  stm32f10x_rcc.o [4]
RCC_PCLK2Config          0x800'01f1  0x12  Code  Gb  stm32f10x_rcc.o [4]
RCC_PLLCmd               0x800'01af   0x8  Code  Gb  stm32f10x_rcc.o [4]
RCC_PLLConfig            0x800'019d  0x12  Code  Gb  stm32f10x_rcc.o [4]
RCC_SYSCLKConfig         0x800'01b7  0x10  Code  Gb  stm32f10x_rcc.o [4]
RCC_WaitForHSEStartUp    0x800'0165  0x38  Code  Gb  stm32f10x_rcc.o [4]
RTCAlarm_IRQHandler      0x800'0a29        Code  Wk  startup_stm32f10x_md.o [2]
RTC_IRQHandler           0x800'0991        Code  Wk  startup_stm32f10x_md.o [2]
Region$$Table$$Base      0x800'0900         --   Gb  - Linker created -
Region$$Table$$Limit     0x800'0910         --   Gb  - Linker created -
Reset_Handler            0x800'0975        Code  Wk  startup_stm32f10x_md.o [2]
SPI1_IRQHandler          0x800'0a11        Code  Wk  startup_stm32f10x_md.o [2]
SPI2_IRQHandler          0x800'0a15        Code  Wk  startup_stm32f10x_md.o [2]
SVC_Handler              0x800'08d1   0x2  Code  Gb  stm32f10x_it.o [5]
SetSysClock              0x800'0759  0x12  Code  Gb  mystm32f10x_rcc.o [3]
SetSysClock              0x800'0539   0x8  Code  Lc  system_stm32f10x.o [1]
SetSysClockTo24          0x800'0541  0xa6  Code  Lc  system_stm32f10x.o [1]
SetSysClockTo72          0x800'076b  0x6a  Code  Gb  mystm32f10x_rcc.o [3]
SysTick_Handler          0x800'08d7   0x2  Code  Gb  stm32f10x_it.o [5]
SystemInit               0x800'04f5  0x44  Code  Gb  system_stm32f10x.o [1]
TAMPER_IRQHandler        0x800'098d        Code  Wk  startup_stm32f10x_md.o [2]
TIM1_BRK_IRQHandler      0x800'09e5        Code  Wk  startup_stm32f10x_md.o [2]
TIM1_CC_IRQHandler       0x800'09f1        Code  Wk  startup_stm32f10x_md.o [2]
TIM1_TRG_COM_IRQHandler
                         0x800'09ed        Code  Wk  startup_stm32f10x_md.o [2]
TIM1_UP_IRQHandler       0x800'09e9        Code  Wk  startup_stm32f10x_md.o [2]
TIM2_IRQHandler          0x800'09f5        Code  Wk  startup_stm32f10x_md.o [2]
TIM3_IRQHandler          0x800'09f9        Code  Wk  startup_stm32f10x_md.o [2]
TIM4_IRQHandler          0x800'09fd        Code  Wk  startup_stm32f10x_md.o [2]
USART1_IRQHandler        0x800'0a19        Code  Wk  startup_stm32f10x_md.o [2]
USART2_IRQHandler        0x800'0a1d        Code  Wk  startup_stm32f10x_md.o [2]
USART3_IRQHandler        0x800'0a21        Code  Wk  startup_stm32f10x_md.o [2]
USBWakeUp_IRQHandler     0x800'0a2d        Code  Wk  startup_stm32f10x_md.o [2]
USB_HP_CAN1_TX_IRQHandler
                         0x800'09d1        Code  Wk  startup_stm32f10x_md.o [2]
USB_LP_CAN1_RX0_IRQHandler
                         0x800'09d5        Code  Wk  startup_stm32f10x_md.o [2]
UsageFault_Handler       0x800'08cf   0x2  Code  Gb  stm32f10x_it.o [5]
WWDG_IRQHandler          0x800'0985        Code  Wk  startup_stm32f10x_md.o [2]
__cmain                  0x800'0911        Code  Gb  cmain.o [7]
__exit                   0x800'0945  0x14  Code  Gb  exit.o [8]
__iar_data_init3         0x800'08d9  0x28  Code  Gb  data_init.o [7]
__iar_packbits_init_single3
                         0x800'088d  0x3a  Code  Gb  packbits_init_single.o [7]
__iar_program_start      0x800'0959        Code  Gb  cstartup_M.o [7]
__low_level_init         0x800'092f   0x4  Code  Gb  low_level_init.o [6]
__vector_table           0x800'0000        Data  Gb  startup_stm32f10x_md.o [2]
_call_main               0x800'091d        Code  Gb  cmain.o [7]
_exit                    0x800'0939        Code  Gb  cexit.o [7]
clk                     0x2000'0028   0x4  Data  Gb  main.o [5]
delay_init               0x800'0801  0x20  Code  Gb  delay.o [3]
delay_ms                 0x800'0821  0x2a  Code  Gb  delay.o [3]
exit                     0x800'0933   0x4  Code  Gb  exit.o [6]
fac_ms                  0x2000'0034   0x2  Data  Lc  delay.o [3]
fac_us                  0x2000'0036   0x1  Data  Lc  delay.o [3]
mArr                    0x2000'0030   0x4  Data  Gb  mystm32f10x_tim.o [3]
mPsc                    0x2000'002c   0x4  Data  Gb  mystm32f10x_tim.o [3]
main                     0x800'06b5  0x64  Code  Gb  main.o [5]
myTimer                 0x2000'0037   0x1  Data  Gb  main.o [5]


[1] = d:\MCU\STM32F10x\App\Project\GPIO\EWARMv9\Debug\Obj\CMSIS
[2] = d:\MCU\STM32F10x\App\Project\GPIO\EWARMv9\Debug\Obj\EWARMv9
[3] = d:\MCU\STM32F10x\App\Project\GPIO\EWARMv9\Debug\Obj\MyLibrary
[4] = d:\MCU\STM32F10x\App\Project\GPIO\EWARMv9\Debug\Obj\StdPeriph_Driver
[5] = d:\MCU\STM32F10x\App\Project\GPIO\EWARMv9\Debug\Obj\User
[6] = dl7M_tln.a
[7] = rt7M_tl.a
[8] = shb_l.a

  2'592 bytes of readonly  code memory
     37 bytes of readonly  data memory
  2'105 bytes of readwrite data memory

Errors: none
Warnings: 1
