###############################################################################
#
# IAR ELF Linker V9.30.1.335/W64 for ARM                  22/Mar/2024  07:22:40
# Copyright 2007-2022 IAR Systems AB.
#
#    Output file  =
#        D:\MCU\STM32F10x\App\Project\GPIO\EWARMv9\Debug\Exe\STM32F103C8T6.out
#    Map file     =
#        D:\MCU\STM32F10x\App\Project\GPIO\EWARMv9\Debug\List\STM32F103C8T6.map
#    Command line =
#        -f
#        D:\MCU\STM32F10x\App\Project\GPIO\EWARMv9\Debug\Exe\STM32F103C8T6.out.rsp
#        (D:\MCU\STM32F10x\App\Project\GPIO\EWARMv9\Debug\Obj\CMSIS\core_cm3.o
#        D:\MCU\STM32F10x\App\Project\GPIO\EWARMv9\Debug\Obj\User\main.o
#        D:\MCU\STM32F10x\App\Project\GPIO\EWARMv9\Debug\Obj\StdPeriph_Driver\misc.o
#        D:\MCU\STM32F10x\App\Project\GPIO\EWARMv9\Debug\Obj\MyLibrary\mystm32f10x_adc.o
#        D:\MCU\STM32F10x\App\Project\GPIO\EWARMv9\Debug\Obj\MyLibrary\mystm32f10x_delay.o
#        D:\MCU\STM32F10x\App\Project\GPIO\EWARMv9\Debug\Obj\MyLibrary\mystm32f10x_gpio.o
#        D:\MCU\STM32F10x\App\Project\GPIO\EWARMv9\Debug\Obj\MyLibrary\mystm32f10x_i2c.o
#        D:\MCU\STM32F10x\App\Project\GPIO\EWARMv9\Debug\Obj\MyLibrary\mystm32f10x_iwdg.o
#        D:\MCU\STM32F10x\App\Project\GPIO\EWARMv9\Debug\Obj\MyLibrary\mystm32f10x_rcc.o
#        D:\MCU\STM32F10x\App\Project\GPIO\EWARMv9\Debug\Obj\MyLibrary\mystm32f10x_rtc.o
#        D:\MCU\STM32F10x\App\Project\GPIO\EWARMv9\Debug\Obj\MyLibrary\mystm32f10x_spi.o
#        D:\MCU\STM32F10x\App\Project\GPIO\EWARMv9\Debug\Obj\MyLibrary\mystm32f10x_tim.o
#        D:\MCU\STM32F10x\App\Project\GPIO\EWARMv9\Debug\Obj\MyLibrary\mystm32f10x_usart.o
#        D:\MCU\STM32F10x\App\Project\GPIO\EWARMv9\Debug\Obj\EWARMv9\startup_stm32f10x_md.o
#        D:\MCU\STM32F10x\App\Project\GPIO\EWARMv9\Debug\Obj\StdPeriph_Driver\stm32f10x_adc.o
#        D:\MCU\STM32F10x\App\Project\GPIO\EWARMv9\Debug\Obj\StdPeriph_Driver\stm32f10x_bkp.o
#        D:\MCU\STM32F10x\App\Project\GPIO\EWARMv9\Debug\Obj\StdPeriph_Driver\stm32f10x_can.o
#        D:\MCU\STM32F10x\App\Project\GPIO\EWARMv9\Debug\Obj\StdPeriph_Driver\stm32f10x_cec.o
#        D:\MCU\STM32F10x\App\Project\GPIO\EWARMv9\Debug\Obj\StdPeriph_Driver\stm32f10x_crc.o
#        D:\MCU\STM32F10x\App\Project\GPIO\EWARMv9\Debug\Obj\StdPeriph_Driver\stm32f10x_dac.o
#        D:\MCU\STM32F10x\App\Project\GPIO\EWARMv9\Debug\Obj\StdPeriph_Driver\stm32f10x_dbgmcu.o
#        D:\MCU\STM32F10x\App\Project\GPIO\EWARMv9\Debug\Obj\StdPeriph_Driver\stm32f10x_dma.o
#        D:\MCU\STM32F10x\App\Project\GPIO\EWARMv9\Debug\Obj\StdPeriph_Driver\stm32f10x_exti.o
#        D:\MCU\STM32F10x\App\Project\GPIO\EWARMv9\Debug\Obj\StdPeriph_Driver\stm32f10x_flash.o
#        D:\MCU\STM32F10x\App\Project\GPIO\EWARMv9\Debug\Obj\StdPeriph_Driver\stm32f10x_fsmc.o
#        D:\MCU\STM32F10x\App\Project\GPIO\EWARMv9\Debug\Obj\StdPeriph_Driver\stm32f10x_gpio.o
#        D:\MCU\STM32F10x\App\Project\GPIO\EWARMv9\Debug\Obj\StdPeriph_Driver\stm32f10x_i2c.o
#        D:\MCU\STM32F10x\App\Project\GPIO\EWARMv9\Debug\Obj\User\stm32f10x_it.o
#        D:\MCU\STM32F10x\App\Project\GPIO\EWARMv9\Debug\Obj\StdPeriph_Driver\stm32f10x_iwdg.o
#        D:\MCU\STM32F10x\App\Project\GPIO\EWARMv9\Debug\Obj\StdPeriph_Driver\stm32f10x_pwr.o
#        D:\MCU\STM32F10x\App\Project\GPIO\EWARMv9\Debug\Obj\StdPeriph_Driver\stm32f10x_rcc.o
#        D:\MCU\STM32F10x\App\Project\GPIO\EWARMv9\Debug\Obj\StdPeriph_Driver\stm32f10x_rtc.o
#        D:\MCU\STM32F10x\App\Project\GPIO\EWARMv9\Debug\Obj\StdPeriph_Driver\stm32f10x_sdio.o
#        D:\MCU\STM32F10x\App\Project\GPIO\EWARMv9\Debug\Obj\StdPeriph_Driver\stm32f10x_spi.o
#        D:\MCU\STM32F10x\App\Project\GPIO\EWARMv9\Debug\Obj\StdPeriph_Driver\stm32f10x_tim.o
#        D:\MCU\STM32F10x\App\Project\GPIO\EWARMv9\Debug\Obj\StdPeriph_Driver\stm32f10x_usart.o
#        D:\MCU\STM32F10x\App\Project\GPIO\EWARMv9\Debug\Obj\StdPeriph_Driver\stm32f10x_wwdg.o
#        D:\MCU\STM32F10x\App\Project\GPIO\EWARMv9\Debug\Obj\CMSIS\system_stm32f10x.o
#        --no_out_extension -o
#        D:\MCU\STM32F10x\App\Project\GPIO\EWARMv9\Debug\Exe\STM32F103C8T6.out
#        --map
#        D:\MCU\STM32F10x\App\Project\GPIO\EWARMv9\Debug\List\STM32F103C8T6.map
#        --log call_graph --log_file
#        D:\MCU\STM32F10x\App\Project\GPIO\EWARMv9\Debug\List\STM32F103C8T6.log
#        --config "C:\Program Files\IAR Systems\Embedded Workbench
#        9.1\arm/config/linker/ST/stm32f103x8.icf" --semihosting --entry
#        __iar_program_start --redirect __iar_sh_stdout=__iar_sh_stdout_swo
#        --vfe --enable_stack_usage --text_out locale --cpu=Cortex-M3
#        --fpu=None)
#
###############################################################################

*******************************************************************************
*** MESSAGES
***

Warning[Ls015]: [stack usage analysis] at least one function appears to be
          uncalled. Example: "TIM1_UP_IRQHandler". A complete list of uncalled
          functions is in the map file.


*******************************************************************************
*** RUNTIME MODEL ATTRIBUTES
***

CppFlavor       = *
__CPP_Runtime   = 1
__SystemLibrary = DLib
__dlib_version  = 6


*******************************************************************************
*** HEAP SELECTION
***

The basic heap was selected because --advanced_heap
was not specified and the application did not appear to
be primarily optimized for speed.


*******************************************************************************
*** PLACEMENT SUMMARY
***

"A0":  place at address 0x800'0000 { ro section .intvec };
"P1":  place in [from 0x800'0000 to 0x800'ffff] { ro };
define block CSTACK with size = 2K, alignment = 8 { };
define block HEAP with size = 2K, alignment = 8 { };
"P2":  place in [from 0x2000'0000 to 0x2000'4fff] {
          rw, block CSTACK, block HEAP };
initialize by copy { rw };

  Section            Kind         Address   Size  Object
  -------            ----         -------   ----  ------
"A0":                                       0xec
  .intvec            ro code   0x800'0000   0xec  startup_stm32f10x_md.o [2]
                             - 0x800'00ec   0xec

"P1":                                      0xa89
  .text              ro code   0x800'00ec  0x1c8  mystm32f10x_tim.o [3]
  .text              ro code   0x800'02b4  0x100  stm32f10x_rcc.o [4]
  .text              ro code   0x800'03b4  0x110  stm32f10x_tim.o [4]
  .text              ro code   0x800'04c4   0x80  misc.o [4]
  .text              ro code   0x800'0544  0x1ac  stm32f10x_gpio.o [4]
  .text              ro code   0x800'06f0  0x118  system_stm32f10x.o [1]
  .text              ro code   0x800'0808   0xe4  main.o [5]
  .text              ro code   0x800'08ec   0x64  mystm32f10x_gpio.o [3]
  .text              ro code   0x800'0950   0x54  mystm32f10x_delay.o [3]
  .text              ro code   0x800'09a4   0x3a  packbits_init_single.o [7]
  .text              ro code   0x800'09de   0x12  stm32f10x_it.o [5]
  .text              ro code   0x800'09f0   0x28  data_init.o [7]
  .iar.init_table    const     0x800'0a18   0x10  - Linker created -
  .rodata            const     0x800'0a28   0x20  mystm32f10x_gpio.o [3]
  .text              ro code   0x800'0a48   0x1e  cmain.o [7]
  .text              ro code   0x800'0a66    0x4  low_level_init.o [6]
  .text              ro code   0x800'0a6a    0x4  exit.o [6]
  .text              ro code   0x800'0a70    0xa  cexit.o [7]
  .text              ro code   0x800'0a7c   0x14  exit.o [8]
  .text              ro code   0x800'0a90   0x1c  cstartup_M.o [7]
  .text              ro code   0x800'0aac   0x10  startup_stm32f10x_md.o [2]
  .text              ro code   0x800'0abc    0x4  startup_stm32f10x_md.o [2]
  .text              ro code   0x800'0ac0    0x4  startup_stm32f10x_md.o [2]
  .text              ro code   0x800'0ac4    0x4  startup_stm32f10x_md.o [2]
  .text              ro code   0x800'0ac8    0x4  startup_stm32f10x_md.o [2]
  .text              ro code   0x800'0acc    0x4  startup_stm32f10x_md.o [2]
  .text              ro code   0x800'0ad0    0x4  startup_stm32f10x_md.o [2]
  .text              ro code   0x800'0ad4    0x4  startup_stm32f10x_md.o [2]
  .text              ro code   0x800'0ad8    0x4  startup_stm32f10x_md.o [2]
  .text              ro code   0x800'0adc    0x4  startup_stm32f10x_md.o [2]
  .text              ro code   0x800'0ae0    0x4  startup_stm32f10x_md.o [2]
  .text              ro code   0x800'0ae4    0x4  startup_stm32f10x_md.o [2]
  .text              ro code   0x800'0ae8    0x4  startup_stm32f10x_md.o [2]
  .text              ro code   0x800'0aec    0x4  startup_stm32f10x_md.o [2]
  .text              ro code   0x800'0af0    0x4  startup_stm32f10x_md.o [2]
  .text              ro code   0x800'0af4    0x4  startup_stm32f10x_md.o [2]
  .text              ro code   0x800'0af8    0x4  startup_stm32f10x_md.o [2]
  .text              ro code   0x800'0afc    0x4  startup_stm32f10x_md.o [2]
  .text              ro code   0x800'0b00    0x4  startup_stm32f10x_md.o [2]
  .text              ro code   0x800'0b04    0x4  startup_stm32f10x_md.o [2]
  .text              ro code   0x800'0b08    0x4  startup_stm32f10x_md.o [2]
  .text              ro code   0x800'0b0c    0x4  startup_stm32f10x_md.o [2]
  .text              ro code   0x800'0b10    0x4  startup_stm32f10x_md.o [2]
  .text              ro code   0x800'0b14    0x4  startup_stm32f10x_md.o [2]
  .text              ro code   0x800'0b18    0x4  startup_stm32f10x_md.o [2]
  .text              ro code   0x800'0b1c    0x4  startup_stm32f10x_md.o [2]
  .text              ro code   0x800'0b20    0x4  startup_stm32f10x_md.o [2]
  .text              ro code   0x800'0b24    0x4  startup_stm32f10x_md.o [2]
  .text              ro code   0x800'0b28    0x4  startup_stm32f10x_md.o [2]
  .text              ro code   0x800'0b2c    0x4  startup_stm32f10x_md.o [2]
  .text              ro code   0x800'0b30    0x4  startup_stm32f10x_md.o [2]
  .text              ro code   0x800'0b34    0x4  startup_stm32f10x_md.o [2]
  .text              ro code   0x800'0b38    0x4  startup_stm32f10x_md.o [2]
  .text              ro code   0x800'0b3c    0x4  startup_stm32f10x_md.o [2]
  .text              ro code   0x800'0b40    0x4  startup_stm32f10x_md.o [2]
  .text              ro code   0x800'0b44    0x4  startup_stm32f10x_md.o [2]
  .text              ro code   0x800'0b48    0x4  startup_stm32f10x_md.o [2]
  .text              ro code   0x800'0b4c    0x4  startup_stm32f10x_md.o [2]
  .text              ro code   0x800'0b50    0x4  startup_stm32f10x_md.o [2]
  .text              ro code   0x800'0b54    0x4  startup_stm32f10x_md.o [2]
  .text              ro code   0x800'0b58    0x4  startup_stm32f10x_md.o [2]
  .text              ro code   0x800'0b5c    0x4  startup_stm32f10x_md.o [2]
  .rodata            const     0x800'0b60    0x0  packbits_init_single.o [7]
  Initializer bytes  const     0x800'0b60   0x15  <for P2-1>
                             - 0x800'0b75  0xa89

"P2", part 1 of 2:                          0x35
  P2-1                        0x2000'0000   0x35  <Init block>
    .data            inited   0x2000'0000   0x10  stm32f10x_rcc.o [4]
    .data            inited   0x2000'0010    0x4  stm32f10x_rcc.o [4]
    .bss             inited   0x2000'0014   0x14  main.o [5]
    .bss             inited   0x2000'0028    0x4  main.o [5]
    .bss             inited   0x2000'002c    0x4  mystm32f10x_tim.o [3]
    .bss             inited   0x2000'0030    0x4  mystm32f10x_tim.o [3]
    .bss             inited   0x2000'0034    0x1  mystm32f10x_tim.o [3]
                            - 0x2000'0035   0x35

"P2", part 2 of 2:                         0x800
  CSTACK                      0x2000'0038  0x800  <Block>
    CSTACK           uninit   0x2000'0038  0x800  <Block tail>
                            - 0x2000'0838  0x800

Unused ranges:

         From           To    Size
         ----           --    ----
   0x800'0b75   0x800'ffff  0xf48b
  0x2000'0035  0x2000'0037     0x3
  0x2000'0838  0x2000'4fff  0x47c8


*******************************************************************************
*** INIT TABLE
***

          Address      Size
          -------      ----
Copy/packbits (__iar_packbits_init_single3)
    1 source range, total size 0x15 (39% of destination):
           0x800'0b60  0x15
    1 destination range, total size 0x35:
          0x2000'0000  0x35


*******************************************************************************
*** STACK USAGE
***

  Call Graph Root Category  Max Use  Total Use
  ------------------------  -------  ---------
  Program entry                 72         72
  Uncalled function             24         72


Program entry
  "__iar_program_start": 0x800'0a91

  Maximum call chain                               72  bytes

    "__iar_program_start"                           0
    "__cmain"                                       0
    "main"                                         24
    "MyTimer_Init"                                 32
    "MyTimer_Conversion"                           16

Uncalled function
  "TIM1_UP_IRQHandler": 0x800'088f

  Maximum call chain                               24  bytes

    "TIM1_UP_IRQHandler"                            8
    "MyGPIO_Toggle"                                16
    "GPIO_ReadInputDataBit"                         0

Uncalled function
  "TIM2_IRQHandler": 0x800'08b9

  Maximum call chain                               24  bytes

    "TIM2_IRQHandler"                               8
    "MyGPIO_Toggle"                                16
    "GPIO_ReadInputDataBit"                         0

Uncalled function
  "BusFault_Handler": 0x800'09e5

  Maximum call chain                                0  bytes

    "BusFault_Handler"                              0

Uncalled function
  "DebugMon_Handler": 0x800'09eb

  Maximum call chain                                0  bytes

    "DebugMon_Handler"                              0

Uncalled function
  "HardFault_Handler": 0x800'09e1

  Maximum call chain                                0  bytes

    "HardFault_Handler"                             0

Uncalled function
  "MemManage_Handler": 0x800'09e3

  Maximum call chain                                0  bytes

    "MemManage_Handler"                             0

Uncalled function
  "NMI_Handler": 0x800'09df

  Maximum call chain                                0  bytes

    "NMI_Handler"                                   0

Uncalled function
  "PendSV_Handler": 0x800'09ed

  Maximum call chain                                0  bytes

    "PendSV_Handler"                                0

Uncalled function
  "SVC_Handler": 0x800'09e9

  Maximum call chain                                0  bytes

    "SVC_Handler"                                   0

Uncalled function
  "SysTick_Handler": 0x800'09ef

  Maximum call chain                                0  bytes

    "SysTick_Handler"                               0

Uncalled function
  "UsageFault_Handler": 0x800'09e7

  Maximum call chain                                0  bytes

    "UsageFault_Handler"                            0

Uncalled function
  "SystemInit": 0x800'06f1

  Maximum call chain                               24  bytes

    "SystemInit"                                    8
    "SetSysClock" in system_stm32f10x.o [1]         8
    "SetSysClockTo72" in system_stm32f10x.o [1]     8


*******************************************************************************
*** MODULE SUMMARY
***

    Module                  ro code  ro data  rw data
    ------                  -------  -------  -------
command line/config:
    -------------------------------------------------
    Total:

D:\MCU\STM32F10x\App\Project\GPIO\EWARMv9\Debug\Obj\CMSIS: [1]
    system_stm32f10x.o          280
    -------------------------------------------------
    Total:                      280

D:\MCU\STM32F10x\App\Project\GPIO\EWARMv9\Debug\Obj\EWARMv9: [2]
    startup_stm32f10x_md.o      416
    -------------------------------------------------
    Total:                      416

D:\MCU\STM32F10x\App\Project\GPIO\EWARMv9\Debug\Obj\MyLibrary: [3]
    mystm32f10x_delay.o          84
    mystm32f10x_gpio.o          100       32
    mystm32f10x_tim.o           456        4        9
    -------------------------------------------------
    Total:                      640       36        9

D:\MCU\STM32F10x\App\Project\GPIO\EWARMv9\Debug\Obj\StdPeriph_Driver: [4]
    misc.o                      128
    stm32f10x_gpio.o            428
    stm32f10x_rcc.o             256        7       20
    stm32f10x_tim.o             272
    -------------------------------------------------
    Total:                    1'084        7       20

D:\MCU\STM32F10x\App\Project\GPIO\EWARMv9\Debug\Obj\User: [5]
    main.o                      228       10       24
    stm32f10x_it.o               18
    -------------------------------------------------
    Total:                      246       10       24

dl7M_tln.a: [6]
    exit.o                        4
    low_level_init.o              4
    -------------------------------------------------
    Total:                        8

rt7M_tl.a: [7]
    cexit.o                      10
    cmain.o                      30
    cstartup_M.o                 28
    data_init.o                  40
    packbits_init_single.o       58
    -------------------------------------------------
    Total:                      166

shb_l.a: [8]
    exit.o                       20
    -------------------------------------------------
    Total:                       20

    Gaps                          4
    Linker created                        16    2'048
-----------------------------------------------------
    Grand Total:              2'864       69    2'101


*******************************************************************************
*** ENTRY LIST
***

Entry                       Address  Size  Type      Object
-----                       -------  ----  ----      ------
.iar.init_table$$Base    0x800'0a18         --   Gb  - Linker created -
.iar.init_table$$Limit   0x800'0a28         --   Gb  - Linker created -
?main                    0x800'0a49        Code  Gb  cmain.o [7]
ADC1_2_IRQHandler        0x800'0b05        Code  Wk  startup_stm32f10x_md.o [2]
ADCPrescTable           0x2000'0010   0x4  Data  Lc  stm32f10x_rcc.o [4]
APBAHBPrescTable        0x2000'0000  0x10  Data  Lc  stm32f10x_rcc.o [4]
BusFault_Handler         0x800'09e5   0x2  Code  Gb  stm32f10x_it.o [5]
CAN1_RX1_IRQHandler      0x800'0b11        Code  Wk  startup_stm32f10x_md.o [2]
CAN1_SCE_IRQHandler      0x800'0b15        Code  Wk  startup_stm32f10x_md.o [2]
CSTACK$$Base            0x2000'0038         --   Gb  - Linker created -
CSTACK$$Limit           0x2000'0838         --   Gb  - Linker created -
DMA1_Channel1_IRQHandler
                         0x800'0ae9        Code  Wk  startup_stm32f10x_md.o [2]
DMA1_Channel2_IRQHandler
                         0x800'0aed        Code  Wk  startup_stm32f10x_md.o [2]
DMA1_Channel3_IRQHandler
                         0x800'0af1        Code  Wk  startup_stm32f10x_md.o [2]
DMA1_Channel4_IRQHandler
                         0x800'0af5        Code  Wk  startup_stm32f10x_md.o [2]
DMA1_Channel5_IRQHandler
                         0x800'0af9        Code  Wk  startup_stm32f10x_md.o [2]
DMA1_Channel6_IRQHandler
                         0x800'0afd        Code  Wk  startup_stm32f10x_md.o [2]
DMA1_Channel7_IRQHandler
                         0x800'0b01        Code  Wk  startup_stm32f10x_md.o [2]
DWTDelay_Init            0x800'0951  0x46  Code  Gb  mystm32f10x_delay.o [3]
DebugMon_Handler         0x800'09eb   0x2  Code  Gb  stm32f10x_it.o [5]
EXTI0_IRQHandler         0x800'0ad5        Code  Wk  startup_stm32f10x_md.o [2]
EXTI15_10_IRQHandler     0x800'0b55        Code  Wk  startup_stm32f10x_md.o [2]
EXTI1_IRQHandler         0x800'0ad9        Code  Wk  startup_stm32f10x_md.o [2]
EXTI2_IRQHandler         0x800'0add        Code  Wk  startup_stm32f10x_md.o [2]
EXTI3_IRQHandler         0x800'0ae1        Code  Wk  startup_stm32f10x_md.o [2]
EXTI4_IRQHandler         0x800'0ae5        Code  Wk  startup_stm32f10x_md.o [2]
EXTI9_5_IRQHandler       0x800'0b19        Code  Wk  startup_stm32f10x_md.o [2]
ErrorMessage            0x2000'0034   0x1  Data  Gb  mystm32f10x_tim.o [3]
FLASH_IRQHandler         0x800'0acd        Code  Wk  startup_stm32f10x_md.o [2]
GPIO_Config              0x800'085f  0x30  Code  Gb  main.o [5]
GPIO_DeInit              0x800'0545  0xae  Code  Gb  stm32f10x_gpio.o [4]
GPIO_Init                0x800'05f3  0xc2  Code  Gb  stm32f10x_gpio.o [4]
GPIO_ReadInputDataBit    0x800'06b5  0x14  Code  Gb  stm32f10x_gpio.o [4]
GPIO_ResetBits           0x800'06cf   0x6  Code  Gb  stm32f10x_gpio.o [4]
GPIO_SetBits             0x800'06c9   0x6  Code  Gb  stm32f10x_gpio.o [4]
HardFault_Handler        0x800'09e1   0x2  Code  Gb  stm32f10x_it.o [5]
I2C1_ER_IRQHandler       0x800'0b35        Code  Wk  startup_stm32f10x_md.o [2]
I2C1_EV_IRQHandler       0x800'0b31        Code  Wk  startup_stm32f10x_md.o [2]
I2C2_ER_IRQHandler       0x800'0b3d        Code  Wk  startup_stm32f10x_md.o [2]
I2C2_EV_IRQHandler       0x800'0b39        Code  Wk  startup_stm32f10x_md.o [2]
MemManage_Handler        0x800'09e3   0x2  Code  Gb  stm32f10x_it.o [5]
MyGPIO_Init              0x800'08ed  0x28  Code  Gb  mystm32f10x_gpio.o [3]
MyGPIO_Toggle            0x800'0915  0x36  Code  Gb  mystm32f10x_gpio.o [3]
MyTimer_Conversion       0x800'01dd  0x9c  Code  Gb  mystm32f10x_tim.o [3]
MyTimer_Init             0x800'00ed  0xf0  Code  Gb  mystm32f10x_tim.o [3]
MyTimer_OnOrOffIrq       0x800'029d  0x18  Code  Gb  mystm32f10x_tim.o [3]
NMI_Handler              0x800'09df   0x2  Code  Gb  stm32f10x_it.o [5]
NVIC_Init                0x800'04cf  0x60  Code  Gb  misc.o [4]
NVIC_PriorityGroupConfig
                         0x800'04c5   0xa  Code  Gb  misc.o [4]
PVD_IRQHandler           0x800'0ac1        Code  Wk  startup_stm32f10x_md.o [2]
PendSV_Handler           0x800'09ed   0x2  Code  Gb  stm32f10x_it.o [5]
RCC_APB2PeriphClockCmd   0x800'0361  0x1c  Code  Gb  stm32f10x_rcc.o [4]
RCC_APB2PeriphResetCmd   0x800'037d  0x1c  Code  Gb  stm32f10x_rcc.o [4]
RCC_ClockFreq           0x2000'0014  0x14  Data  Gb  main.o [5]
RCC_GetClocksFreq        0x800'02b5  0xac  Code  Gb  stm32f10x_rcc.o [4]
RCC_IRQHandler           0x800'0ad1        Code  Wk  startup_stm32f10x_md.o [2]
RTCAlarm_IRQHandler      0x800'0b59        Code  Wk  startup_stm32f10x_md.o [2]
RTC_IRQHandler           0x800'0ac9        Code  Wk  startup_stm32f10x_md.o [2]
Region$$Table$$Base      0x800'0a18         --   Gb  - Linker created -
Region$$Table$$Limit     0x800'0a28         --   Gb  - Linker created -
Reset_Handler            0x800'0aad        Code  Wk  startup_stm32f10x_md.o [2]
SPI1_IRQHandler          0x800'0b41        Code  Wk  startup_stm32f10x_md.o [2]
SPI2_IRQHandler          0x800'0b45        Code  Wk  startup_stm32f10x_md.o [2]
SVC_Handler              0x800'09e9   0x2  Code  Gb  stm32f10x_it.o [5]
SetSysClock              0x800'0735   0x8  Code  Lc  system_stm32f10x.o [1]
SetSysClockTo72          0x800'073d  0xae  Code  Lc  system_stm32f10x.o [1]
SysTick_Handler          0x800'09ef   0x2  Code  Gb  stm32f10x_it.o [5]
SystemInit               0x800'06f1  0x44  Code  Gb  system_stm32f10x.o [1]
TAMPER_IRQHandler        0x800'0ac5        Code  Wk  startup_stm32f10x_md.o [2]
TIM1_BRK_IRQHandler      0x800'0b1d        Code  Wk  startup_stm32f10x_md.o [2]
TIM1_CC_IRQHandler       0x800'0b25        Code  Wk  startup_stm32f10x_md.o [2]
TIM1_TRG_COM_IRQHandler
                         0x800'0b21        Code  Wk  startup_stm32f10x_md.o [2]
TIM1_UP_IRQHandler       0x800'088f  0x2a  Code  Gb  main.o [5]
TIM2_IRQHandler          0x800'08b9  0x24  Code  Gb  main.o [5]
TIM3_IRQHandler          0x800'0b29        Code  Wk  startup_stm32f10x_md.o [2]
TIM4_IRQHandler          0x800'0b2d        Code  Wk  startup_stm32f10x_md.o [2]
TIM_ClearFlag            0x800'048d   0x8  Code  Gb  stm32f10x_tim.o [4]
TIM_ClearITPendingBit    0x800'0495   0x8  Code  Gb  stm32f10x_tim.o [4]
TIM_Cmd                  0x800'0447  0x1c  Code  Gb  stm32f10x_tim.o [4]
TIM_GetFlagStatus        0x800'047b  0x12  Code  Gb  stm32f10x_tim.o [4]
TIM_ITConfig             0x800'0463  0x18  Code  Gb  stm32f10x_tim.o [4]
TIM_TimeBaseInit         0x800'03b5  0x92  Code  Gb  stm32f10x_tim.o [4]
USART1_IRQHandler        0x800'0b49        Code  Wk  startup_stm32f10x_md.o [2]
USART2_IRQHandler        0x800'0b4d        Code  Wk  startup_stm32f10x_md.o [2]
USART3_IRQHandler        0x800'0b51        Code  Wk  startup_stm32f10x_md.o [2]
USBWakeUp_IRQHandler     0x800'0b5d        Code  Wk  startup_stm32f10x_md.o [2]
USB_HP_CAN1_TX_IRQHandler
                         0x800'0b09        Code  Wk  startup_stm32f10x_md.o [2]
USB_LP_CAN1_RX0_IRQHandler
                         0x800'0b0d        Code  Wk  startup_stm32f10x_md.o [2]
UsageFault_Handler       0x800'09e7   0x2  Code  Gb  stm32f10x_it.o [5]
WWDG_IRQHandler          0x800'0abd        Code  Wk  startup_stm32f10x_md.o [2]
__cmain                  0x800'0a49        Code  Gb  cmain.o [7]
__exit                   0x800'0a7d  0x14  Code  Gb  exit.o [8]
__iar_data_init3         0x800'09f1  0x28  Code  Gb  data_init.o [7]
__iar_packbits_init_single3
                         0x800'09a5  0x3a  Code  Gb  packbits_init_single.o [7]
__iar_program_start      0x800'0a91        Code  Gb  cstartup_M.o [7]
__low_level_init         0x800'0a67   0x4  Code  Gb  low_level_init.o [6]
__vector_table           0x800'0000        Data  Gb  startup_stm32f10x_md.o [2]
_call_main               0x800'0a55        Code  Gb  cmain.o [7]
_exit                    0x800'0a71        Code  Gb  cexit.o [7]
clk                     0x2000'0028   0x4  Data  Gb  main.o [5]
exit                     0x800'0a6b   0x4  Code  Gb  exit.o [6]
mArr                    0x2000'0030   0x4  Data  Gb  mystm32f10x_tim.o [3]
mPin                     0x800'0a28  0x20  Data  Gb  mystm32f10x_gpio.o [3]
mPsc                    0x2000'002c   0x4  Data  Gb  mystm32f10x_tim.o [3]
main                     0x800'0809  0x56  Code  Gb  main.o [5]


[1] = D:\MCU\STM32F10x\App\Project\GPIO\EWARMv9\Debug\Obj\CMSIS
[2] = D:\MCU\STM32F10x\App\Project\GPIO\EWARMv9\Debug\Obj\EWARMv9
[3] = D:\MCU\STM32F10x\App\Project\GPIO\EWARMv9\Debug\Obj\MyLibrary
[4] = D:\MCU\STM32F10x\App\Project\GPIO\EWARMv9\Debug\Obj\StdPeriph_Driver
[5] = D:\MCU\STM32F10x\App\Project\GPIO\EWARMv9\Debug\Obj\User
[6] = dl7M_tln.a
[7] = rt7M_tl.a
[8] = shb_l.a

  2'864 bytes of readonly  code memory
     69 bytes of readonly  data memory
  2'101 bytes of readwrite data memory

Errors: none
Warnings: 1
