###############################################################################
#
# IAR ELF Linker V8.40.1.212/W32 for ARM                  18/Feb/2024  10:47:37
# Copyright 2007-2019 IAR Systems AB.
#
#    Output file  =
#        D:\MCU\STM32F10x\App\Project\HolaRGB\EWARM\Debug\Exe\STM32F103C8T6.out
#    Map file     =
#        D:\MCU\STM32F10x\App\Project\HolaRGB\EWARM\Debug\List\STM32F103C8T6.map
#    Command line =
#        -f C:\Users\ADMIN\AppData\Local\Temp\EWD46.tmp
#        (D:\MCU\STM32F10x\App\Project\HolaRGB\EWARM\Debug\Obj\core_cm3.o
#        D:\MCU\STM32F10x\App\Project\HolaRGB\EWARM\Debug\Obj\main.o
#        D:\MCU\STM32F10x\App\Project\HolaRGB\EWARM\Debug\Obj\matrixrgb.o
#        D:\MCU\STM32F10x\App\Project\HolaRGB\EWARM\Debug\Obj\misc.o
#        D:\MCU\STM32F10x\App\Project\HolaRGB\EWARM\Debug\Obj\mystm32f10x.o
#        D:\MCU\STM32F10x\App\Project\HolaRGB\EWARM\Debug\Obj\startup_stm32f10x_md.o
#        D:\MCU\STM32F10x\App\Project\HolaRGB\EWARM\Debug\Obj\stm32f10x_adc.o
#        D:\MCU\STM32F10x\App\Project\HolaRGB\EWARM\Debug\Obj\stm32f10x_bkp.o
#        D:\MCU\STM32F10x\App\Project\HolaRGB\EWARM\Debug\Obj\stm32f10x_can.o
#        D:\MCU\STM32F10x\App\Project\HolaRGB\EWARM\Debug\Obj\stm32f10x_cec.o
#        D:\MCU\STM32F10x\App\Project\HolaRGB\EWARM\Debug\Obj\stm32f10x_crc.o
#        D:\MCU\STM32F10x\App\Project\HolaRGB\EWARM\Debug\Obj\stm32f10x_dac.o
#        D:\MCU\STM32F10x\App\Project\HolaRGB\EWARM\Debug\Obj\stm32f10x_dbgmcu.o
#        D:\MCU\STM32F10x\App\Project\HolaRGB\EWARM\Debug\Obj\stm32f10x_dma.o
#        D:\MCU\STM32F10x\App\Project\HolaRGB\EWARM\Debug\Obj\stm32f10x_exti.o
#        D:\MCU\STM32F10x\App\Project\HolaRGB\EWARM\Debug\Obj\stm32f10x_flash.o
#        D:\MCU\STM32F10x\App\Project\HolaRGB\EWARM\Debug\Obj\stm32f10x_fsmc.o
#        D:\MCU\STM32F10x\App\Project\HolaRGB\EWARM\Debug\Obj\stm32f10x_gpio.o
#        D:\MCU\STM32F10x\App\Project\HolaRGB\EWARM\Debug\Obj\stm32f10x_i2c.o
#        D:\MCU\STM32F10x\App\Project\HolaRGB\EWARM\Debug\Obj\stm32f10x_it.o
#        D:\MCU\STM32F10x\App\Project\HolaRGB\EWARM\Debug\Obj\stm32f10x_iwdg.o
#        D:\MCU\STM32F10x\App\Project\HolaRGB\EWARM\Debug\Obj\stm32f10x_pwr.o
#        D:\MCU\STM32F10x\App\Project\HolaRGB\EWARM\Debug\Obj\stm32f10x_rcc.o
#        D:\MCU\STM32F10x\App\Project\HolaRGB\EWARM\Debug\Obj\stm32f10x_rtc.o
#        D:\MCU\STM32F10x\App\Project\HolaRGB\EWARM\Debug\Obj\stm32f10x_sdio.o
#        D:\MCU\STM32F10x\App\Project\HolaRGB\EWARM\Debug\Obj\stm32f10x_spi.o
#        D:\MCU\STM32F10x\App\Project\HolaRGB\EWARM\Debug\Obj\stm32f10x_tim.o
#        D:\MCU\STM32F10x\App\Project\HolaRGB\EWARM\Debug\Obj\stm32f10x_usart.o
#        D:\MCU\STM32F10x\App\Project\HolaRGB\EWARM\Debug\Obj\stm32f10x_wwdg.o
#        D:\MCU\STM32F10x\App\Project\HolaRGB\EWARM\Debug\Obj\system_stm32f10x.o
#        --no_out_extension -o
#        D:\MCU\STM32F10x\App\Project\HolaRGB\EWARM\Debug\Exe\STM32F103C8T6.out
#        --map
#        D:\MCU\STM32F10x\App\Project\HolaRGB\EWARM\Debug\List\STM32F103C8T6.map
#        --config "C:\Program Files (x86)\IAR Systems\Embedded Workbench
#        8.3\arm\config\linker\ST\stm32f103x8.icf" --semihosting --entry
#        __iar_program_start --redirect __iar_sh_stdout=__iar_sh_stdout_swo
#        --vfe --text_out locale)
#
###############################################################################

*******************************************************************************
*** RUNTIME MODEL ATTRIBUTES
***

CppFlavor       = *
__SystemLibrary = DLib
__dlib_version  = 6


*******************************************************************************
*** HEAP SELECTION
***

The basic heap was selected because no calls to memory allocation
functions were found in the application outside of system library
functions, and there are calls to deallocation functions in the
application.


*******************************************************************************
*** PLACEMENT SUMMARY
***

"A0":  place at address 0x800'0000 { ro section .intvec };
"P1":  place in [from 0x800'0000 to 0x800'ffff] { ro };
define block CSTACK with size = 2K, alignment = 8 { };
define block HEAP with size = 2K, alignment = 8 { };
"P2":  place in [from 0x2000'0000 to 0x2000'4fff] {
          rw, block CSTACK, block HEAP };
initialize by copy { rw };

  Section            Kind         Address    Size  Object
  -------            ----         -------    ----  ------
"A0":                                        0xec
  .intvec            ro code   0x800'0000    0xec  startup_stm32f10x_md.o [1]
                             - 0x800'00ec    0xec

"P1":                                      0x6fa4
  .text              ro code   0x800'00ec  0x5eb4  matrixrgb.o [1]
  .text              ro code   0x800'5fa0   0x228  stm32f10x_gpio.o [1]
  .text              ro code   0x800'61c8   0x290  stm32f10x_rcc.o [1]
  .text              ro code   0x800'6458    0x86  ABImemcpy.o [3]
  .text              ro code   0x800'64de    0x3a  zero_init3.o [3]
  .text              ro code   0x800'6518    0xa4  rand.o [2]
  .text              ro code   0x800'65bc   0x13a  mystm32f10x.o [1]
  .text              ro code   0x800'66f6    0x2e  copy_init3.o [3]
  .text              ro code   0x800'6724    0x2c  stm32f10x_flash.o [1]
  .text              ro code   0x800'6750   0x108  stm32f10x_tim.o [1]
  .text              ro code   0x800'6858    0x70  misc.o [1]
  .text              ro code   0x800'68c8   0x118  system_stm32f10x.o [1]
  .text              ro code   0x800'69e0    0xe4  main.o [1]
  .rodata            const     0x800'6ac4    0xa0  matrixrgb.o [1]
  .rodata            const     0x800'6b64    0x80  matrixrgb.o [1]
  .rodata            const     0x800'6be4    0x80  matrixrgb.o [1]
  .rodata            const     0x800'6c64    0x50  matrixrgb.o [1]
  .rodata            const     0x800'6cb4    0x48  matrixrgb.o [1]
  .rodata            const     0x800'6cfc    0x40  matrixrgb.o [1]
  .rodata            const     0x800'6d3c    0x40  matrixrgb.o [1]
  .rodata            const     0x800'6d7c    0x40  matrixrgb.o [1]
  .rodata            const     0x800'6dbc    0x3c  matrixrgb.o [1]
  .rodata            const     0x800'6df8    0x30  matrixrgb.o [1]
  Initializer bytes  const     0x800'6e28    0x2c  <for P2-1>
  .rodata            const     0x800'6e54    0x28  matrixrgb.o [1]
  .rodata            const     0x800'6e7c    0x28  matrixrgb.o [1]
  .text              ro code   0x800'6ea4    0x28  data_init.o [3]
  .iar.init_table    const     0x800'6ecc    0x24  - Linker created -
  .rodata            const     0x800'6ef0    0x20  matrixrgb.o [1]
  .text              ro code   0x800'6f10    0x1e  cmain.o [3]
  .text              ro code   0x800'6f2e     0x4  low_level_init.o [2]
  .text              ro code   0x800'6f32     0x4  exit.o [2]
  .text              ro code   0x800'6f36    0x12  stm32f10x_it.o [1]
  .text              ro code   0x800'6f48     0xa  cexit.o [3]
  .text              ro code   0x800'6f54    0x14  exit.o [4]
  .rodata            const     0x800'6f68    0x18  matrixrgb.o [1]
  .rodata            const     0x800'6f80    0x10  matrixrgb.o [1]
  .rodata            const     0x800'6f90    0x10  matrixrgb.o [1]
  .rodata            const     0x800'6fa0    0x10  matrixrgb.o [1]
  .rodata            const     0x800'6fb0    0x10  matrixrgb.o [1]
  .text              ro code   0x800'6fc0    0x10  startup_stm32f10x_md.o [1]
  .rodata            const     0x800'6fd0     0xc  matrixrgb.o [1]
  .text              ro code   0x800'6fdc     0xc  cstartup_M.o [3]
  .text              ro code   0x800'6fe8     0x4  startup_stm32f10x_md.o [1]
  .text              ro code   0x800'6fec     0x4  startup_stm32f10x_md.o [1]
  .text              ro code   0x800'6ff0     0x4  startup_stm32f10x_md.o [1]
  .text              ro code   0x800'6ff4     0x4  startup_stm32f10x_md.o [1]
  .text              ro code   0x800'6ff8     0x4  startup_stm32f10x_md.o [1]
  .text              ro code   0x800'6ffc     0x4  startup_stm32f10x_md.o [1]
  .text              ro code   0x800'7000     0x4  startup_stm32f10x_md.o [1]
  .text              ro code   0x800'7004     0x4  startup_stm32f10x_md.o [1]
  .text              ro code   0x800'7008     0x4  startup_stm32f10x_md.o [1]
  .text              ro code   0x800'700c     0x4  startup_stm32f10x_md.o [1]
  .text              ro code   0x800'7010     0x4  startup_stm32f10x_md.o [1]
  .text              ro code   0x800'7014     0x4  startup_stm32f10x_md.o [1]
  .text              ro code   0x800'7018     0x4  startup_stm32f10x_md.o [1]
  .text              ro code   0x800'701c     0x4  startup_stm32f10x_md.o [1]
  .text              ro code   0x800'7020     0x4  startup_stm32f10x_md.o [1]
  .text              ro code   0x800'7024     0x4  startup_stm32f10x_md.o [1]
  .text              ro code   0x800'7028     0x4  startup_stm32f10x_md.o [1]
  .text              ro code   0x800'702c     0x4  startup_stm32f10x_md.o [1]
  .text              ro code   0x800'7030     0x4  startup_stm32f10x_md.o [1]
  .text              ro code   0x800'7034     0x4  startup_stm32f10x_md.o [1]
  .text              ro code   0x800'7038     0x4  startup_stm32f10x_md.o [1]
  .text              ro code   0x800'703c     0x4  startup_stm32f10x_md.o [1]
  .text              ro code   0x800'7040     0x4  startup_stm32f10x_md.o [1]
  .text              ro code   0x800'7044     0x4  startup_stm32f10x_md.o [1]
  .text              ro code   0x800'7048     0x4  startup_stm32f10x_md.o [1]
  .text              ro code   0x800'704c     0x4  startup_stm32f10x_md.o [1]
  .text              ro code   0x800'7050     0x4  startup_stm32f10x_md.o [1]
  .text              ro code   0x800'7054     0x4  startup_stm32f10x_md.o [1]
  .text              ro code   0x800'7058     0x4  startup_stm32f10x_md.o [1]
  .text              ro code   0x800'705c     0x4  startup_stm32f10x_md.o [1]
  .text              ro code   0x800'7060     0x4  startup_stm32f10x_md.o [1]
  .text              ro code   0x800'7064     0x4  startup_stm32f10x_md.o [1]
  .text              ro code   0x800'7068     0x4  startup_stm32f10x_md.o [1]
  .text              ro code   0x800'706c     0x4  startup_stm32f10x_md.o [1]
  .text              ro code   0x800'7070     0x4  startup_stm32f10x_md.o [1]
  .text              ro code   0x800'7074     0x4  startup_stm32f10x_md.o [1]
  .text              ro code   0x800'7078     0x4  startup_stm32f10x_md.o [1]
  .text              ro code   0x800'707c     0x4  startup_stm32f10x_md.o [1]
  .text              ro code   0x800'7080     0x4  startup_stm32f10x_md.o [1]
  .text              ro code   0x800'7084     0x4  startup_stm32f10x_md.o [1]
  .text              ro code   0x800'7088     0x4  startup_stm32f10x_md.o [1]
  .text              ro code   0x800'708c     0x4  startup_stm32f10x_md.o [1]
  .rodata            const     0x800'7090     0x0  zero_init3.o [3]
  .rodata            const     0x800'7090     0x0  copy_init3.o [3]
                             - 0x800'7090  0x6fa4

"P2", part 1 of 3:                           0x2c
  P2-1                        0x2000'0000    0x2c  <Init block>
    .data            inited   0x2000'0000     0x8  matrixrgb.o [1]
    .data            inited   0x2000'0008     0x8  matrixrgb.o [1]
    .data            inited   0x2000'0010    0x10  stm32f10x_rcc.o [1]
    .data            inited   0x2000'0020     0x4  stm32f10x_rcc.o [1]
    .data            inited   0x2000'0024     0x8  rand.o [2]
                            - 0x2000'002c    0x2c

"P2", part 2 of 3:                          0x450
  .bss               zero     0x2000'002c   0x2e0  matrixrgb.o [1]
  .bss               zero     0x2000'030c    0x84  rand.o [2]
  .bss               zero     0x2000'0390    0x3c  matrixrgb.o [1]
  .bss               zero     0x2000'03cc    0x3c  matrixrgb.o [1]
  .bss               zero     0x2000'0408    0x30  matrixrgb.o [1]
  .bss               zero     0x2000'0438    0x14  main.o [1]
  .bss               zero     0x2000'044c     0x2  mystm32f10x.o [1]
  .bss               zero     0x2000'044e     0x1  matrixrgb.o [1]
  .bss               zero     0x2000'044f     0x1  matrixrgb.o [1]
  .bss               zero     0x2000'0450     0x1  matrixrgb.o [1]
  .bss               zero     0x2000'0451     0x1  matrixrgb.o [1]
  .bss               zero     0x2000'0452     0x1  matrixrgb.o [1]
  .bss               zero     0x2000'0453     0x1  matrixrgb.o [1]
  .bss               zero     0x2000'0454     0x1  matrixrgb.o [1]
  .bss               zero     0x2000'0455     0x1  matrixrgb.o [1]
  .bss               zero     0x2000'0456     0x1  matrixrgb.o [1]
  .bss               zero     0x2000'0457     0x1  matrixrgb.o [1]
  .bss               zero     0x2000'0458     0x1  matrixrgb.o [1]
  .bss               zero     0x2000'0459     0x1  matrixrgb.o [1]
  .bss               zero     0x2000'045a     0x1  matrixrgb.o [1]
  .bss               zero     0x2000'045b     0x1  matrixrgb.o [1]
  .bss               zero     0x2000'045c     0x1  matrixrgb.o [1]
  .bss               zero     0x2000'045d     0x1  matrixrgb.o [1]
  .bss               zero     0x2000'045e     0x1  matrixrgb.o [1]
  .bss               zero     0x2000'045f     0x1  matrixrgb.o [1]
  .bss               zero     0x2000'0460     0x1  matrixrgb.o [1]
  .bss               zero     0x2000'0461     0x1  matrixrgb.o [1]
  .bss               zero     0x2000'0462     0x1  matrixrgb.o [1]
  .bss               zero     0x2000'0463     0x1  matrixrgb.o [1]
  .bss               zero     0x2000'0464     0x1  matrixrgb.o [1]
  .bss               zero     0x2000'0465     0x1  matrixrgb.o [1]
  .bss               zero     0x2000'0466     0x1  matrixrgb.o [1]
  .bss               zero     0x2000'0467     0x1  matrixrgb.o [1]
  .bss               zero     0x2000'0468     0x1  matrixrgb.o [1]
  .bss               zero     0x2000'0469     0x1  matrixrgb.o [1]
  .bss               zero     0x2000'046a     0x1  matrixrgb.o [1]
  .bss               zero     0x2000'046b     0x1  matrixrgb.o [1]
  .bss               zero     0x2000'046c     0x1  matrixrgb.o [1]
  .bss               zero     0x2000'046d     0x1  matrixrgb.o [1]
  .bss               zero     0x2000'046e     0x1  matrixrgb.o [1]
  .bss               zero     0x2000'046f     0x1  matrixrgb.o [1]
  .bss               zero     0x2000'0470     0x1  matrixrgb.o [1]
  .bss               zero     0x2000'0471     0x1  matrixrgb.o [1]
  .bss               zero     0x2000'0472     0x1  matrixrgb.o [1]
  .bss               zero     0x2000'0473     0x1  matrixrgb.o [1]
  .bss               zero     0x2000'0474     0x1  matrixrgb.o [1]
  .bss               zero     0x2000'0475     0x1  matrixrgb.o [1]
  .bss               zero     0x2000'0476     0x1  matrixrgb.o [1]
  .bss               zero     0x2000'0477     0x1  matrixrgb.o [1]
  .bss               zero     0x2000'0478     0x1  matrixrgb.o [1]
  .bss               zero     0x2000'0479     0x1  matrixrgb.o [1]
  .bss               zero     0x2000'047a     0x1  mystm32f10x.o [1]
  .bss               zero     0x2000'047b     0x1  mystm32f10x.o [1]
                            - 0x2000'047c   0x450

"P2", part 3 of 3:                          0x800
  CSTACK                      0x2000'0480   0x800  <Block>
    CSTACK           uninit   0x2000'0480   0x800  <Block tail>
                            - 0x2000'0c80   0x800

Unused ranges:

         From           To    Size
         ----           --    ----
   0x800'7090   0x800'ffff  0x8f70
  0x2000'047c  0x2000'047f     0x4
  0x2000'0c80  0x2000'4fff  0x4380


*******************************************************************************
*** INIT TABLE
***

          Address      Size
          -------      ----
Zero (__iar_zero_init3)
    1 destination range, total size 0x450:
          0x2000'002c  0x450

Copy (__iar_copy_init3)
    1 source range, total size 0x2c:
           0x800'6e28   0x2c
    1 destination range, total size 0x2c:
          0x2000'0000   0x2c



*******************************************************************************
*** MODULE SUMMARY
***

    Module                  ro code  ro data  rw data
    ------                  -------  -------  -------
command line/config:
    -------------------------------------------------
    Total:

D:\MCU\STM32F10x\App\Project\HolaRGB\EWARM\Debug\Obj: [1]
    main.o                      228                20
    matrixrgb.o              24'244    1'096      964
    misc.o                      112
    mystm32f10x.o               314                 4
    startup_stm32f10x_md.o      420
    stm32f10x_flash.o            44
    stm32f10x_gpio.o            552
    stm32f10x_it.o               18
    stm32f10x_rcc.o             656       20       20
    stm32f10x_tim.o             264
    system_stm32f10x.o          280
    -------------------------------------------------
    Total:                   27'132    1'116    1'008

dl7M_tln.a: [2]
    exit.o                        4
    low_level_init.o              4
    rand.o                      164        8      140
    -------------------------------------------------
    Total:                      172        8      140

rt7M_tl.a: [3]
    ABImemcpy.o                 134
    cexit.o                      10
    cmain.o                      30
    copy_init3.o                 46
    cstartup_M.o                 12
    data_init.o                  40
    zero_init3.o                 58
    -------------------------------------------------
    Total:                      330

shb_l.a: [4]
    exit.o                       20
    -------------------------------------------------
    Total:                       20

    Gaps                          2
    Linker created                        36    2'048
-----------------------------------------------------
    Grand Total:             27'656    1'160    3'196


*******************************************************************************
*** ENTRY LIST
***

Entry                       Address   Size  Type      Object
-----                       -------   ----  ----      ------
.iar.init_table$$Base    0x800'6ecc          --   Gb  - Linker created -
.iar.init_table$$Limit   0x800'6ef0          --   Gb  - Linker created -
?main                    0x800'6f11         Code  Gb  cmain.o [3]
ADCPrescTable           0x2000'0020    0x4  Data  Lc  stm32f10x_rcc.o [1]
APBAHBPrescTable        0x2000'0010   0x10  Data  Lc  stm32f10x_rcc.o [1]
BusFault_Handler         0x800'6f3d    0x2  Code  Gb  stm32f10x_it.o [1]
CSTACK$$Base            0x2000'0480          --   Gb  - Linker created -
CSTACK$$Limit           0x2000'0c80          --   Gb  - Linker created -
Check                    0x800'5d51   0x86  Code  Gb  matrixrgb.o [1]
DebugMon_Handler         0x800'6f43    0x2  Code  Gb  stm32f10x_it.o [1]
Delay                    0x800'6671   0x1a  Code  Gb  mystm32f10x.o [1]
FLASH_PrefetchBufferCmd
                         0x800'6737   0x14  Code  Gb  stm32f10x_flash.o [1]
FLASH_SetLatency         0x800'6725   0x12  Code  Gb  stm32f10x_flash.o [1]
GPIO_DeInit              0x800'5fa1   0xae  Code  Gb  stm32f10x_gpio.o [1]
GPIO_Init                0x800'604f   0xc0  Code  Gb  stm32f10x_gpio.o [1]
GPIO_PinRemapConfig      0x800'611b   0x88  Code  Gb  stm32f10x_gpio.o [1]
GPIO_ResetBits           0x800'6115    0x6  Code  Gb  stm32f10x_gpio.o [1]
GPIO_SetBits             0x800'610f    0x6  Code  Gb  stm32f10x_gpio.o [1]
HSEStartUpStatus        0x2000'047b    0x1  Data  Gb  mystm32f10x.o [1]
HardFault_Handler        0x800'6f39    0x2  Code  Gb  stm32f10x_it.o [1]
HieuUng1                 0x800'5ef5   0x90  Code  Gb  matrixrgb.o [1]
HieuUng10                0x800'4d95  0x242  Code  Gb  matrixrgb.o [1]
HieuUng11                0x800'4c8d  0x108  Code  Gb  matrixrgb.o [1]
HieuUng12                0x800'4ab1  0x1dc  Code  Gb  matrixrgb.o [1]
HieuUng13                0x800'4961  0x14a  Code  Gb  matrixrgb.o [1]
HieuUng14                0x800'4793  0x1c8  Code  Gb  matrixrgb.o [1]
HieuUng15                0x800'46a3   0xf0  Code  Gb  matrixrgb.o [1]
HieuUng16                0x800'4559  0x14a  Code  Gb  matrixrgb.o [1]
HieuUng18                0x800'40e9  0x46c  Code  Gb  matrixrgb.o [1]
HieuUng19                0x800'3f71  0x162  Code  Gb  matrixrgb.o [1]
HieuUng2                 0x800'5dd7  0x11e  Code  Gb  matrixrgb.o [1]
HieuUng20                0x800'3df9  0x16a  Code  Gb  matrixrgb.o [1]
HieuUng22                0x800'3d29   0xa4  Code  Gb  matrixrgb.o [1]
HieuUng23                0x800'3a25  0x2f2  Code  Gb  matrixrgb.o [1]
HieuUng24                0x800'3809  0x1f2  Code  Gb  matrixrgb.o [1]
HieuUng25                0x800'350d  0x2d8  Code  Gb  matrixrgb.o [1]
HieuUng25::c1           0x2000'0474    0x1  Data  Lc  matrixrgb.o [1]
HieuUng25::c2           0x2000'0475    0x1  Data  Lc  matrixrgb.o [1]
HieuUng25::c3           0x2000'0476    0x1  Data  Lc  matrixrgb.o [1]
HieuUng25::c4           0x2000'0477    0x1  Data  Lc  matrixrgb.o [1]
HieuUng25::c5           0x2000'0478    0x1  Data  Lc  matrixrgb.o [1]
HieuUng25::c6           0x2000'0479    0x1  Data  Lc  matrixrgb.o [1]
HieuUng26                0x800'2ff9  0x50a  Code  Gb  matrixrgb.o [1]
HieuUng26::c1           0x2000'046b    0x1  Data  Lc  matrixrgb.o [1]
HieuUng26::c2           0x2000'046c    0x1  Data  Lc  matrixrgb.o [1]
HieuUng26::c3           0x2000'046d    0x1  Data  Lc  matrixrgb.o [1]
HieuUng26::c4           0x2000'046e    0x1  Data  Lc  matrixrgb.o [1]
HieuUng26::c5           0x2000'046f    0x1  Data  Lc  matrixrgb.o [1]
HieuUng26::c6           0x2000'0470    0x1  Data  Lc  matrixrgb.o [1]
HieuUng26::c7           0x2000'0471    0x1  Data  Lc  matrixrgb.o [1]
HieuUng26::c8           0x2000'0472    0x1  Data  Lc  matrixrgb.o [1]
HieuUng26::c9           0x2000'0473    0x1  Data  Lc  matrixrgb.o [1]
HieuUng27                0x800'2d0d  0x2b8  Code  Gb  matrixrgb.o [1]
HieuUng27::c1           0x2000'0462    0x1  Data  Lc  matrixrgb.o [1]
HieuUng27::c2           0x2000'0463    0x1  Data  Lc  matrixrgb.o [1]
HieuUng27::c3           0x2000'0464    0x1  Data  Lc  matrixrgb.o [1]
HieuUng27::c4           0x2000'0465    0x1  Data  Lc  matrixrgb.o [1]
HieuUng27::c5           0x2000'0466    0x1  Data  Lc  matrixrgb.o [1]
HieuUng27::c6           0x2000'0467    0x1  Data  Lc  matrixrgb.o [1]
HieuUng27::c7           0x2000'0468    0x1  Data  Lc  matrixrgb.o [1]
HieuUng27::c8           0x2000'0469    0x1  Data  Lc  matrixrgb.o [1]
HieuUng27::c9           0x2000'046a    0x1  Data  Lc  matrixrgb.o [1]
HieuUng28                0x800'2a77  0x288  Code  Gb  matrixrgb.o [1]
HieuUng28::c1           0x2000'0459    0x1  Data  Lc  matrixrgb.o [1]
HieuUng28::c2           0x2000'045a    0x1  Data  Lc  matrixrgb.o [1]
HieuUng28::c3           0x2000'045b    0x1  Data  Lc  matrixrgb.o [1]
HieuUng28::c4           0x2000'045c    0x1  Data  Lc  matrixrgb.o [1]
HieuUng28::c5           0x2000'045d    0x1  Data  Lc  matrixrgb.o [1]
HieuUng28::c6           0x2000'045e    0x1  Data  Lc  matrixrgb.o [1]
HieuUng28::c7           0x2000'045f    0x1  Data  Lc  matrixrgb.o [1]
HieuUng28::c8           0x2000'0460    0x1  Data  Lc  matrixrgb.o [1]
HieuUng28::c9           0x2000'0461    0x1  Data  Lc  matrixrgb.o [1]
HieuUng29                0x800'2947  0x130  Code  Gb  matrixrgb.o [1]
HieuUng3                 0x800'5a95  0x2ae  Code  Gb  matrixrgb.o [1]
HieuUng30                0x800'263d  0x30a  Code  Gb  matrixrgb.o [1]
HieuUng30::c1           0x2000'0453    0x1  Data  Lc  matrixrgb.o [1]
HieuUng30::c2           0x2000'0454    0x1  Data  Lc  matrixrgb.o [1]
HieuUng30::c3           0x2000'0455    0x1  Data  Lc  matrixrgb.o [1]
HieuUng30::c4           0x2000'0456    0x1  Data  Lc  matrixrgb.o [1]
HieuUng30::c5           0x2000'0457    0x1  Data  Lc  matrixrgb.o [1]
HieuUng30::c6           0x2000'0458    0x1  Data  Lc  matrixrgb.o [1]
HieuUng31                0x800'2501  0x136  Code  Gb  matrixrgb.o [1]
HieuUng32                0x800'23e5  0x116  Code  Gb  matrixrgb.o [1]
HieuUng33                0x800'2249  0x19c  Code  Gb  matrixrgb.o [1]
HieuUng34                0x800'202d  0x20e  Code  Gb  matrixrgb.o [1]
HieuUng35                0x800'1d8d  0x2a0  Code  Gb  matrixrgb.o [1]
HieuUng36                0x800'1ae1  0x2ac  Code  Gb  matrixrgb.o [1]
HieuUng4                 0x800'5961  0x134  Code  Gb  matrixrgb.o [1]
HieuUng5                 0x800'57a1  0x1ba  Code  Gb  matrixrgb.o [1]
HieuUng6                 0x800'5697  0x104  Code  Gb  matrixrgb.o [1]
HieuUng7                 0x800'5553  0x144  Code  Gb  matrixrgb.o [1]
HieuUng8                 0x800'52d5  0x27e  Code  Gb  matrixrgb.o [1]
HieuUng9                 0x800'4fe5  0x2e8  Code  Gb  matrixrgb.o [1]
MatrixRGB_Config         0x800'00ed  0x21a  Code  Gb  matrixrgb.o [1]
MatrixRGB_ScanPWM        0x800'03c1  0x15e  Code  Gb  matrixrgb.o [1]
MemManage_Handler        0x800'6f3b    0x2  Code  Gb  stm32f10x_it.o [1]
NMI_Handler              0x800'6f37    0x2  Code  Gb  stm32f10x_it.o [1]
NVIC_Init                0x800'6859   0x60  Code  Gb  misc.o [1]
PendSV_Handler           0x800'6f45    0x2  Code  Gb  stm32f10x_it.o [1]
RCC_APB1PeriphClockCmd   0x800'63a7   0x1c  Code  Gb  stm32f10x_rcc.o [1]
RCC_APB2PeriphClockCmd   0x800'638b   0x1c  Code  Gb  stm32f10x_rcc.o [1]
RCC_APB2PeriphResetCmd   0x800'63c3   0x1c  Code  Gb  stm32f10x_rcc.o [1]
RCC_ClockFreq           0x2000'0438   0x14  Data  Gb  main.o [1]
RCC_DeInit               0x800'61c9   0x40  Code  Gb  stm32f10x_rcc.o [1]
RCC_GetClocksFreq        0x800'62df   0xac  Code  Gb  stm32f10x_rcc.o [1]
RCC_GetFlagStatus        0x800'63df   0x3c  Code  Gb  stm32f10x_rcc.o [1]
RCC_GetSYSCLKSource      0x800'62a3    0xa  Code  Gb  stm32f10x_rcc.o [1]
RCC_HCLKConfig           0x800'62ad   0x10  Code  Gb  stm32f10x_rcc.o [1]
RCC_HSEConfig            0x800'6209   0x38  Code  Gb  stm32f10x_rcc.o [1]
RCC_PCLK1Config          0x800'62bd   0x10  Code  Gb  stm32f10x_rcc.o [1]
RCC_PCLK2Config          0x800'62cd   0x12  Code  Gb  stm32f10x_rcc.o [1]
RCC_PLLCmd               0x800'628b    0x8  Code  Gb  stm32f10x_rcc.o [1]
RCC_PLLConfig            0x800'6279   0x12  Code  Gb  stm32f10x_rcc.o [1]
RCC_SYSCLKConfig         0x800'6293   0x10  Code  Gb  stm32f10x_rcc.o [1]
RCC_WaitForHSEStartUp    0x800'6241   0x38  Code  Gb  stm32f10x_rcc.o [1]
ReadPixel                0x800'08d9  0x22c  Code  Gb  matrixrgb.o [1]
Region$$Table$$Base      0x800'6ecc          --   Gb  - Linker created -
Region$$Table$$Limit     0x800'6ef0          --   Gb  - Linker created -
RollIn                   0x800'0ce7   0x9e  Code  Gb  matrixrgb.o [1]
RollOut                  0x800'0ba7   0xac  Code  Gb  matrixrgb.o [1]
RotateHalf               0x800'0d8d  0x1be  Code  Gb  matrixrgb.o [1]
RotateMatrix             0x800'1339  0x286  Code  Gb  matrixrgb.o [1]
RotateReverseMatrix      0x800'10dd  0x25c  Code  Gb  matrixrgb.o [1]
SVC_Handler              0x800'6f41    0x2  Code  Gb  stm32f10x_it.o [1]
SetChuVan                0x800'1775  0x366  Code  Gb  matrixrgb.o [1]
SetFullRow               0x800'1001   0xdc  Code  Gb  matrixrgb.o [1]
SetHalfRow               0x800'0f79   0x88  Code  Gb  matrixrgb.o [1]
SetPixel                 0x800'051f  0x3ba  Code  Gb  matrixrgb.o [1]
SetSysClock              0x800'65e1   0x12  Code  Gb  mystm32f10x.o [1]
SetSysClock              0x800'690d    0x8  Code  Lc  system_stm32f10x.o [1]
SetSysClockTo72          0x800'65f3   0x6a  Code  Gb  mystm32f10x.o [1]
SetSysClockTo72          0x800'6915   0xae  Code  Lc  system_stm32f10x.o [1]
ShiftOut4Row             0x800'0307   0xba  Code  Gb  matrixrgb.o [1]
Spectrum2RGB             0x800'15c5  0x148  Code  Gb  matrixrgb.o [1]
SweepIn                  0x800'0c53   0x94  Code  Gb  matrixrgb.o [1]
SweepOut                 0x800'0b05   0xa2  Code  Gb  matrixrgb.o [1]
SysTick_Handler          0x800'6f47    0x2  Code  Gb  stm32f10x_it.o [1]
SystemInit               0x800'68c9   0x44  Code  Gb  system_stm32f10x.o [1]
TIM2_Config              0x800'668b   0x6c  Code  Gb  mystm32f10x.o [1]
TIM2_IRQHandler          0x800'6aa5   0x20  Code  Gb  main.o [1]
TIM_ClearFlag            0x800'6829    0x8  Code  Gb  stm32f10x_tim.o [1]
TIM_Cmd                  0x800'67e3   0x1c  Code  Gb  stm32f10x_tim.o [1]
TIM_GetFlagStatus        0x800'6817   0x12  Code  Gb  stm32f10x_tim.o [1]
TIM_ITConfig             0x800'67ff   0x18  Code  Gb  stm32f10x_tim.o [1]
TIM_TimeBaseInit         0x800'6751   0x92  Code  Gb  stm32f10x_tim.o [1]
TurnOnHalfRow            0x800'170d   0x68  Code  Gb  matrixrgb.o [1]
UsageFault_Handler       0x800'6f3f    0x2  Code  Gb  stm32f10x_it.o [1]
_Rand_idx               0x2000'038c    0x4  Data  Lc  rand.o [2]
_Rand_rv                0x2000'030c   0x80  Data  Lc  rand.o [2]
_Randinit               0x2000'0024    0x1  Data  Gb  rand.o [2]
_Randseed               0x2000'0028    0x4  Data  Gb  rand.o [2]
__aeabi_memcpy4          0x800'6459         Code  Gb  ABImemcpy.o [3]
__aeabi_memcpy8          0x800'6459         Code  Gb  ABImemcpy.o [3]
__cmain                  0x800'6f11         Code  Gb  cmain.o [3]
__exit                   0x800'6f55   0x14  Code  Gb  exit.o [4]
__iar_copy_init3         0x800'66f7   0x2e  Code  Gb  copy_init3.o [3]
__iar_data_init3         0x800'6ea5   0x28  Code  Gb  data_init.o [3]
__iar_program_start      0x800'6fdd         Code  Gb  cstartup_M.o [3]
__iar_zero_init3         0x800'64df   0x3a  Code  Gb  zero_init3.o [3]
__low_level_init         0x800'6f2f    0x4  Code  Gb  low_level_init.o [2]
__vector_table           0x800'0000         Data  Gb  startup_stm32f10x_md.o [1]
_call_main               0x800'6f1d         Code  Gb  cmain.o [3]
_exit                    0x800'6f49         Code  Gb  cexit.o [3]
_main                    0x800'6f2b         Code  Gb  cmain.o [3]
bMatrixByte             0x2000'044e    0x1  Data  Gb  matrixrgb.o [1]
bit_pwm                 0x2000'044f    0x1  Data  Gb  matrixrgb.o [1]
bluePWM                 0x2000'0450    0x1  Data  Gb  matrixrgb.o [1]
chuvan                  0x2000'0008    0x8  Data  Gb  matrixrgb.o [1]
color                   0x2000'03cc   0x3c  Data  Gb  matrixrgb.o [1]
delay_init               0x800'65bd   0x24  Code  Gb  mystm32f10x.o [1]
exit                     0x800'6f33    0x4  Code  Gb  exit.o [2]
fac_ms                  0x2000'044c    0x2  Data  Lc  mystm32f10x.o [1]
fac_us                  0x2000'047a    0x1  Data  Lc  mystm32f10x.o [1]
greenPWM                0x2000'0452    0x1  Data  Gb  matrixrgb.o [1]
main                     0x800'69e1   0xc0  Code  Gb  main.o [1]
matrixPWM               0x2000'002c  0x2e0  Data  Gb  matrixrgb.o [1]
matrix_temp             0x2000'0408   0x30  Data  Gb  matrixrgb.o [1]
peak                    0x2000'0390   0x3c  Data  Gb  matrixrgb.o [1]
rand                     0x800'6519   0x94  Code  Gb  rand.o [2]
redPWM                  0x2000'0451    0x1  Data  Gb  matrixrgb.o [1]
timerClock4S            0x2000'0000    0x8  Data  Gb  matrixrgb.o [1]


[1] = D:\MCU\STM32F10x\App\Project\HolaRGB\EWARM\Debug\Obj
[2] = dl7M_tln.a
[3] = rt7M_tl.a
[4] = shb_l.a

  27'656 bytes of readonly  code memory
   1'160 bytes of readonly  data memory
   3'196 bytes of readwrite data memory

Errors: none
Warnings: none
