09:02:25 **** Build of configuration Debug for project GPIO ****
make -j16 all 
arm-none-eabi-gcc -mcpu=cortex-m3 -g3 -DDEBUG -c -x assembler-with-cpp -MMD -MP -MF"Startup/startup_stm32f103vetx.d" -MT"Startup/startup_stm32f103vetx.o" --specs=nano.specs -mfloat-abi=soft -mthumb -o "Startup/startup_stm32f103vetx.o" "../Startup/startup_stm32f103vetx.s"
arm-none-eabi-gcc "../Src/main.c" -mcpu=cortex-m3 -std=gnu11 -g3 -DDEBUG -DSTM32 -DSTM32F1 -DSTM32F103VETx -c -I../Inc -O0 -ffunction-sections -fdata-sections -Wall -fstack-usage -MMD -MP -MF"Src/main.d" -MT"Src/main.o" --specs=nano.specs -mfloat-abi=soft -mthumb -o "Src/main.o"
arm-none-eabi-gcc "../Src/syscalls.c" -mcpu=cortex-m3 -std=gnu11 -g3 -DDEBUG -DSTM32 -DSTM32F1 -DSTM32F103VETx -c -I../Inc -O0 -ffunction-sections -fdata-sections -Wall -fstack-usage -MMD -MP -MF"Src/syscalls.d" -MT"Src/syscalls.o" --specs=nano.specs -mfloat-abi=soft -mthumb -o "Src/syscalls.o"
arm-none-eabi-gcc "../Src/sysmem.c" -mcpu=cortex-m3 -std=gnu11 -g3 -DDEBUG -DSTM32 -DSTM32F1 -DSTM32F103VETx -c -I../Inc -O0 -ffunction-sections -fdata-sections -Wall -fstack-usage -MMD -MP -MF"Src/sysmem.d" -MT"Src/sysmem.o" --specs=nano.specs -mfloat-abi=soft -mthumb -o "Src/sysmem.o"
arm-none-eabi-gcc -o "GPIO.elf" @"objects.list"   -mcpu=cortex-m3 -T"D:\MCU\STM32F10x\App\Project\GPIO\CubeIDE\GPIO\STM32F103VETX_FLASH.ld" --specs=nosys.specs -Wl,-Map="GPIO.map" -Wl,--gc-sections -static --specs=nano.specs -mfloat-abi=soft -mthumb -Wl,--start-group -lc -lm -Wl,--end-group
Finished building target: GPIO.elf
 
arm-none-eabi-size   GPIO.elf 
arm-none-eabi-objdump -h -S  GPIO.elf  > "GPIO.list"
   text	   data	    bss	    dec	    hex	filename
    556	      8	   1568	   2132	    854	GPIO.elf
Finished building: default.size.stdout
 
Finished building: GPIO.list
 

09:02:26 Build Finished. 0 errors, 0 warnings. (took 437ms)

