<!doctype html public "-//w3c//dtd html 4.0 transitional//en">
<html><head>
<title>Static Call Graph - [.\Objects\Project.axf]</title></head>
<body><HR>
<H1>Static Call Graph for image .\Objects\Project.axf</H1><HR>
<BR><P>#&#060CALLGRAPH&#062# ARM Linker, 5.03 [Build 24]: Last Updated: Sun Feb 18 14:20:33 2024
<BR><P>
<H3>Maximum Stack Usage =        316 bytes + Unknown(Functions without stacksize, Cycles, Untraceable Function Pointers)</H3><H3>
Call chain for Maximum Stack Depth:</H3>
__rt_entry_main &rArr; main &rArr; HieuUng36 &rArr; SetChuVan &rArr; SetPixel
<P>
<H3>
Functions with no stack information
</H3><UL>
 <LI><a href="#[4e]">__user_initial_stackheap</a>
</UL>
</UL>
<P>
<H3>
Mutually Recursive functions
</H3> <LI><a href="#[1f]">ADC1_2_IRQHandler</a>&nbsp;&nbsp;&nbsp;&rArr;&nbsp;&nbsp;&nbsp;<a href="#[1f]">ADC1_2_IRQHandler</a><BR>
 <LI><a href="#[7]">BusFault_Handler</a>&nbsp;&nbsp;&nbsp;&rArr;&nbsp;&nbsp;&nbsp;<a href="#[7]">BusFault_Handler</a><BR>
 <LI><a href="#[5]">HardFault_Handler</a>&nbsp;&nbsp;&nbsp;&rArr;&nbsp;&nbsp;&nbsp;<a href="#[5]">HardFault_Handler</a><BR>
 <LI><a href="#[6]">MemManage_Handler</a>&nbsp;&nbsp;&nbsp;&rArr;&nbsp;&nbsp;&nbsp;<a href="#[6]">MemManage_Handler</a><BR>
 <LI><a href="#[8]">UsageFault_Handler</a>&nbsp;&nbsp;&nbsp;&rArr;&nbsp;&nbsp;&nbsp;<a href="#[8]">UsageFault_Handler</a><BR>
</UL>
<P>
<H3>
Function Pointers
</H3><UL>
 <LI><a href="#[1f]">ADC1_2_IRQHandler</a> from startup_stm32f10x_md.o(.text) referenced from startup_stm32f10x_md.o(RESET)
 <LI><a href="#[7]">BusFault_Handler</a> from stm32f10x_it.o(i.BusFault_Handler) referenced from startup_stm32f10x_md.o(RESET)
 <LI><a href="#[22]">CAN1_RX1_IRQHandler</a> from startup_stm32f10x_md.o(.text) referenced from startup_stm32f10x_md.o(RESET)
 <LI><a href="#[23]">CAN1_SCE_IRQHandler</a> from startup_stm32f10x_md.o(.text) referenced from startup_stm32f10x_md.o(RESET)
 <LI><a href="#[18]">DMA1_Channel1_IRQHandler</a> from startup_stm32f10x_md.o(.text) referenced from startup_stm32f10x_md.o(RESET)
 <LI><a href="#[19]">DMA1_Channel2_IRQHandler</a> from startup_stm32f10x_md.o(.text) referenced from startup_stm32f10x_md.o(RESET)
 <LI><a href="#[1a]">DMA1_Channel3_IRQHandler</a> from startup_stm32f10x_md.o(.text) referenced from startup_stm32f10x_md.o(RESET)
 <LI><a href="#[1b]">DMA1_Channel4_IRQHandler</a> from startup_stm32f10x_md.o(.text) referenced from startup_stm32f10x_md.o(RESET)
 <LI><a href="#[1c]">DMA1_Channel5_IRQHandler</a> from startup_stm32f10x_md.o(.text) referenced from startup_stm32f10x_md.o(RESET)
 <LI><a href="#[1d]">DMA1_Channel6_IRQHandler</a> from startup_stm32f10x_md.o(.text) referenced from startup_stm32f10x_md.o(RESET)
 <LI><a href="#[1e]">DMA1_Channel7_IRQHandler</a> from startup_stm32f10x_md.o(.text) referenced from startup_stm32f10x_md.o(RESET)
 <LI><a href="#[a]">DebugMon_Handler</a> from stm32f10x_it.o(i.DebugMon_Handler) referenced from startup_stm32f10x_md.o(RESET)
 <LI><a href="#[13]">EXTI0_IRQHandler</a> from startup_stm32f10x_md.o(.text) referenced from startup_stm32f10x_md.o(RESET)
 <LI><a href="#[35]">EXTI15_10_IRQHandler</a> from startup_stm32f10x_md.o(.text) referenced from startup_stm32f10x_md.o(RESET)
 <LI><a href="#[14]">EXTI1_IRQHandler</a> from startup_stm32f10x_md.o(.text) referenced from startup_stm32f10x_md.o(RESET)
 <LI><a href="#[15]">EXTI2_IRQHandler</a> from startup_stm32f10x_md.o(.text) referenced from startup_stm32f10x_md.o(RESET)
 <LI><a href="#[16]">EXTI3_IRQHandler</a> from startup_stm32f10x_md.o(.text) referenced from startup_stm32f10x_md.o(RESET)
 <LI><a href="#[17]">EXTI4_IRQHandler</a> from startup_stm32f10x_md.o(.text) referenced from startup_stm32f10x_md.o(RESET)
 <LI><a href="#[24]">EXTI9_5_IRQHandler</a> from startup_stm32f10x_md.o(.text) referenced from startup_stm32f10x_md.o(RESET)
 <LI><a href="#[11]">FLASH_IRQHandler</a> from startup_stm32f10x_md.o(.text) referenced from startup_stm32f10x_md.o(RESET)
 <LI><a href="#[5]">HardFault_Handler</a> from stm32f10x_it.o(i.HardFault_Handler) referenced from startup_stm32f10x_md.o(RESET)
 <LI><a href="#[2d]">I2C1_ER_IRQHandler</a> from startup_stm32f10x_md.o(.text) referenced from startup_stm32f10x_md.o(RESET)
 <LI><a href="#[2c]">I2C1_EV_IRQHandler</a> from startup_stm32f10x_md.o(.text) referenced from startup_stm32f10x_md.o(RESET)
 <LI><a href="#[2f]">I2C2_ER_IRQHandler</a> from startup_stm32f10x_md.o(.text) referenced from startup_stm32f10x_md.o(RESET)
 <LI><a href="#[2e]">I2C2_EV_IRQHandler</a> from startup_stm32f10x_md.o(.text) referenced from startup_stm32f10x_md.o(RESET)
 <LI><a href="#[6]">MemManage_Handler</a> from stm32f10x_it.o(i.MemManage_Handler) referenced from startup_stm32f10x_md.o(RESET)
 <LI><a href="#[4]">NMI_Handler</a> from stm32f10x_it.o(i.NMI_Handler) referenced from startup_stm32f10x_md.o(RESET)
 <LI><a href="#[e]">PVD_IRQHandler</a> from startup_stm32f10x_md.o(.text) referenced from startup_stm32f10x_md.o(RESET)
 <LI><a href="#[b]">PendSV_Handler</a> from stm32f10x_it.o(i.PendSV_Handler) referenced from startup_stm32f10x_md.o(RESET)
 <LI><a href="#[12]">RCC_IRQHandler</a> from startup_stm32f10x_md.o(.text) referenced from startup_stm32f10x_md.o(RESET)
 <LI><a href="#[36]">RTCAlarm_IRQHandler</a> from startup_stm32f10x_md.o(.text) referenced from startup_stm32f10x_md.o(RESET)
 <LI><a href="#[10]">RTC_IRQHandler</a> from startup_stm32f10x_md.o(.text) referenced from startup_stm32f10x_md.o(RESET)
 <LI><a href="#[3]">Reset_Handler</a> from startup_stm32f10x_md.o(.text) referenced from startup_stm32f10x_md.o(RESET)
 <LI><a href="#[30]">SPI1_IRQHandler</a> from startup_stm32f10x_md.o(.text) referenced from startup_stm32f10x_md.o(RESET)
 <LI><a href="#[31]">SPI2_IRQHandler</a> from startup_stm32f10x_md.o(.text) referenced from startup_stm32f10x_md.o(RESET)
 <LI><a href="#[9]">SVC_Handler</a> from stm32f10x_it.o(i.SVC_Handler) referenced from startup_stm32f10x_md.o(RESET)
 <LI><a href="#[c]">SysTick_Handler</a> from stm32f10x_it.o(i.SysTick_Handler) referenced from startup_stm32f10x_md.o(RESET)
 <LI><a href="#[38]">SystemInit</a> from system_stm32f10x.o(i.SystemInit) referenced from startup_stm32f10x_md.o(.text)
 <LI><a href="#[f]">TAMPER_IRQHandler</a> from startup_stm32f10x_md.o(.text) referenced from startup_stm32f10x_md.o(RESET)
 <LI><a href="#[25]">TIM1_BRK_IRQHandler</a> from startup_stm32f10x_md.o(.text) referenced from startup_stm32f10x_md.o(RESET)
 <LI><a href="#[28]">TIM1_CC_IRQHandler</a> from startup_stm32f10x_md.o(.text) referenced from startup_stm32f10x_md.o(RESET)
 <LI><a href="#[27]">TIM1_TRG_COM_IRQHandler</a> from startup_stm32f10x_md.o(.text) referenced from startup_stm32f10x_md.o(RESET)
 <LI><a href="#[26]">TIM1_UP_IRQHandler</a> from startup_stm32f10x_md.o(.text) referenced from startup_stm32f10x_md.o(RESET)
 <LI><a href="#[29]">TIM2_IRQHandler</a> from main.o(i.TIM2_IRQHandler) referenced from startup_stm32f10x_md.o(RESET)
 <LI><a href="#[2a]">TIM3_IRQHandler</a> from startup_stm32f10x_md.o(.text) referenced from startup_stm32f10x_md.o(RESET)
 <LI><a href="#[2b]">TIM4_IRQHandler</a> from startup_stm32f10x_md.o(.text) referenced from startup_stm32f10x_md.o(RESET)
 <LI><a href="#[32]">USART1_IRQHandler</a> from startup_stm32f10x_md.o(.text) referenced from startup_stm32f10x_md.o(RESET)
 <LI><a href="#[33]">USART2_IRQHandler</a> from startup_stm32f10x_md.o(.text) referenced from startup_stm32f10x_md.o(RESET)
 <LI><a href="#[34]">USART3_IRQHandler</a> from startup_stm32f10x_md.o(.text) referenced from startup_stm32f10x_md.o(RESET)
 <LI><a href="#[37]">USBWakeUp_IRQHandler</a> from startup_stm32f10x_md.o(.text) referenced from startup_stm32f10x_md.o(RESET)
 <LI><a href="#[20]">USB_HP_CAN1_TX_IRQHandler</a> from startup_stm32f10x_md.o(.text) referenced from startup_stm32f10x_md.o(RESET)
 <LI><a href="#[21]">USB_LP_CAN1_RX0_IRQHandler</a> from startup_stm32f10x_md.o(.text) referenced from startup_stm32f10x_md.o(RESET)
 <LI><a href="#[8]">UsageFault_Handler</a> from stm32f10x_it.o(i.UsageFault_Handler) referenced from startup_stm32f10x_md.o(RESET)
 <LI><a href="#[d]">WWDG_IRQHandler</a> from startup_stm32f10x_md.o(.text) referenced from startup_stm32f10x_md.o(RESET)
 <LI><a href="#[3a]">__main</a> from __main.o(!!!main) referenced from startup_stm32f10x_md.o(.text)
</UL>
<P>
<H3>
Global Symbols
</H3>
<P><STRONG><a name="[3a]"></a>__main</STRONG> (Thumb, 8 bytes, Stack size 0 bytes, __main.o(!!!main))
<BR><BR>[Calls]<UL><LI><a href="#[3c]">&gt;&gt;</a>&nbsp;&nbsp;&nbsp;__rt_entry
<LI><a href="#[3b]">&gt;&gt;</a>&nbsp;&nbsp;&nbsp;__scatterload
</UL>

<P><STRONG><a name="[3b]"></a>__scatterload</STRONG> (Thumb, 0 bytes, Stack size unknown bytes, __scatter.o(!!!scatter))
<BR><BR>[Called By]<UL><LI><a href="#[3a]">&gt;&gt;</a>&nbsp;&nbsp;&nbsp;__main
</UL>

<P><STRONG><a name="[3d]"></a>__scatterload_rt2</STRONG> (Thumb, 44 bytes, Stack size unknown bytes, __scatter.o(!!!scatter), UNUSED)
<BR><BR>[Calls]<UL><LI><a href="#[3c]">&gt;&gt;</a>&nbsp;&nbsp;&nbsp;__rt_entry
</UL>

<P><STRONG><a name="[a8]"></a>__scatterload_rt2_thumb_only</STRONG> (Thumb, 0 bytes, Stack size unknown bytes, __scatter.o(!!!scatter), UNUSED)

<P><STRONG><a name="[a9]"></a>__scatterload_null</STRONG> (Thumb, 0 bytes, Stack size unknown bytes, __scatter.o(!!!scatter), UNUSED)

<P><STRONG><a name="[3e]"></a>__scatterload_copy</STRONG> (Thumb, 26 bytes, Stack size unknown bytes, __scatter_copy.o(!!handler_copy), UNUSED)
<BR><BR>[Calls]<UL><LI><a href="#[3e]">&gt;&gt;</a>&nbsp;&nbsp;&nbsp;__scatterload_copy
</UL>
<BR>[Called By]<UL><LI><a href="#[3e]">&gt;&gt;</a>&nbsp;&nbsp;&nbsp;__scatterload_copy
</UL>

<P><STRONG><a name="[aa]"></a>__scatterload_zeroinit</STRONG> (Thumb, 28 bytes, Stack size unknown bytes, __scatter_zi.o(!!handler_zi), UNUSED)

<P><STRONG><a name="[44]"></a>__rt_lib_init</STRONG> (Thumb, 0 bytes, Stack size unknown bytes, libinit.o(.ARM.Collect$$libinit$$00000000))
<BR><BR>[Called By]<UL><LI><a href="#[43]">&gt;&gt;</a>&nbsp;&nbsp;&nbsp;__rt_entry_li
</UL>

<P><STRONG><a name="[ab]"></a>__rt_lib_init_fp_1</STRONG> (Thumb, 0 bytes, Stack size unknown bytes, libinit2.o(.ARM.Collect$$libinit$$00000002))

<P><STRONG><a name="[ac]"></a>__rt_lib_init_heap_1</STRONG> (Thumb, 0 bytes, Stack size unknown bytes, libinit2.o(.ARM.Collect$$libinit$$00000008))

<P><STRONG><a name="[3f]"></a>__rt_lib_init_rand_2</STRONG> (Thumb, 0 bytes, Stack size unknown bytes, libinit2.o(.ARM.Collect$$libinit$$0000000B))
<BR><BR>[Stack]<UL><LI>Max Depth = 8 + Unknown Stack Size
<LI>Call Chain = __rt_lib_init_rand_2 &rArr; _rand_init &rArr; srand
</UL>
<BR>[Calls]<UL><LI><a href="#[40]">&gt;&gt;</a>&nbsp;&nbsp;&nbsp;_rand_init
</UL>

<P><STRONG><a name="[ad]"></a>__rt_lib_init_user_alloc_1</STRONG> (Thumb, 0 bytes, Stack size unknown bytes, libinit2.o(.ARM.Collect$$libinit$$0000000A))

<P><STRONG><a name="[ae]"></a>__rt_lib_init_alloca_1</STRONG> (Thumb, 0 bytes, Stack size unknown bytes, libinit2.o(.ARM.Collect$$libinit$$0000002C))

<P><STRONG><a name="[af]"></a>__rt_lib_init_argv_1</STRONG> (Thumb, 0 bytes, Stack size unknown bytes, libinit2.o(.ARM.Collect$$libinit$$0000002A))

<P><STRONG><a name="[b0]"></a>__rt_lib_init_atexit_1</STRONG> (Thumb, 0 bytes, Stack size unknown bytes, libinit2.o(.ARM.Collect$$libinit$$00000019))

<P><STRONG><a name="[b1]"></a>__rt_lib_init_clock_1</STRONG> (Thumb, 0 bytes, Stack size unknown bytes, libinit2.o(.ARM.Collect$$libinit$$0000001F))

<P><STRONG><a name="[b2]"></a>__rt_lib_init_cpp_1</STRONG> (Thumb, 0 bytes, Stack size unknown bytes, libinit2.o(.ARM.Collect$$libinit$$00000030))

<P><STRONG><a name="[b3]"></a>__rt_lib_init_exceptions_1</STRONG> (Thumb, 0 bytes, Stack size unknown bytes, libinit2.o(.ARM.Collect$$libinit$$0000002E))

<P><STRONG><a name="[b4]"></a>__rt_lib_init_fp_trap_1</STRONG> (Thumb, 0 bytes, Stack size unknown bytes, libinit2.o(.ARM.Collect$$libinit$$0000001D))

<P><STRONG><a name="[b5]"></a>__rt_lib_init_getenv_1</STRONG> (Thumb, 0 bytes, Stack size unknown bytes, libinit2.o(.ARM.Collect$$libinit$$00000021))

<P><STRONG><a name="[b6]"></a>__rt_lib_init_lc_collate_1</STRONG> (Thumb, 0 bytes, Stack size unknown bytes, libinit2.o(.ARM.Collect$$libinit$$0000000F))

<P><STRONG><a name="[b7]"></a>__rt_lib_init_lc_ctype_1</STRONG> (Thumb, 0 bytes, Stack size unknown bytes, libinit2.o(.ARM.Collect$$libinit$$00000011))

<P><STRONG><a name="[b8]"></a>__rt_lib_init_lc_monetary_1</STRONG> (Thumb, 0 bytes, Stack size unknown bytes, libinit2.o(.ARM.Collect$$libinit$$00000013))

<P><STRONG><a name="[b9]"></a>__rt_lib_init_lc_numeric_1</STRONG> (Thumb, 0 bytes, Stack size unknown bytes, libinit2.o(.ARM.Collect$$libinit$$00000015))

<P><STRONG><a name="[ba]"></a>__rt_lib_init_lc_time_1</STRONG> (Thumb, 0 bytes, Stack size unknown bytes, libinit2.o(.ARM.Collect$$libinit$$00000017))

<P><STRONG><a name="[bb]"></a>__rt_lib_init_rand_1</STRONG> (Thumb, 0 bytes, Stack size unknown bytes, libinit2.o(.ARM.Collect$$libinit$$0000000C))

<P><STRONG><a name="[bc]"></a>__rt_lib_init_return</STRONG> (Thumb, 0 bytes, Stack size unknown bytes, libinit2.o(.ARM.Collect$$libinit$$00000031))

<P><STRONG><a name="[bd]"></a>__rt_lib_init_signal_1</STRONG> (Thumb, 0 bytes, Stack size unknown bytes, libinit2.o(.ARM.Collect$$libinit$$0000001B))

<P><STRONG><a name="[be]"></a>__rt_lib_init_stdio_1</STRONG> (Thumb, 0 bytes, Stack size unknown bytes, libinit2.o(.ARM.Collect$$libinit$$00000023))

<P><STRONG><a name="[49]"></a>__rt_lib_shutdown</STRONG> (Thumb, 0 bytes, Stack size unknown bytes, libshutdown.o(.ARM.Collect$$libshutdown$$00000000))
<BR><BR>[Called By]<UL><LI><a href="#[48]">&gt;&gt;</a>&nbsp;&nbsp;&nbsp;__rt_exit_ls
</UL>

<P><STRONG><a name="[bf]"></a>__rt_lib_shutdown_fp_trap_1</STRONG> (Thumb, 0 bytes, Stack size unknown bytes, libshutdown2.o(.ARM.Collect$$libshutdown$$00000006))

<P><STRONG><a name="[c0]"></a>__rt_lib_shutdown_heap_1</STRONG> (Thumb, 0 bytes, Stack size unknown bytes, libshutdown2.o(.ARM.Collect$$libshutdown$$0000000E))

<P><STRONG><a name="[c1]"></a>__rt_lib_shutdown_return</STRONG> (Thumb, 0 bytes, Stack size unknown bytes, libshutdown2.o(.ARM.Collect$$libshutdown$$0000000F))

<P><STRONG><a name="[c2]"></a>__rt_lib_shutdown_signal_1</STRONG> (Thumb, 0 bytes, Stack size unknown bytes, libshutdown2.o(.ARM.Collect$$libshutdown$$00000009))

<P><STRONG><a name="[c3]"></a>__rt_lib_shutdown_stdio_1</STRONG> (Thumb, 0 bytes, Stack size unknown bytes, libshutdown2.o(.ARM.Collect$$libshutdown$$00000003))

<P><STRONG><a name="[c4]"></a>__rt_lib_shutdown_user_alloc_1</STRONG> (Thumb, 0 bytes, Stack size unknown bytes, libshutdown2.o(.ARM.Collect$$libshutdown$$0000000B))

<P><STRONG><a name="[3c]"></a>__rt_entry</STRONG> (Thumb, 0 bytes, Stack size unknown bytes, rtentry.o(.ARM.Collect$$rtentry$$00000000))
<BR><BR>[Called By]<UL><LI><a href="#[3a]">&gt;&gt;</a>&nbsp;&nbsp;&nbsp;__main
<LI><a href="#[3d]">&gt;&gt;</a>&nbsp;&nbsp;&nbsp;__scatterload_rt2
</UL>

<P><STRONG><a name="[c5]"></a>__rt_entry_presh_1</STRONG> (Thumb, 0 bytes, Stack size unknown bytes, rtentry2.o(.ARM.Collect$$rtentry$$00000002))

<P><STRONG><a name="[41]"></a>__rt_entry_sh</STRONG> (Thumb, 0 bytes, Stack size unknown bytes, rtentry4.o(.ARM.Collect$$rtentry$$00000004))
<BR><BR>[Stack]<UL><LI>Max Depth = 8 + Unknown Stack Size
<LI>Call Chain = __rt_entry_sh &rArr; __user_setup_stackheap
</UL>
<BR>[Calls]<UL><LI><a href="#[42]">&gt;&gt;</a>&nbsp;&nbsp;&nbsp;__user_setup_stackheap
</UL>

<P><STRONG><a name="[43]"></a>__rt_entry_li</STRONG> (Thumb, 0 bytes, Stack size unknown bytes, rtentry2.o(.ARM.Collect$$rtentry$$0000000A))
<BR><BR>[Calls]<UL><LI><a href="#[44]">&gt;&gt;</a>&nbsp;&nbsp;&nbsp;__rt_lib_init
</UL>

<P><STRONG><a name="[c6]"></a>__rt_entry_postsh_1</STRONG> (Thumb, 0 bytes, Stack size unknown bytes, rtentry2.o(.ARM.Collect$$rtentry$$00000009))

<P><STRONG><a name="[45]"></a>__rt_entry_main</STRONG> (Thumb, 0 bytes, Stack size unknown bytes, rtentry2.o(.ARM.Collect$$rtentry$$0000000D))
<BR><BR>[Stack]<UL><LI>Max Depth = 316 + Unknown Stack Size
<LI>Call Chain = __rt_entry_main &rArr; main &rArr; HieuUng36 &rArr; SetChuVan &rArr; SetPixel
</UL>
<BR>[Calls]<UL><LI><a href="#[46]">&gt;&gt;</a>&nbsp;&nbsp;&nbsp;main
<LI><a href="#[47]">&gt;&gt;</a>&nbsp;&nbsp;&nbsp;exit
</UL>

<P><STRONG><a name="[c7]"></a>__rt_entry_postli_1</STRONG> (Thumb, 0 bytes, Stack size unknown bytes, rtentry2.o(.ARM.Collect$$rtentry$$0000000C))

<P><STRONG><a name="[4f]"></a>__rt_exit</STRONG> (Thumb, 0 bytes, Stack size unknown bytes, rtexit.o(.ARM.Collect$$rtexit$$00000000))
<BR><BR>[Called By]<UL><LI><a href="#[47]">&gt;&gt;</a>&nbsp;&nbsp;&nbsp;exit
</UL>

<P><STRONG><a name="[48]"></a>__rt_exit_ls</STRONG> (Thumb, 0 bytes, Stack size unknown bytes, rtexit2.o(.ARM.Collect$$rtexit$$00000003))
<BR><BR>[Calls]<UL><LI><a href="#[49]">&gt;&gt;</a>&nbsp;&nbsp;&nbsp;__rt_lib_shutdown
</UL>

<P><STRONG><a name="[c8]"></a>__rt_exit_prels_1</STRONG> (Thumb, 0 bytes, Stack size unknown bytes, rtexit2.o(.ARM.Collect$$rtexit$$00000002))

<P><STRONG><a name="[4a]"></a>__rt_exit_exit</STRONG> (Thumb, 0 bytes, Stack size unknown bytes, rtexit2.o(.ARM.Collect$$rtexit$$00000004))
<BR><BR>[Calls]<UL><LI><a href="#[4b]">&gt;&gt;</a>&nbsp;&nbsp;&nbsp;_sys_exit
</UL>

<P><STRONG><a name="[53]"></a>rand</STRONG> (Thumb, 48 bytes, Stack size 0 bytes, rand.o(.emb_text))
<BR><BR>[Called By]<UL><LI><a href="#[85]">&gt;&gt;</a>&nbsp;&nbsp;&nbsp;HieuUng9
<LI><a href="#[84]">&gt;&gt;</a>&nbsp;&nbsp;&nbsp;HieuUng8
<LI><a href="#[83]">&gt;&gt;</a>&nbsp;&nbsp;&nbsp;HieuUng7
<LI><a href="#[82]">&gt;&gt;</a>&nbsp;&nbsp;&nbsp;HieuUng6
<LI><a href="#[81]">&gt;&gt;</a>&nbsp;&nbsp;&nbsp;HieuUng5
<LI><a href="#[80]">&gt;&gt;</a>&nbsp;&nbsp;&nbsp;HieuUng4
<LI><a href="#[7f]">&gt;&gt;</a>&nbsp;&nbsp;&nbsp;HieuUng36
<LI><a href="#[7b]">&gt;&gt;</a>&nbsp;&nbsp;&nbsp;HieuUng35
<LI><a href="#[7a]">&gt;&gt;</a>&nbsp;&nbsp;&nbsp;HieuUng34
<LI><a href="#[79]">&gt;&gt;</a>&nbsp;&nbsp;&nbsp;HieuUng33
<LI><a href="#[78]">&gt;&gt;</a>&nbsp;&nbsp;&nbsp;HieuUng32
<LI><a href="#[77]">&gt;&gt;</a>&nbsp;&nbsp;&nbsp;HieuUng31
<LI><a href="#[76]">&gt;&gt;</a>&nbsp;&nbsp;&nbsp;HieuUng30
<LI><a href="#[74]">&gt;&gt;</a>&nbsp;&nbsp;&nbsp;HieuUng3
<LI><a href="#[73]">&gt;&gt;</a>&nbsp;&nbsp;&nbsp;HieuUng29
<LI><a href="#[72]">&gt;&gt;</a>&nbsp;&nbsp;&nbsp;HieuUng28
<LI><a href="#[71]">&gt;&gt;</a>&nbsp;&nbsp;&nbsp;HieuUng27
<LI><a href="#[70]">&gt;&gt;</a>&nbsp;&nbsp;&nbsp;HieuUng26
<LI><a href="#[6e]">&gt;&gt;</a>&nbsp;&nbsp;&nbsp;HieuUng25
<LI><a href="#[68]">&gt;&gt;</a>&nbsp;&nbsp;&nbsp;HieuUng20
<LI><a href="#[67]">&gt;&gt;</a>&nbsp;&nbsp;&nbsp;HieuUng2
<LI><a href="#[65]">&gt;&gt;</a>&nbsp;&nbsp;&nbsp;HieuUng19
<LI><a href="#[62]">&gt;&gt;</a>&nbsp;&nbsp;&nbsp;HieuUng16
<LI><a href="#[61]">&gt;&gt;</a>&nbsp;&nbsp;&nbsp;HieuUng15
<LI><a href="#[60]">&gt;&gt;</a>&nbsp;&nbsp;&nbsp;HieuUng14
<LI><a href="#[5f]">&gt;&gt;</a>&nbsp;&nbsp;&nbsp;HieuUng13
<LI><a href="#[5a]">&gt;&gt;</a>&nbsp;&nbsp;&nbsp;HieuUng12
<LI><a href="#[59]">&gt;&gt;</a>&nbsp;&nbsp;&nbsp;HieuUng11
<LI><a href="#[57]">&gt;&gt;</a>&nbsp;&nbsp;&nbsp;HieuUng10
<LI><a href="#[52]">&gt;&gt;</a>&nbsp;&nbsp;&nbsp;HieuUng1
</UL>

<P><STRONG><a name="[3]"></a>Reset_Handler</STRONG> (Thumb, 8 bytes, Stack size 0 bytes, startup_stm32f10x_md.o(.text))
<BR>[Address Reference Count : 1]<UL><LI> startup_stm32f10x_md.o(RESET)
</UL>
<P><STRONG><a name="[1f]"></a>ADC1_2_IRQHandler</STRONG> (Thumb, 0 bytes, Stack size 0 bytes, startup_stm32f10x_md.o(.text))
<BR><BR>[Calls]<UL><LI><a href="#[1f]">&gt;&gt;</a>&nbsp;&nbsp;&nbsp;ADC1_2_IRQHandler
</UL>
<BR>[Called By]<UL><LI><a href="#[1f]">&gt;&gt;</a>&nbsp;&nbsp;&nbsp;ADC1_2_IRQHandler
</UL>
<BR>[Address Reference Count : 1]<UL><LI> startup_stm32f10x_md.o(RESET)
</UL>
<P><STRONG><a name="[22]"></a>CAN1_RX1_IRQHandler</STRONG> (Thumb, 0 bytes, Stack size 0 bytes, startup_stm32f10x_md.o(.text))
<BR>[Address Reference Count : 1]<UL><LI> startup_stm32f10x_md.o(RESET)
</UL>
<P><STRONG><a name="[23]"></a>CAN1_SCE_IRQHandler</STRONG> (Thumb, 0 bytes, Stack size 0 bytes, startup_stm32f10x_md.o(.text))
<BR>[Address Reference Count : 1]<UL><LI> startup_stm32f10x_md.o(RESET)
</UL>
<P><STRONG><a name="[18]"></a>DMA1_Channel1_IRQHandler</STRONG> (Thumb, 0 bytes, Stack size 0 bytes, startup_stm32f10x_md.o(.text))
<BR>[Address Reference Count : 1]<UL><LI> startup_stm32f10x_md.o(RESET)
</UL>
<P><STRONG><a name="[19]"></a>DMA1_Channel2_IRQHandler</STRONG> (Thumb, 0 bytes, Stack size 0 bytes, startup_stm32f10x_md.o(.text))
<BR>[Address Reference Count : 1]<UL><LI> startup_stm32f10x_md.o(RESET)
</UL>
<P><STRONG><a name="[1a]"></a>DMA1_Channel3_IRQHandler</STRONG> (Thumb, 0 bytes, Stack size 0 bytes, startup_stm32f10x_md.o(.text))
<BR>[Address Reference Count : 1]<UL><LI> startup_stm32f10x_md.o(RESET)
</UL>
<P><STRONG><a name="[1b]"></a>DMA1_Channel4_IRQHandler</STRONG> (Thumb, 0 bytes, Stack size 0 bytes, startup_stm32f10x_md.o(.text))
<BR>[Address Reference Count : 1]<UL><LI> startup_stm32f10x_md.o(RESET)
</UL>
<P><STRONG><a name="[1c]"></a>DMA1_Channel5_IRQHandler</STRONG> (Thumb, 0 bytes, Stack size 0 bytes, startup_stm32f10x_md.o(.text))
<BR>[Address Reference Count : 1]<UL><LI> startup_stm32f10x_md.o(RESET)
</UL>
<P><STRONG><a name="[1d]"></a>DMA1_Channel6_IRQHandler</STRONG> (Thumb, 0 bytes, Stack size 0 bytes, startup_stm32f10x_md.o(.text))
<BR>[Address Reference Count : 1]<UL><LI> startup_stm32f10x_md.o(RESET)
</UL>
<P><STRONG><a name="[1e]"></a>DMA1_Channel7_IRQHandler</STRONG> (Thumb, 0 bytes, Stack size 0 bytes, startup_stm32f10x_md.o(.text))
<BR>[Address Reference Count : 1]<UL><LI> startup_stm32f10x_md.o(RESET)
</UL>
<P><STRONG><a name="[13]"></a>EXTI0_IRQHandler</STRONG> (Thumb, 0 bytes, Stack size 0 bytes, startup_stm32f10x_md.o(.text))
<BR>[Address Reference Count : 1]<UL><LI> startup_stm32f10x_md.o(RESET)
</UL>
<P><STRONG><a name="[35]"></a>EXTI15_10_IRQHandler</STRONG> (Thumb, 0 bytes, Stack size 0 bytes, startup_stm32f10x_md.o(.text))
<BR>[Address Reference Count : 1]<UL><LI> startup_stm32f10x_md.o(RESET)
</UL>
<P><STRONG><a name="[14]"></a>EXTI1_IRQHandler</STRONG> (Thumb, 0 bytes, Stack size 0 bytes, startup_stm32f10x_md.o(.text))
<BR>[Address Reference Count : 1]<UL><LI> startup_stm32f10x_md.o(RESET)
</UL>
<P><STRONG><a name="[15]"></a>EXTI2_IRQHandler</STRONG> (Thumb, 0 bytes, Stack size 0 bytes, startup_stm32f10x_md.o(.text))
<BR>[Address Reference Count : 1]<UL><LI> startup_stm32f10x_md.o(RESET)
</UL>
<P><STRONG><a name="[16]"></a>EXTI3_IRQHandler</STRONG> (Thumb, 0 bytes, Stack size 0 bytes, startup_stm32f10x_md.o(.text))
<BR>[Address Reference Count : 1]<UL><LI> startup_stm32f10x_md.o(RESET)
</UL>
<P><STRONG><a name="[17]"></a>EXTI4_IRQHandler</STRONG> (Thumb, 0 bytes, Stack size 0 bytes, startup_stm32f10x_md.o(.text))
<BR>[Address Reference Count : 1]<UL><LI> startup_stm32f10x_md.o(RESET)
</UL>
<P><STRONG><a name="[24]"></a>EXTI9_5_IRQHandler</STRONG> (Thumb, 0 bytes, Stack size 0 bytes, startup_stm32f10x_md.o(.text))
<BR>[Address Reference Count : 1]<UL><LI> startup_stm32f10x_md.o(RESET)
</UL>
<P><STRONG><a name="[11]"></a>FLASH_IRQHandler</STRONG> (Thumb, 0 bytes, Stack size 0 bytes, startup_stm32f10x_md.o(.text))
<BR>[Address Reference Count : 1]<UL><LI> startup_stm32f10x_md.o(RESET)
</UL>
<P><STRONG><a name="[2d]"></a>I2C1_ER_IRQHandler</STRONG> (Thumb, 0 bytes, Stack size 0 bytes, startup_stm32f10x_md.o(.text))
<BR>[Address Reference Count : 1]<UL><LI> startup_stm32f10x_md.o(RESET)
</UL>
<P><STRONG><a name="[2c]"></a>I2C1_EV_IRQHandler</STRONG> (Thumb, 0 bytes, Stack size 0 bytes, startup_stm32f10x_md.o(.text))
<BR>[Address Reference Count : 1]<UL><LI> startup_stm32f10x_md.o(RESET)
</UL>
<P><STRONG><a name="[2f]"></a>I2C2_ER_IRQHandler</STRONG> (Thumb, 0 bytes, Stack size 0 bytes, startup_stm32f10x_md.o(.text))
<BR>[Address Reference Count : 1]<UL><LI> startup_stm32f10x_md.o(RESET)
</UL>
<P><STRONG><a name="[2e]"></a>I2C2_EV_IRQHandler</STRONG> (Thumb, 0 bytes, Stack size 0 bytes, startup_stm32f10x_md.o(.text))
<BR>[Address Reference Count : 1]<UL><LI> startup_stm32f10x_md.o(RESET)
</UL>
<P><STRONG><a name="[e]"></a>PVD_IRQHandler</STRONG> (Thumb, 0 bytes, Stack size 0 bytes, startup_stm32f10x_md.o(.text))
<BR>[Address Reference Count : 1]<UL><LI> startup_stm32f10x_md.o(RESET)
</UL>
<P><STRONG><a name="[12]"></a>RCC_IRQHandler</STRONG> (Thumb, 0 bytes, Stack size 0 bytes, startup_stm32f10x_md.o(.text))
<BR>[Address Reference Count : 1]<UL><LI> startup_stm32f10x_md.o(RESET)
</UL>
<P><STRONG><a name="[36]"></a>RTCAlarm_IRQHandler</STRONG> (Thumb, 0 bytes, Stack size 0 bytes, startup_stm32f10x_md.o(.text))
<BR>[Address Reference Count : 1]<UL><LI> startup_stm32f10x_md.o(RESET)
</UL>
<P><STRONG><a name="[10]"></a>RTC_IRQHandler</STRONG> (Thumb, 0 bytes, Stack size 0 bytes, startup_stm32f10x_md.o(.text))
<BR>[Address Reference Count : 1]<UL><LI> startup_stm32f10x_md.o(RESET)
</UL>
<P><STRONG><a name="[30]"></a>SPI1_IRQHandler</STRONG> (Thumb, 0 bytes, Stack size 0 bytes, startup_stm32f10x_md.o(.text))
<BR>[Address Reference Count : 1]<UL><LI> startup_stm32f10x_md.o(RESET)
</UL>
<P><STRONG><a name="[31]"></a>SPI2_IRQHandler</STRONG> (Thumb, 0 bytes, Stack size 0 bytes, startup_stm32f10x_md.o(.text))
<BR>[Address Reference Count : 1]<UL><LI> startup_stm32f10x_md.o(RESET)
</UL>
<P><STRONG><a name="[f]"></a>TAMPER_IRQHandler</STRONG> (Thumb, 0 bytes, Stack size 0 bytes, startup_stm32f10x_md.o(.text))
<BR>[Address Reference Count : 1]<UL><LI> startup_stm32f10x_md.o(RESET)
</UL>
<P><STRONG><a name="[25]"></a>TIM1_BRK_IRQHandler</STRONG> (Thumb, 0 bytes, Stack size 0 bytes, startup_stm32f10x_md.o(.text))
<BR>[Address Reference Count : 1]<UL><LI> startup_stm32f10x_md.o(RESET)
</UL>
<P><STRONG><a name="[28]"></a>TIM1_CC_IRQHandler</STRONG> (Thumb, 0 bytes, Stack size 0 bytes, startup_stm32f10x_md.o(.text))
<BR>[Address Reference Count : 1]<UL><LI> startup_stm32f10x_md.o(RESET)
</UL>
<P><STRONG><a name="[27]"></a>TIM1_TRG_COM_IRQHandler</STRONG> (Thumb, 0 bytes, Stack size 0 bytes, startup_stm32f10x_md.o(.text))
<BR>[Address Reference Count : 1]<UL><LI> startup_stm32f10x_md.o(RESET)
</UL>
<P><STRONG><a name="[26]"></a>TIM1_UP_IRQHandler</STRONG> (Thumb, 0 bytes, Stack size 0 bytes, startup_stm32f10x_md.o(.text))
<BR>[Address Reference Count : 1]<UL><LI> startup_stm32f10x_md.o(RESET)
</UL>
<P><STRONG><a name="[2a]"></a>TIM3_IRQHandler</STRONG> (Thumb, 0 bytes, Stack size 0 bytes, startup_stm32f10x_md.o(.text))
<BR>[Address Reference Count : 1]<UL><LI> startup_stm32f10x_md.o(RESET)
</UL>
<P><STRONG><a name="[2b]"></a>TIM4_IRQHandler</STRONG> (Thumb, 0 bytes, Stack size 0 bytes, startup_stm32f10x_md.o(.text))
<BR>[Address Reference Count : 1]<UL><LI> startup_stm32f10x_md.o(RESET)
</UL>
<P><STRONG><a name="[32]"></a>USART1_IRQHandler</STRONG> (Thumb, 0 bytes, Stack size 0 bytes, startup_stm32f10x_md.o(.text))
<BR>[Address Reference Count : 1]<UL><LI> startup_stm32f10x_md.o(RESET)
</UL>
<P><STRONG><a name="[33]"></a>USART2_IRQHandler</STRONG> (Thumb, 0 bytes, Stack size 0 bytes, startup_stm32f10x_md.o(.text))
<BR>[Address Reference Count : 1]<UL><LI> startup_stm32f10x_md.o(RESET)
</UL>
<P><STRONG><a name="[34]"></a>USART3_IRQHandler</STRONG> (Thumb, 0 bytes, Stack size 0 bytes, startup_stm32f10x_md.o(.text))
<BR>[Address Reference Count : 1]<UL><LI> startup_stm32f10x_md.o(RESET)
</UL>
<P><STRONG><a name="[37]"></a>USBWakeUp_IRQHandler</STRONG> (Thumb, 0 bytes, Stack size 0 bytes, startup_stm32f10x_md.o(.text))
<BR>[Address Reference Count : 1]<UL><LI> startup_stm32f10x_md.o(RESET)
</UL>
<P><STRONG><a name="[20]"></a>USB_HP_CAN1_TX_IRQHandler</STRONG> (Thumb, 0 bytes, Stack size 0 bytes, startup_stm32f10x_md.o(.text))
<BR>[Address Reference Count : 1]<UL><LI> startup_stm32f10x_md.o(RESET)
</UL>
<P><STRONG><a name="[21]"></a>USB_LP_CAN1_RX0_IRQHandler</STRONG> (Thumb, 0 bytes, Stack size 0 bytes, startup_stm32f10x_md.o(.text))
<BR>[Address Reference Count : 1]<UL><LI> startup_stm32f10x_md.o(RESET)
</UL>
<P><STRONG><a name="[d]"></a>WWDG_IRQHandler</STRONG> (Thumb, 0 bytes, Stack size 0 bytes, startup_stm32f10x_md.o(.text))
<BR>[Address Reference Count : 1]<UL><LI> startup_stm32f10x_md.o(RESET)
</UL>
<P><STRONG><a name="[4e]"></a>__user_initial_stackheap</STRONG> (Thumb, 0 bytes, Stack size unknown bytes, startup_stm32f10x_md.o(.text))
<BR><BR>[Called By]<UL><LI><a href="#[42]">&gt;&gt;</a>&nbsp;&nbsp;&nbsp;__user_setup_stackheap
</UL>

<P><STRONG><a name="[4c]"></a>srand</STRONG> (Thumb, 42 bytes, Stack size 8 bytes, rand.o(.text))
<BR><BR>[Stack]<UL><LI>Max Depth = 8<LI>Call Chain = srand
</UL>
<BR>[Called By]<UL><LI><a href="#[40]">&gt;&gt;</a>&nbsp;&nbsp;&nbsp;_rand_init
</UL>

<P><STRONG><a name="[40]"></a>_rand_init</STRONG> (Thumb, 4 bytes, Stack size 0 bytes, rand.o(.text))
<BR><BR>[Stack]<UL><LI>Max Depth = 8<LI>Call Chain = _rand_init &rArr; srand
</UL>
<BR>[Calls]<UL><LI><a href="#[4c]">&gt;&gt;</a>&nbsp;&nbsp;&nbsp;srand
</UL>
<BR>[Called By]<UL><LI><a href="#[3f]">&gt;&gt;</a>&nbsp;&nbsp;&nbsp;__rt_lib_init_rand_2
</UL>

<P><STRONG><a name="[5b]"></a>__aeabi_memcpy4</STRONG> (Thumb, 0 bytes, Stack size 8 bytes, rt_memcpy_w.o(.text))
<BR><BR>[Stack]<UL><LI>Max Depth = 8<LI>Call Chain = __aeabi_memcpy4
</UL>
<BR>[Called By]<UL><LI><a href="#[7c]">&gt;&gt;</a>&nbsp;&nbsp;&nbsp;SetChuVan
<LI><a href="#[7a]">&gt;&gt;</a>&nbsp;&nbsp;&nbsp;HieuUng34
<LI><a href="#[79]">&gt;&gt;</a>&nbsp;&nbsp;&nbsp;HieuUng33
<LI><a href="#[78]">&gt;&gt;</a>&nbsp;&nbsp;&nbsp;HieuUng32
<LI><a href="#[77]">&gt;&gt;</a>&nbsp;&nbsp;&nbsp;HieuUng31
<LI><a href="#[76]">&gt;&gt;</a>&nbsp;&nbsp;&nbsp;HieuUng30
<LI><a href="#[73]">&gt;&gt;</a>&nbsp;&nbsp;&nbsp;HieuUng29
<LI><a href="#[72]">&gt;&gt;</a>&nbsp;&nbsp;&nbsp;HieuUng28
<LI><a href="#[71]">&gt;&gt;</a>&nbsp;&nbsp;&nbsp;HieuUng27
<LI><a href="#[70]">&gt;&gt;</a>&nbsp;&nbsp;&nbsp;HieuUng26
<LI><a href="#[6e]">&gt;&gt;</a>&nbsp;&nbsp;&nbsp;HieuUng25
<LI><a href="#[6c]">&gt;&gt;</a>&nbsp;&nbsp;&nbsp;HieuUng23
<LI><a href="#[60]">&gt;&gt;</a>&nbsp;&nbsp;&nbsp;HieuUng14
<LI><a href="#[5a]">&gt;&gt;</a>&nbsp;&nbsp;&nbsp;HieuUng12
</UL>

<P><STRONG><a name="[c9]"></a>__aeabi_memcpy8</STRONG> (Thumb, 0 bytes, Stack size 8 bytes, rt_memcpy_w.o(.text), UNUSED)

<P><STRONG><a name="[ca]"></a>__rt_memcpy_w</STRONG> (Thumb, 100 bytes, Stack size 8 bytes, rt_memcpy_w.o(.text), UNUSED)

<P><STRONG><a name="[cb]"></a>_memcpy_lastbytes_aligned</STRONG> (Thumb, 0 bytes, Stack size unknown bytes, rt_memcpy_w.o(.text), UNUSED)

<P><STRONG><a name="[cc]"></a>__use_two_region_memory</STRONG> (Thumb, 2 bytes, Stack size 0 bytes, heapauxi.o(.text), UNUSED)

<P><STRONG><a name="[cd]"></a>__rt_heap_escrow$2region</STRONG> (Thumb, 2 bytes, Stack size 0 bytes, heapauxi.o(.text), UNUSED)

<P><STRONG><a name="[ce]"></a>__rt_heap_expand$2region</STRONG> (Thumb, 2 bytes, Stack size 0 bytes, heapauxi.o(.text), UNUSED)

<P><STRONG><a name="[42]"></a>__user_setup_stackheap</STRONG> (Thumb, 74 bytes, Stack size 8 bytes, sys_stackheap_outer.o(.text))
<BR><BR>[Stack]<UL><LI>Max Depth = 8 + Unknown Stack Size
<LI>Call Chain = __user_setup_stackheap
</UL>
<BR>[Calls]<UL><LI><a href="#[4e]">&gt;&gt;</a>&nbsp;&nbsp;&nbsp;__user_initial_stackheap
<LI><a href="#[4d]">&gt;&gt;</a>&nbsp;&nbsp;&nbsp;__user_perproc_libspace
</UL>
<BR>[Called By]<UL><LI><a href="#[41]">&gt;&gt;</a>&nbsp;&nbsp;&nbsp;__rt_entry_sh
</UL>

<P><STRONG><a name="[47]"></a>exit</STRONG> (Thumb, 12 bytes, Stack size 0 bytes, exit.o(.text))
<BR><BR>[Calls]<UL><LI><a href="#[4f]">&gt;&gt;</a>&nbsp;&nbsp;&nbsp;__rt_exit
</UL>
<BR>[Called By]<UL><LI><a href="#[45]">&gt;&gt;</a>&nbsp;&nbsp;&nbsp;__rt_entry_main
</UL>

<P><STRONG><a name="[cf]"></a>__user_libspace</STRONG> (Thumb, 8 bytes, Stack size 0 bytes, libspace.o(.text), UNUSED)

<P><STRONG><a name="[4d]"></a>__user_perproc_libspace</STRONG> (Thumb, 0 bytes, Stack size 0 bytes, libspace.o(.text))
<BR><BR>[Called By]<UL><LI><a href="#[42]">&gt;&gt;</a>&nbsp;&nbsp;&nbsp;__user_setup_stackheap
</UL>

<P><STRONG><a name="[d0]"></a>__user_perthread_libspace</STRONG> (Thumb, 0 bytes, Stack size 0 bytes, libspace.o(.text), UNUSED)

<P><STRONG><a name="[d1]"></a>__I$use$semihosting</STRONG> (Thumb, 0 bytes, Stack size 0 bytes, use_no_semi.o(.text), UNUSED)

<P><STRONG><a name="[d2]"></a>__use_no_semihosting_swi</STRONG> (Thumb, 2 bytes, Stack size 0 bytes, use_no_semi.o(.text), UNUSED)

<P><STRONG><a name="[d3]"></a>__semihosting_library_function</STRONG> (Thumb, 0 bytes, Stack size unknown bytes, indicate_semi.o(.text), UNUSED)

<P><STRONG><a name="[4b]"></a>_sys_exit</STRONG> (Thumb, 8 bytes, Stack size 0 bytes, sys_exit.o(.text))
<BR><BR>[Called By]<UL><LI><a href="#[4a]">&gt;&gt;</a>&nbsp;&nbsp;&nbsp;__rt_exit_exit
</UL>

<P><STRONG><a name="[7]"></a>BusFault_Handler</STRONG> (Thumb, 2 bytes, Stack size 0 bytes, stm32f10x_it.o(i.BusFault_Handler))
<BR><BR>[Calls]<UL><LI><a href="#[7]">&gt;&gt;</a>&nbsp;&nbsp;&nbsp;BusFault_Handler
</UL>
<BR>[Called By]<UL><LI><a href="#[7]">&gt;&gt;</a>&nbsp;&nbsp;&nbsp;BusFault_Handler
</UL>
<BR>[Address Reference Count : 1]<UL><LI> startup_stm32f10x_md.o(RESET)
</UL>
<P><STRONG><a name="[75]"></a>Check</STRONG> (Thumb, 72 bytes, Stack size 20 bytes, matrixrgb.o(i.Check))
<BR><BR>[Stack]<UL><LI>Max Depth = 20<LI>Call Chain = Check
</UL>
<BR>[Called By]<UL><LI><a href="#[74]">&gt;&gt;</a>&nbsp;&nbsp;&nbsp;HieuUng3
</UL>

<P><STRONG><a name="[a]"></a>DebugMon_Handler</STRONG> (Thumb, 2 bytes, Stack size 0 bytes, stm32f10x_it.o(i.DebugMon_Handler))
<BR>[Address Reference Count : 1]<UL><LI> startup_stm32f10x_md.o(RESET)
</UL>
<P><STRONG><a name="[56]"></a>Delay</STRONG> (Thumb, 24 bytes, Stack size 0 bytes, mystm32f10x.o(i.Delay))
<BR><BR>[Called By]<UL><LI><a href="#[85]">&gt;&gt;</a>&nbsp;&nbsp;&nbsp;HieuUng9
<LI><a href="#[84]">&gt;&gt;</a>&nbsp;&nbsp;&nbsp;HieuUng8
<LI><a href="#[83]">&gt;&gt;</a>&nbsp;&nbsp;&nbsp;HieuUng7
<LI><a href="#[82]">&gt;&gt;</a>&nbsp;&nbsp;&nbsp;HieuUng6
<LI><a href="#[81]">&gt;&gt;</a>&nbsp;&nbsp;&nbsp;HieuUng5
<LI><a href="#[80]">&gt;&gt;</a>&nbsp;&nbsp;&nbsp;HieuUng4
<LI><a href="#[7f]">&gt;&gt;</a>&nbsp;&nbsp;&nbsp;HieuUng36
<LI><a href="#[7b]">&gt;&gt;</a>&nbsp;&nbsp;&nbsp;HieuUng35
<LI><a href="#[7a]">&gt;&gt;</a>&nbsp;&nbsp;&nbsp;HieuUng34
<LI><a href="#[79]">&gt;&gt;</a>&nbsp;&nbsp;&nbsp;HieuUng33
<LI><a href="#[78]">&gt;&gt;</a>&nbsp;&nbsp;&nbsp;HieuUng32
<LI><a href="#[77]">&gt;&gt;</a>&nbsp;&nbsp;&nbsp;HieuUng31
<LI><a href="#[76]">&gt;&gt;</a>&nbsp;&nbsp;&nbsp;HieuUng30
<LI><a href="#[74]">&gt;&gt;</a>&nbsp;&nbsp;&nbsp;HieuUng3
<LI><a href="#[73]">&gt;&gt;</a>&nbsp;&nbsp;&nbsp;HieuUng29
<LI><a href="#[72]">&gt;&gt;</a>&nbsp;&nbsp;&nbsp;HieuUng28
<LI><a href="#[71]">&gt;&gt;</a>&nbsp;&nbsp;&nbsp;HieuUng27
<LI><a href="#[70]">&gt;&gt;</a>&nbsp;&nbsp;&nbsp;HieuUng26
<LI><a href="#[6e]">&gt;&gt;</a>&nbsp;&nbsp;&nbsp;HieuUng25
<LI><a href="#[6d]">&gt;&gt;</a>&nbsp;&nbsp;&nbsp;HieuUng24
<LI><a href="#[6c]">&gt;&gt;</a>&nbsp;&nbsp;&nbsp;HieuUng23
<LI><a href="#[6a]">&gt;&gt;</a>&nbsp;&nbsp;&nbsp;HieuUng22
<LI><a href="#[68]">&gt;&gt;</a>&nbsp;&nbsp;&nbsp;HieuUng20
<LI><a href="#[67]">&gt;&gt;</a>&nbsp;&nbsp;&nbsp;HieuUng2
<LI><a href="#[65]">&gt;&gt;</a>&nbsp;&nbsp;&nbsp;HieuUng19
<LI><a href="#[63]">&gt;&gt;</a>&nbsp;&nbsp;&nbsp;HieuUng18
<LI><a href="#[62]">&gt;&gt;</a>&nbsp;&nbsp;&nbsp;HieuUng16
<LI><a href="#[61]">&gt;&gt;</a>&nbsp;&nbsp;&nbsp;HieuUng15
<LI><a href="#[60]">&gt;&gt;</a>&nbsp;&nbsp;&nbsp;HieuUng14
<LI><a href="#[5f]">&gt;&gt;</a>&nbsp;&nbsp;&nbsp;HieuUng13
<LI><a href="#[5a]">&gt;&gt;</a>&nbsp;&nbsp;&nbsp;HieuUng12
<LI><a href="#[59]">&gt;&gt;</a>&nbsp;&nbsp;&nbsp;HieuUng11
<LI><a href="#[57]">&gt;&gt;</a>&nbsp;&nbsp;&nbsp;HieuUng10
<LI><a href="#[52]">&gt;&gt;</a>&nbsp;&nbsp;&nbsp;HieuUng1
</UL>

<P><STRONG><a name="[95]"></a>FLASH_PrefetchBufferCmd</STRONG> (Thumb, 18 bytes, Stack size 0 bytes, stm32f10x_flash.o(i.FLASH_PrefetchBufferCmd))
<BR><BR>[Called By]<UL><LI><a href="#[92]">&gt;&gt;</a>&nbsp;&nbsp;&nbsp;SetSysClockTo72
</UL>

<P><STRONG><a name="[96]"></a>FLASH_SetLatency</STRONG> (Thumb, 14 bytes, Stack size 0 bytes, stm32f10x_flash.o(i.FLASH_SetLatency))
<BR><BR>[Called By]<UL><LI><a href="#[92]">&gt;&gt;</a>&nbsp;&nbsp;&nbsp;SetSysClockTo72
</UL>

<P><STRONG><a name="[50]"></a>GPIO_DeInit</STRONG> (Thumb, 152 bytes, Stack size 8 bytes, stm32f10x_gpio.o(i.GPIO_DeInit))
<BR><BR>[Stack]<UL><LI>Max Depth = 8<LI>Call Chain = GPIO_DeInit
</UL>
<BR>[Calls]<UL><LI><a href="#[51]">&gt;&gt;</a>&nbsp;&nbsp;&nbsp;RCC_APB2PeriphResetCmd
</UL>
<BR>[Called By]<UL><LI><a href="#[86]">&gt;&gt;</a>&nbsp;&nbsp;&nbsp;MatrixRGB_Config
</UL>

<P><STRONG><a name="[88]"></a>GPIO_Init</STRONG> (Thumb, 158 bytes, Stack size 20 bytes, stm32f10x_gpio.o(i.GPIO_Init))
<BR><BR>[Stack]<UL><LI>Max Depth = 20<LI>Call Chain = GPIO_Init
</UL>
<BR>[Called By]<UL><LI><a href="#[86]">&gt;&gt;</a>&nbsp;&nbsp;&nbsp;MatrixRGB_Config
</UL>

<P><STRONG><a name="[89]"></a>GPIO_PinRemapConfig</STRONG> (Thumb, 82 bytes, Stack size 20 bytes, stm32f10x_gpio.o(i.GPIO_PinRemapConfig))
<BR><BR>[Stack]<UL><LI>Max Depth = 20<LI>Call Chain = GPIO_PinRemapConfig
</UL>
<BR>[Called By]<UL><LI><a href="#[86]">&gt;&gt;</a>&nbsp;&nbsp;&nbsp;MatrixRGB_Config
</UL>

<P><STRONG><a name="[8d]"></a>GPIO_ResetBits</STRONG> (Thumb, 4 bytes, Stack size 0 bytes, stm32f10x_gpio.o(i.GPIO_ResetBits))
<BR><BR>[Called By]<UL><LI><a href="#[8c]">&gt;&gt;</a>&nbsp;&nbsp;&nbsp;ShiftOut4Row
<LI><a href="#[8b]">&gt;&gt;</a>&nbsp;&nbsp;&nbsp;MatrixRGB_ScanPWM
</UL>

<P><STRONG><a name="[8a]"></a>GPIO_SetBits</STRONG> (Thumb, 4 bytes, Stack size 0 bytes, stm32f10x_gpio.o(i.GPIO_SetBits))
<BR><BR>[Called By]<UL><LI><a href="#[8c]">&gt;&gt;</a>&nbsp;&nbsp;&nbsp;ShiftOut4Row
<LI><a href="#[8b]">&gt;&gt;</a>&nbsp;&nbsp;&nbsp;MatrixRGB_ScanPWM
<LI><a href="#[86]">&gt;&gt;</a>&nbsp;&nbsp;&nbsp;MatrixRGB_Config
</UL>

<P><STRONG><a name="[5]"></a>HardFault_Handler</STRONG> (Thumb, 2 bytes, Stack size 0 bytes, stm32f10x_it.o(i.HardFault_Handler))
<BR><BR>[Calls]<UL><LI><a href="#[5]">&gt;&gt;</a>&nbsp;&nbsp;&nbsp;HardFault_Handler
</UL>
<BR>[Called By]<UL><LI><a href="#[5]">&gt;&gt;</a>&nbsp;&nbsp;&nbsp;HardFault_Handler
</UL>
<BR>[Address Reference Count : 1]<UL><LI> startup_stm32f10x_md.o(RESET)
</UL>
<P><STRONG><a name="[52]"></a>HieuUng1</STRONG> (Thumb, 128 bytes, Stack size 24 bytes, matrixrgb.o(i.HieuUng1))
<BR><BR>[Stack]<UL><LI>Max Depth = 60<LI>Call Chain = HieuUng1 &rArr; SetPixel
</UL>
<BR>[Calls]<UL><LI><a href="#[55]">&gt;&gt;</a>&nbsp;&nbsp;&nbsp;SweepOut
<LI><a href="#[54]">&gt;&gt;</a>&nbsp;&nbsp;&nbsp;SetPixel
<LI><a href="#[56]">&gt;&gt;</a>&nbsp;&nbsp;&nbsp;Delay
<LI><a href="#[53]">&gt;&gt;</a>&nbsp;&nbsp;&nbsp;rand
</UL>
<BR>[Called By]<UL><LI><a href="#[46]">&gt;&gt;</a>&nbsp;&nbsp;&nbsp;main
</UL>

<P><STRONG><a name="[57]"></a>HieuUng10</STRONG> (Thumb, 386 bytes, Stack size 136 bytes, matrixrgb.o(i.HieuUng10))
<BR><BR>[Stack]<UL><LI>Max Depth = 172<LI>Call Chain = HieuUng10 &rArr; SetPixel
</UL>
<BR>[Calls]<UL><LI><a href="#[55]">&gt;&gt;</a>&nbsp;&nbsp;&nbsp;SweepOut
<LI><a href="#[54]">&gt;&gt;</a>&nbsp;&nbsp;&nbsp;SetPixel
<LI><a href="#[58]">&gt;&gt;</a>&nbsp;&nbsp;&nbsp;RotateReverseMatrix
<LI><a href="#[56]">&gt;&gt;</a>&nbsp;&nbsp;&nbsp;Delay
<LI><a href="#[53]">&gt;&gt;</a>&nbsp;&nbsp;&nbsp;rand
</UL>
<BR>[Called By]<UL><LI><a href="#[46]">&gt;&gt;</a>&nbsp;&nbsp;&nbsp;main
</UL>

<P><STRONG><a name="[59]"></a>HieuUng11</STRONG> (Thumb, 216 bytes, Stack size 56 bytes, matrixrgb.o(i.HieuUng11))
<BR><BR>[Stack]<UL><LI>Max Depth = 92<LI>Call Chain = HieuUng11 &rArr; SetPixel
</UL>
<BR>[Calls]<UL><LI><a href="#[55]">&gt;&gt;</a>&nbsp;&nbsp;&nbsp;SweepOut
<LI><a href="#[54]">&gt;&gt;</a>&nbsp;&nbsp;&nbsp;SetPixel
<LI><a href="#[56]">&gt;&gt;</a>&nbsp;&nbsp;&nbsp;Delay
<LI><a href="#[53]">&gt;&gt;</a>&nbsp;&nbsp;&nbsp;rand
</UL>
<BR>[Called By]<UL><LI><a href="#[46]">&gt;&gt;</a>&nbsp;&nbsp;&nbsp;main
</UL>

<P><STRONG><a name="[5a]"></a>HieuUng12</STRONG> (Thumb, 356 bytes, Stack size 176 bytes, matrixrgb.o(i.HieuUng12))
<BR><BR>[Stack]<UL><LI>Max Depth = 268<LI>Call Chain = HieuUng12 &rArr; SetHalfRow &rArr; SetPixel
</UL>
<BR>[Calls]<UL><LI><a href="#[55]">&gt;&gt;</a>&nbsp;&nbsp;&nbsp;SweepOut
<LI><a href="#[54]">&gt;&gt;</a>&nbsp;&nbsp;&nbsp;SetPixel
<LI><a href="#[5c]">&gt;&gt;</a>&nbsp;&nbsp;&nbsp;SetHalfRow
<LI><a href="#[58]">&gt;&gt;</a>&nbsp;&nbsp;&nbsp;RotateReverseMatrix
<LI><a href="#[5e]">&gt;&gt;</a>&nbsp;&nbsp;&nbsp;RotateMatrix
<LI><a href="#[5d]">&gt;&gt;</a>&nbsp;&nbsp;&nbsp;ReadPixel
<LI><a href="#[56]">&gt;&gt;</a>&nbsp;&nbsp;&nbsp;Delay
<LI><a href="#[5b]">&gt;&gt;</a>&nbsp;&nbsp;&nbsp;__aeabi_memcpy4
<LI><a href="#[53]">&gt;&gt;</a>&nbsp;&nbsp;&nbsp;rand
</UL>
<BR>[Called By]<UL><LI><a href="#[46]">&gt;&gt;</a>&nbsp;&nbsp;&nbsp;main
</UL>

<P><STRONG><a name="[5f]"></a>HieuUng13</STRONG> (Thumb, 264 bytes, Stack size 40 bytes, matrixrgb.o(i.HieuUng13))
<BR><BR>[Stack]<UL><LI>Max Depth = 76<LI>Call Chain = HieuUng13 &rArr; SetPixel
</UL>
<BR>[Calls]<UL><LI><a href="#[55]">&gt;&gt;</a>&nbsp;&nbsp;&nbsp;SweepOut
<LI><a href="#[54]">&gt;&gt;</a>&nbsp;&nbsp;&nbsp;SetPixel
<LI><a href="#[56]">&gt;&gt;</a>&nbsp;&nbsp;&nbsp;Delay
<LI><a href="#[53]">&gt;&gt;</a>&nbsp;&nbsp;&nbsp;rand
</UL>
<BR>[Called By]<UL><LI><a href="#[46]">&gt;&gt;</a>&nbsp;&nbsp;&nbsp;main
</UL>

<P><STRONG><a name="[60]"></a>HieuUng14</STRONG> (Thumb, 382 bytes, Stack size 112 bytes, matrixrgb.o(i.HieuUng14))
<BR><BR>[Stack]<UL><LI>Max Depth = 204<LI>Call Chain = HieuUng14 &rArr; SetHalfRow &rArr; SetPixel
</UL>
<BR>[Calls]<UL><LI><a href="#[55]">&gt;&gt;</a>&nbsp;&nbsp;&nbsp;SweepOut
<LI><a href="#[54]">&gt;&gt;</a>&nbsp;&nbsp;&nbsp;SetPixel
<LI><a href="#[5c]">&gt;&gt;</a>&nbsp;&nbsp;&nbsp;SetHalfRow
<LI><a href="#[5d]">&gt;&gt;</a>&nbsp;&nbsp;&nbsp;ReadPixel
<LI><a href="#[56]">&gt;&gt;</a>&nbsp;&nbsp;&nbsp;Delay
<LI><a href="#[5b]">&gt;&gt;</a>&nbsp;&nbsp;&nbsp;__aeabi_memcpy4
<LI><a href="#[53]">&gt;&gt;</a>&nbsp;&nbsp;&nbsp;rand
</UL>
<BR>[Called By]<UL><LI><a href="#[46]">&gt;&gt;</a>&nbsp;&nbsp;&nbsp;main
</UL>

<P><STRONG><a name="[61]"></a>HieuUng15</STRONG> (Thumb, 200 bytes, Stack size 32 bytes, matrixrgb.o(i.HieuUng15))
<BR><BR>[Stack]<UL><LI>Max Depth = 68<LI>Call Chain = HieuUng15 &rArr; SetPixel
</UL>
<BR>[Calls]<UL><LI><a href="#[55]">&gt;&gt;</a>&nbsp;&nbsp;&nbsp;SweepOut
<LI><a href="#[54]">&gt;&gt;</a>&nbsp;&nbsp;&nbsp;SetPixel
<LI><a href="#[58]">&gt;&gt;</a>&nbsp;&nbsp;&nbsp;RotateReverseMatrix
<LI><a href="#[5e]">&gt;&gt;</a>&nbsp;&nbsp;&nbsp;RotateMatrix
<LI><a href="#[56]">&gt;&gt;</a>&nbsp;&nbsp;&nbsp;Delay
<LI><a href="#[53]">&gt;&gt;</a>&nbsp;&nbsp;&nbsp;rand
</UL>
<BR>[Called By]<UL><LI><a href="#[46]">&gt;&gt;</a>&nbsp;&nbsp;&nbsp;main
</UL>

<P><STRONG><a name="[62]"></a>HieuUng16</STRONG> (Thumb, 270 bytes, Stack size 32 bytes, matrixrgb.o(i.HieuUng16))
<BR><BR>[Stack]<UL><LI>Max Depth = 68<LI>Call Chain = HieuUng16 &rArr; SetPixel
</UL>
<BR>[Calls]<UL><LI><a href="#[55]">&gt;&gt;</a>&nbsp;&nbsp;&nbsp;SweepOut
<LI><a href="#[54]">&gt;&gt;</a>&nbsp;&nbsp;&nbsp;SetPixel
<LI><a href="#[5e]">&gt;&gt;</a>&nbsp;&nbsp;&nbsp;RotateMatrix
<LI><a href="#[56]">&gt;&gt;</a>&nbsp;&nbsp;&nbsp;Delay
<LI><a href="#[53]">&gt;&gt;</a>&nbsp;&nbsp;&nbsp;rand
</UL>
<BR>[Called By]<UL><LI><a href="#[46]">&gt;&gt;</a>&nbsp;&nbsp;&nbsp;main
</UL>

<P><STRONG><a name="[63]"></a>HieuUng18</STRONG> (Thumb, 506 bytes, Stack size 40 bytes, matrixrgb.o(i.HieuUng18))
<BR><BR>[Stack]<UL><LI>Max Depth = 76<LI>Call Chain = HieuUng18 &rArr; SetPixel
</UL>
<BR>[Calls]<UL><LI><a href="#[55]">&gt;&gt;</a>&nbsp;&nbsp;&nbsp;SweepOut
<LI><a href="#[54]">&gt;&gt;</a>&nbsp;&nbsp;&nbsp;SetPixel
<LI><a href="#[64]">&gt;&gt;</a>&nbsp;&nbsp;&nbsp;RotateHalf
<LI><a href="#[5d]">&gt;&gt;</a>&nbsp;&nbsp;&nbsp;ReadPixel
<LI><a href="#[56]">&gt;&gt;</a>&nbsp;&nbsp;&nbsp;Delay
</UL>
<BR>[Called By]<UL><LI><a href="#[46]">&gt;&gt;</a>&nbsp;&nbsp;&nbsp;main
</UL>

<P><STRONG><a name="[65]"></a>HieuUng19</STRONG> (Thumb, 312 bytes, Stack size 56 bytes, matrixrgb.o(i.HieuUng19))
<BR><BR>[Stack]<UL><LI>Max Depth = 148<LI>Call Chain = HieuUng19 &rArr; SetFullRow &rArr; SetPixel
</UL>
<BR>[Calls]<UL><LI><a href="#[55]">&gt;&gt;</a>&nbsp;&nbsp;&nbsp;SweepOut
<LI><a href="#[66]">&gt;&gt;</a>&nbsp;&nbsp;&nbsp;SetFullRow
<LI><a href="#[56]">&gt;&gt;</a>&nbsp;&nbsp;&nbsp;Delay
<LI><a href="#[53]">&gt;&gt;</a>&nbsp;&nbsp;&nbsp;rand
</UL>
<BR>[Called By]<UL><LI><a href="#[46]">&gt;&gt;</a>&nbsp;&nbsp;&nbsp;main
</UL>

<P><STRONG><a name="[67]"></a>HieuUng2</STRONG> (Thumb, 214 bytes, Stack size 32 bytes, matrixrgb.o(i.HieuUng2))
<BR><BR>[Stack]<UL><LI>Max Depth = 68<LI>Call Chain = HieuUng2 &rArr; SetPixel
</UL>
<BR>[Calls]<UL><LI><a href="#[55]">&gt;&gt;</a>&nbsp;&nbsp;&nbsp;SweepOut
<LI><a href="#[54]">&gt;&gt;</a>&nbsp;&nbsp;&nbsp;SetPixel
<LI><a href="#[5d]">&gt;&gt;</a>&nbsp;&nbsp;&nbsp;ReadPixel
<LI><a href="#[56]">&gt;&gt;</a>&nbsp;&nbsp;&nbsp;Delay
<LI><a href="#[53]">&gt;&gt;</a>&nbsp;&nbsp;&nbsp;rand
</UL>
<BR>[Called By]<UL><LI><a href="#[46]">&gt;&gt;</a>&nbsp;&nbsp;&nbsp;main
</UL>

<P><STRONG><a name="[68]"></a>HieuUng20</STRONG> (Thumb, 314 bytes, Stack size 56 bytes, matrixrgb.o(i.HieuUng20))
<BR><BR>[Stack]<UL><LI>Max Depth = 148<LI>Call Chain = HieuUng20 &rArr; SetFullRow &rArr; SetPixel
</UL>
<BR>[Calls]<UL><LI><a href="#[69]">&gt;&gt;</a>&nbsp;&nbsp;&nbsp;SweepIn
<LI><a href="#[66]">&gt;&gt;</a>&nbsp;&nbsp;&nbsp;SetFullRow
<LI><a href="#[56]">&gt;&gt;</a>&nbsp;&nbsp;&nbsp;Delay
<LI><a href="#[53]">&gt;&gt;</a>&nbsp;&nbsp;&nbsp;rand
</UL>
<BR>[Called By]<UL><LI><a href="#[46]">&gt;&gt;</a>&nbsp;&nbsp;&nbsp;main
</UL>

<P><STRONG><a name="[6a]"></a>HieuUng22</STRONG> (Thumb, 124 bytes, Stack size 24 bytes, matrixrgb.o(i.HieuUng22))
<BR><BR>[Stack]<UL><LI>Max Depth = 60<LI>Call Chain = HieuUng22 &rArr; SetPixel
</UL>
<BR>[Calls]<UL><LI><a href="#[55]">&gt;&gt;</a>&nbsp;&nbsp;&nbsp;SweepOut
<LI><a href="#[69]">&gt;&gt;</a>&nbsp;&nbsp;&nbsp;SweepIn
<LI><a href="#[6b]">&gt;&gt;</a>&nbsp;&nbsp;&nbsp;Spectrum2RGB
<LI><a href="#[54]">&gt;&gt;</a>&nbsp;&nbsp;&nbsp;SetPixel
<LI><a href="#[56]">&gt;&gt;</a>&nbsp;&nbsp;&nbsp;Delay
</UL>
<BR>[Called By]<UL><LI><a href="#[46]">&gt;&gt;</a>&nbsp;&nbsp;&nbsp;main
</UL>

<P><STRONG><a name="[6c]"></a>HieuUng23</STRONG> (Thumb, 528 bytes, Stack size 176 bytes, matrixrgb.o(i.HieuUng23))
<BR><BR>[Stack]<UL><LI>Max Depth = 268<LI>Call Chain = HieuUng23 &rArr; SetHalfRow &rArr; SetPixel
</UL>
<BR>[Calls]<UL><LI><a href="#[55]">&gt;&gt;</a>&nbsp;&nbsp;&nbsp;SweepOut
<LI><a href="#[6b]">&gt;&gt;</a>&nbsp;&nbsp;&nbsp;Spectrum2RGB
<LI><a href="#[54]">&gt;&gt;</a>&nbsp;&nbsp;&nbsp;SetPixel
<LI><a href="#[5c]">&gt;&gt;</a>&nbsp;&nbsp;&nbsp;SetHalfRow
<LI><a href="#[5d]">&gt;&gt;</a>&nbsp;&nbsp;&nbsp;ReadPixel
<LI><a href="#[56]">&gt;&gt;</a>&nbsp;&nbsp;&nbsp;Delay
<LI><a href="#[5b]">&gt;&gt;</a>&nbsp;&nbsp;&nbsp;__aeabi_memcpy4
</UL>
<BR>[Called By]<UL><LI><a href="#[46]">&gt;&gt;</a>&nbsp;&nbsp;&nbsp;main
</UL>

<P><STRONG><a name="[6d]"></a>HieuUng24</STRONG> (Thumb, 348 bytes, Stack size 56 bytes, matrixrgb.o(i.HieuUng24))
<BR><BR>[Stack]<UL><LI>Max Depth = 148<LI>Call Chain = HieuUng24 &rArr; SetFullRow &rArr; SetPixel
</UL>
<BR>[Calls]<UL><LI><a href="#[55]">&gt;&gt;</a>&nbsp;&nbsp;&nbsp;SweepOut
<LI><a href="#[6b]">&gt;&gt;</a>&nbsp;&nbsp;&nbsp;Spectrum2RGB
<LI><a href="#[66]">&gt;&gt;</a>&nbsp;&nbsp;&nbsp;SetFullRow
<LI><a href="#[58]">&gt;&gt;</a>&nbsp;&nbsp;&nbsp;RotateReverseMatrix
<LI><a href="#[5e]">&gt;&gt;</a>&nbsp;&nbsp;&nbsp;RotateMatrix
<LI><a href="#[56]">&gt;&gt;</a>&nbsp;&nbsp;&nbsp;Delay
</UL>
<BR>[Called By]<UL><LI><a href="#[46]">&gt;&gt;</a>&nbsp;&nbsp;&nbsp;main
</UL>

<P><STRONG><a name="[6e]"></a>HieuUng25</STRONG> (Thumb, 528 bytes, Stack size 112 bytes, matrixrgb.o(i.HieuUng25))
<BR><BR>[Stack]<UL><LI>Max Depth = 188<LI>Call Chain = HieuUng25 &rArr; TurnOnHalfRow &rArr; SetPixel
</UL>
<BR>[Calls]<UL><LI><a href="#[6f]">&gt;&gt;</a>&nbsp;&nbsp;&nbsp;TurnOnHalfRow
<LI><a href="#[55]">&gt;&gt;</a>&nbsp;&nbsp;&nbsp;SweepOut
<LI><a href="#[54]">&gt;&gt;</a>&nbsp;&nbsp;&nbsp;SetPixel
<LI><a href="#[5d]">&gt;&gt;</a>&nbsp;&nbsp;&nbsp;ReadPixel
<LI><a href="#[56]">&gt;&gt;</a>&nbsp;&nbsp;&nbsp;Delay
<LI><a href="#[5b]">&gt;&gt;</a>&nbsp;&nbsp;&nbsp;__aeabi_memcpy4
<LI><a href="#[53]">&gt;&gt;</a>&nbsp;&nbsp;&nbsp;rand
</UL>
<BR>[Called By]<UL><LI><a href="#[46]">&gt;&gt;</a>&nbsp;&nbsp;&nbsp;main
</UL>

<P><STRONG><a name="[70]"></a>HieuUng26</STRONG> (Thumb, 884 bytes, Stack size 112 bytes, matrixrgb.o(i.HieuUng26))
<BR><BR>[Stack]<UL><LI>Max Depth = 188<LI>Call Chain = HieuUng26 &rArr; TurnOnHalfRow &rArr; SetPixel
</UL>
<BR>[Calls]<UL><LI><a href="#[6f]">&gt;&gt;</a>&nbsp;&nbsp;&nbsp;TurnOnHalfRow
<LI><a href="#[55]">&gt;&gt;</a>&nbsp;&nbsp;&nbsp;SweepOut
<LI><a href="#[54]">&gt;&gt;</a>&nbsp;&nbsp;&nbsp;SetPixel
<LI><a href="#[5d]">&gt;&gt;</a>&nbsp;&nbsp;&nbsp;ReadPixel
<LI><a href="#[56]">&gt;&gt;</a>&nbsp;&nbsp;&nbsp;Delay
<LI><a href="#[5b]">&gt;&gt;</a>&nbsp;&nbsp;&nbsp;__aeabi_memcpy4
<LI><a href="#[53]">&gt;&gt;</a>&nbsp;&nbsp;&nbsp;rand
</UL>
<BR>[Called By]<UL><LI><a href="#[46]">&gt;&gt;</a>&nbsp;&nbsp;&nbsp;main
</UL>

<P><STRONG><a name="[71]"></a>HieuUng27</STRONG> (Thumb, 510 bytes, Stack size 112 bytes, matrixrgb.o(i.HieuUng27))
<BR><BR>[Stack]<UL><LI>Max Depth = 188<LI>Call Chain = HieuUng27 &rArr; TurnOnHalfRow &rArr; SetPixel
</UL>
<BR>[Calls]<UL><LI><a href="#[6f]">&gt;&gt;</a>&nbsp;&nbsp;&nbsp;TurnOnHalfRow
<LI><a href="#[55]">&gt;&gt;</a>&nbsp;&nbsp;&nbsp;SweepOut
<LI><a href="#[54]">&gt;&gt;</a>&nbsp;&nbsp;&nbsp;SetPixel
<LI><a href="#[5d]">&gt;&gt;</a>&nbsp;&nbsp;&nbsp;ReadPixel
<LI><a href="#[56]">&gt;&gt;</a>&nbsp;&nbsp;&nbsp;Delay
<LI><a href="#[5b]">&gt;&gt;</a>&nbsp;&nbsp;&nbsp;__aeabi_memcpy4
<LI><a href="#[53]">&gt;&gt;</a>&nbsp;&nbsp;&nbsp;rand
</UL>
<BR>[Called By]<UL><LI><a href="#[46]">&gt;&gt;</a>&nbsp;&nbsp;&nbsp;main
</UL>

<P><STRONG><a name="[72]"></a>HieuUng28</STRONG> (Thumb, 516 bytes, Stack size 120 bytes, matrixrgb.o(i.HieuUng28))
<BR><BR>[Stack]<UL><LI>Max Depth = 196<LI>Call Chain = HieuUng28 &rArr; TurnOnHalfRow &rArr; SetPixel
</UL>
<BR>[Calls]<UL><LI><a href="#[6f]">&gt;&gt;</a>&nbsp;&nbsp;&nbsp;TurnOnHalfRow
<LI><a href="#[55]">&gt;&gt;</a>&nbsp;&nbsp;&nbsp;SweepOut
<LI><a href="#[54]">&gt;&gt;</a>&nbsp;&nbsp;&nbsp;SetPixel
<LI><a href="#[5d]">&gt;&gt;</a>&nbsp;&nbsp;&nbsp;ReadPixel
<LI><a href="#[56]">&gt;&gt;</a>&nbsp;&nbsp;&nbsp;Delay
<LI><a href="#[5b]">&gt;&gt;</a>&nbsp;&nbsp;&nbsp;__aeabi_memcpy4
<LI><a href="#[53]">&gt;&gt;</a>&nbsp;&nbsp;&nbsp;rand
</UL>
<BR>[Called By]<UL><LI><a href="#[46]">&gt;&gt;</a>&nbsp;&nbsp;&nbsp;main
</UL>

<P><STRONG><a name="[73]"></a>HieuUng29</STRONG> (Thumb, 246 bytes, Stack size 72 bytes, matrixrgb.o(i.HieuUng29))
<BR><BR>[Stack]<UL><LI>Max Depth = 148<LI>Call Chain = HieuUng29 &rArr; TurnOnHalfRow &rArr; SetPixel
</UL>
<BR>[Calls]<UL><LI><a href="#[6f]">&gt;&gt;</a>&nbsp;&nbsp;&nbsp;TurnOnHalfRow
<LI><a href="#[55]">&gt;&gt;</a>&nbsp;&nbsp;&nbsp;SweepOut
<LI><a href="#[54]">&gt;&gt;</a>&nbsp;&nbsp;&nbsp;SetPixel
<LI><a href="#[5d]">&gt;&gt;</a>&nbsp;&nbsp;&nbsp;ReadPixel
<LI><a href="#[56]">&gt;&gt;</a>&nbsp;&nbsp;&nbsp;Delay
<LI><a href="#[5b]">&gt;&gt;</a>&nbsp;&nbsp;&nbsp;__aeabi_memcpy4
<LI><a href="#[53]">&gt;&gt;</a>&nbsp;&nbsp;&nbsp;rand
</UL>
<BR>[Called By]<UL><LI><a href="#[46]">&gt;&gt;</a>&nbsp;&nbsp;&nbsp;main
</UL>

<P><STRONG><a name="[74]"></a>HieuUng3</STRONG> (Thumb, 368 bytes, Stack size 48 bytes, matrixrgb.o(i.HieuUng3))
<BR><BR>[Stack]<UL><LI>Max Depth = 84<LI>Call Chain = HieuUng3 &rArr; SetPixel
</UL>
<BR>[Calls]<UL><LI><a href="#[55]">&gt;&gt;</a>&nbsp;&nbsp;&nbsp;SweepOut
<LI><a href="#[54]">&gt;&gt;</a>&nbsp;&nbsp;&nbsp;SetPixel
<LI><a href="#[75]">&gt;&gt;</a>&nbsp;&nbsp;&nbsp;Check
<LI><a href="#[56]">&gt;&gt;</a>&nbsp;&nbsp;&nbsp;Delay
<LI><a href="#[53]">&gt;&gt;</a>&nbsp;&nbsp;&nbsp;rand
</UL>
<BR>[Called By]<UL><LI><a href="#[46]">&gt;&gt;</a>&nbsp;&nbsp;&nbsp;main
</UL>

<P><STRONG><a name="[76]"></a>HieuUng30</STRONG> (Thumb, 572 bytes, Stack size 104 bytes, matrixrgb.o(i.HieuUng30))
<BR><BR>[Stack]<UL><LI>Max Depth = 180<LI>Call Chain = HieuUng30 &rArr; TurnOnHalfRow &rArr; SetPixel
</UL>
<BR>[Calls]<UL><LI><a href="#[6f]">&gt;&gt;</a>&nbsp;&nbsp;&nbsp;TurnOnHalfRow
<LI><a href="#[55]">&gt;&gt;</a>&nbsp;&nbsp;&nbsp;SweepOut
<LI><a href="#[54]">&gt;&gt;</a>&nbsp;&nbsp;&nbsp;SetPixel
<LI><a href="#[5d]">&gt;&gt;</a>&nbsp;&nbsp;&nbsp;ReadPixel
<LI><a href="#[56]">&gt;&gt;</a>&nbsp;&nbsp;&nbsp;Delay
<LI><a href="#[5b]">&gt;&gt;</a>&nbsp;&nbsp;&nbsp;__aeabi_memcpy4
<LI><a href="#[53]">&gt;&gt;</a>&nbsp;&nbsp;&nbsp;rand
</UL>
<BR>[Called By]<UL><LI><a href="#[46]">&gt;&gt;</a>&nbsp;&nbsp;&nbsp;main
</UL>

<P><STRONG><a name="[77]"></a>HieuUng31</STRONG> (Thumb, 248 bytes, Stack size 96 bytes, matrixrgb.o(i.HieuUng31))
<BR><BR>[Stack]<UL><LI>Max Depth = 188<LI>Call Chain = HieuUng31 &rArr; SetHalfRow &rArr; SetPixel
</UL>
<BR>[Calls]<UL><LI><a href="#[55]">&gt;&gt;</a>&nbsp;&nbsp;&nbsp;SweepOut
<LI><a href="#[54]">&gt;&gt;</a>&nbsp;&nbsp;&nbsp;SetPixel
<LI><a href="#[5c]">&gt;&gt;</a>&nbsp;&nbsp;&nbsp;SetHalfRow
<LI><a href="#[5d]">&gt;&gt;</a>&nbsp;&nbsp;&nbsp;ReadPixel
<LI><a href="#[56]">&gt;&gt;</a>&nbsp;&nbsp;&nbsp;Delay
<LI><a href="#[5b]">&gt;&gt;</a>&nbsp;&nbsp;&nbsp;__aeabi_memcpy4
<LI><a href="#[53]">&gt;&gt;</a>&nbsp;&nbsp;&nbsp;rand
</UL>
<BR>[Called By]<UL><LI><a href="#[46]">&gt;&gt;</a>&nbsp;&nbsp;&nbsp;main
</UL>

<P><STRONG><a name="[78]"></a>HieuUng32</STRONG> (Thumb, 230 bytes, Stack size 88 bytes, matrixrgb.o(i.HieuUng32))
<BR><BR>[Stack]<UL><LI>Max Depth = 180<LI>Call Chain = HieuUng32 &rArr; SetHalfRow &rArr; SetPixel
</UL>
<BR>[Calls]<UL><LI><a href="#[55]">&gt;&gt;</a>&nbsp;&nbsp;&nbsp;SweepOut
<LI><a href="#[54]">&gt;&gt;</a>&nbsp;&nbsp;&nbsp;SetPixel
<LI><a href="#[5c]">&gt;&gt;</a>&nbsp;&nbsp;&nbsp;SetHalfRow
<LI><a href="#[5d]">&gt;&gt;</a>&nbsp;&nbsp;&nbsp;ReadPixel
<LI><a href="#[56]">&gt;&gt;</a>&nbsp;&nbsp;&nbsp;Delay
<LI><a href="#[5b]">&gt;&gt;</a>&nbsp;&nbsp;&nbsp;__aeabi_memcpy4
<LI><a href="#[53]">&gt;&gt;</a>&nbsp;&nbsp;&nbsp;rand
</UL>
<BR>[Called By]<UL><LI><a href="#[46]">&gt;&gt;</a>&nbsp;&nbsp;&nbsp;main
</UL>

<P><STRONG><a name="[79]"></a>HieuUng33</STRONG> (Thumb, 336 bytes, Stack size 144 bytes, matrixrgb.o(i.HieuUng33))
<BR><BR>[Stack]<UL><LI>Max Depth = 220<LI>Call Chain = HieuUng33 &rArr; TurnOnHalfRow &rArr; SetPixel
</UL>
<BR>[Calls]<UL><LI><a href="#[6f]">&gt;&gt;</a>&nbsp;&nbsp;&nbsp;TurnOnHalfRow
<LI><a href="#[55]">&gt;&gt;</a>&nbsp;&nbsp;&nbsp;SweepOut
<LI><a href="#[54]">&gt;&gt;</a>&nbsp;&nbsp;&nbsp;SetPixel
<LI><a href="#[5d]">&gt;&gt;</a>&nbsp;&nbsp;&nbsp;ReadPixel
<LI><a href="#[56]">&gt;&gt;</a>&nbsp;&nbsp;&nbsp;Delay
<LI><a href="#[5b]">&gt;&gt;</a>&nbsp;&nbsp;&nbsp;__aeabi_memcpy4
<LI><a href="#[53]">&gt;&gt;</a>&nbsp;&nbsp;&nbsp;rand
</UL>
<BR>[Called By]<UL><LI><a href="#[46]">&gt;&gt;</a>&nbsp;&nbsp;&nbsp;main
</UL>

<P><STRONG><a name="[7a]"></a>HieuUng34</STRONG> (Thumb, 312 bytes, Stack size 136 bytes, matrixrgb.o(i.HieuUng34))
<BR><BR>[Stack]<UL><LI>Max Depth = 172<LI>Call Chain = HieuUng34 &rArr; SetPixel
</UL>
<BR>[Calls]<UL><LI><a href="#[55]">&gt;&gt;</a>&nbsp;&nbsp;&nbsp;SweepOut
<LI><a href="#[54]">&gt;&gt;</a>&nbsp;&nbsp;&nbsp;SetPixel
<LI><a href="#[56]">&gt;&gt;</a>&nbsp;&nbsp;&nbsp;Delay
<LI><a href="#[5b]">&gt;&gt;</a>&nbsp;&nbsp;&nbsp;__aeabi_memcpy4
<LI><a href="#[53]">&gt;&gt;</a>&nbsp;&nbsp;&nbsp;rand
</UL>
<BR>[Called By]<UL><LI><a href="#[46]">&gt;&gt;</a>&nbsp;&nbsp;&nbsp;main
</UL>

<P><STRONG><a name="[7b]"></a>HieuUng35</STRONG> (Thumb, 580 bytes, Stack size 40 bytes, matrixrgb.o(i.HieuUng35))
<BR><BR>[Stack]<UL><LI>Max Depth = 300<LI>Call Chain = HieuUng35 &rArr; SetChuVan &rArr; SetPixel
</UL>
<BR>[Calls]<UL><LI><a href="#[7c]">&gt;&gt;</a>&nbsp;&nbsp;&nbsp;SetChuVan
<LI><a href="#[58]">&gt;&gt;</a>&nbsp;&nbsp;&nbsp;RotateReverseMatrix
<LI><a href="#[5e]">&gt;&gt;</a>&nbsp;&nbsp;&nbsp;RotateMatrix
<LI><a href="#[7d]">&gt;&gt;</a>&nbsp;&nbsp;&nbsp;RollOut
<LI><a href="#[7e]">&gt;&gt;</a>&nbsp;&nbsp;&nbsp;RollIn
<LI><a href="#[56]">&gt;&gt;</a>&nbsp;&nbsp;&nbsp;Delay
<LI><a href="#[53]">&gt;&gt;</a>&nbsp;&nbsp;&nbsp;rand
</UL>
<BR>[Called By]<UL><LI><a href="#[46]">&gt;&gt;</a>&nbsp;&nbsp;&nbsp;main
</UL>

<P><STRONG><a name="[7f]"></a>HieuUng36</STRONG> (Thumb, 460 bytes, Stack size 56 bytes, matrixrgb.o(i.HieuUng36))
<BR><BR>[Stack]<UL><LI>Max Depth = 316<LI>Call Chain = HieuUng36 &rArr; SetChuVan &rArr; SetPixel
</UL>
<BR>[Calls]<UL><LI><a href="#[7c]">&gt;&gt;</a>&nbsp;&nbsp;&nbsp;SetChuVan
<LI><a href="#[58]">&gt;&gt;</a>&nbsp;&nbsp;&nbsp;RotateReverseMatrix
<LI><a href="#[5e]">&gt;&gt;</a>&nbsp;&nbsp;&nbsp;RotateMatrix
<LI><a href="#[56]">&gt;&gt;</a>&nbsp;&nbsp;&nbsp;Delay
<LI><a href="#[53]">&gt;&gt;</a>&nbsp;&nbsp;&nbsp;rand
</UL>
<BR>[Called By]<UL><LI><a href="#[46]">&gt;&gt;</a>&nbsp;&nbsp;&nbsp;main
</UL>

<P><STRONG><a name="[80]"></a>HieuUng4</STRONG> (Thumb, 248 bytes, Stack size 32 bytes, matrixrgb.o(i.HieuUng4))
<BR><BR>[Stack]<UL><LI>Max Depth = 68<LI>Call Chain = HieuUng4 &rArr; SetPixel
</UL>
<BR>[Calls]<UL><LI><a href="#[55]">&gt;&gt;</a>&nbsp;&nbsp;&nbsp;SweepOut
<LI><a href="#[54]">&gt;&gt;</a>&nbsp;&nbsp;&nbsp;SetPixel
<LI><a href="#[5d]">&gt;&gt;</a>&nbsp;&nbsp;&nbsp;ReadPixel
<LI><a href="#[56]">&gt;&gt;</a>&nbsp;&nbsp;&nbsp;Delay
<LI><a href="#[53]">&gt;&gt;</a>&nbsp;&nbsp;&nbsp;rand
</UL>
<BR>[Called By]<UL><LI><a href="#[46]">&gt;&gt;</a>&nbsp;&nbsp;&nbsp;main
</UL>

<P><STRONG><a name="[81]"></a>HieuUng5</STRONG> (Thumb, 348 bytes, Stack size 40 bytes, matrixrgb.o(i.HieuUng5))
<BR><BR>[Stack]<UL><LI>Max Depth = 76<LI>Call Chain = HieuUng5 &rArr; SetPixel
</UL>
<BR>[Calls]<UL><LI><a href="#[55]">&gt;&gt;</a>&nbsp;&nbsp;&nbsp;SweepOut
<LI><a href="#[54]">&gt;&gt;</a>&nbsp;&nbsp;&nbsp;SetPixel
<LI><a href="#[5d]">&gt;&gt;</a>&nbsp;&nbsp;&nbsp;ReadPixel
<LI><a href="#[56]">&gt;&gt;</a>&nbsp;&nbsp;&nbsp;Delay
<LI><a href="#[53]">&gt;&gt;</a>&nbsp;&nbsp;&nbsp;rand
</UL>
<BR>[Called By]<UL><LI><a href="#[46]">&gt;&gt;</a>&nbsp;&nbsp;&nbsp;main
</UL>

<P><STRONG><a name="[82]"></a>HieuUng6</STRONG> (Thumb, 210 bytes, Stack size 40 bytes, matrixrgb.o(i.HieuUng6))
<BR><BR>[Stack]<UL><LI>Max Depth = 76<LI>Call Chain = HieuUng6 &rArr; SetPixel
</UL>
<BR>[Calls]<UL><LI><a href="#[55]">&gt;&gt;</a>&nbsp;&nbsp;&nbsp;SweepOut
<LI><a href="#[54]">&gt;&gt;</a>&nbsp;&nbsp;&nbsp;SetPixel
<LI><a href="#[64]">&gt;&gt;</a>&nbsp;&nbsp;&nbsp;RotateHalf
<LI><a href="#[5d]">&gt;&gt;</a>&nbsp;&nbsp;&nbsp;ReadPixel
<LI><a href="#[56]">&gt;&gt;</a>&nbsp;&nbsp;&nbsp;Delay
<LI><a href="#[53]">&gt;&gt;</a>&nbsp;&nbsp;&nbsp;rand
</UL>
<BR>[Called By]<UL><LI><a href="#[46]">&gt;&gt;</a>&nbsp;&nbsp;&nbsp;main
</UL>

<P><STRONG><a name="[83]"></a>HieuUng7</STRONG> (Thumb, 246 bytes, Stack size 40 bytes, matrixrgb.o(i.HieuUng7))
<BR><BR>[Stack]<UL><LI>Max Depth = 76<LI>Call Chain = HieuUng7 &rArr; SetPixel
</UL>
<BR>[Calls]<UL><LI><a href="#[55]">&gt;&gt;</a>&nbsp;&nbsp;&nbsp;SweepOut
<LI><a href="#[54]">&gt;&gt;</a>&nbsp;&nbsp;&nbsp;SetPixel
<LI><a href="#[5d]">&gt;&gt;</a>&nbsp;&nbsp;&nbsp;ReadPixel
<LI><a href="#[56]">&gt;&gt;</a>&nbsp;&nbsp;&nbsp;Delay
<LI><a href="#[53]">&gt;&gt;</a>&nbsp;&nbsp;&nbsp;rand
</UL>
<BR>[Called By]<UL><LI><a href="#[46]">&gt;&gt;</a>&nbsp;&nbsp;&nbsp;main
</UL>

<P><STRONG><a name="[84]"></a>HieuUng8</STRONG> (Thumb, 532 bytes, Stack size 40 bytes, matrixrgb.o(i.HieuUng8))
<BR><BR>[Stack]<UL><LI>Max Depth = 76<LI>Call Chain = HieuUng8 &rArr; SetPixel
</UL>
<BR>[Calls]<UL><LI><a href="#[55]">&gt;&gt;</a>&nbsp;&nbsp;&nbsp;SweepOut
<LI><a href="#[54]">&gt;&gt;</a>&nbsp;&nbsp;&nbsp;SetPixel
<LI><a href="#[5d]">&gt;&gt;</a>&nbsp;&nbsp;&nbsp;ReadPixel
<LI><a href="#[56]">&gt;&gt;</a>&nbsp;&nbsp;&nbsp;Delay
<LI><a href="#[53]">&gt;&gt;</a>&nbsp;&nbsp;&nbsp;rand
</UL>
<BR>[Called By]<UL><LI><a href="#[46]">&gt;&gt;</a>&nbsp;&nbsp;&nbsp;main
</UL>

<P><STRONG><a name="[85]"></a>HieuUng9</STRONG> (Thumb, 584 bytes, Stack size 40 bytes, matrixrgb.o(i.HieuUng9))
<BR><BR>[Stack]<UL><LI>Max Depth = 76<LI>Call Chain = HieuUng9 &rArr; SetPixel
</UL>
<BR>[Calls]<UL><LI><a href="#[55]">&gt;&gt;</a>&nbsp;&nbsp;&nbsp;SweepOut
<LI><a href="#[54]">&gt;&gt;</a>&nbsp;&nbsp;&nbsp;SetPixel
<LI><a href="#[5d]">&gt;&gt;</a>&nbsp;&nbsp;&nbsp;ReadPixel
<LI><a href="#[56]">&gt;&gt;</a>&nbsp;&nbsp;&nbsp;Delay
<LI><a href="#[53]">&gt;&gt;</a>&nbsp;&nbsp;&nbsp;rand
</UL>
<BR>[Called By]<UL><LI><a href="#[46]">&gt;&gt;</a>&nbsp;&nbsp;&nbsp;main
</UL>

<P><STRONG><a name="[86]"></a>MatrixRGB_Config</STRONG> (Thumb, 450 bytes, Stack size 40 bytes, matrixrgb.o(i.MatrixRGB_Config))
<BR><BR>[Stack]<UL><LI>Max Depth = 60<LI>Call Chain = MatrixRGB_Config &rArr; GPIO_PinRemapConfig
</UL>
<BR>[Calls]<UL><LI><a href="#[87]">&gt;&gt;</a>&nbsp;&nbsp;&nbsp;RCC_APB2PeriphClockCmd
<LI><a href="#[8a]">&gt;&gt;</a>&nbsp;&nbsp;&nbsp;GPIO_SetBits
<LI><a href="#[89]">&gt;&gt;</a>&nbsp;&nbsp;&nbsp;GPIO_PinRemapConfig
<LI><a href="#[88]">&gt;&gt;</a>&nbsp;&nbsp;&nbsp;GPIO_Init
<LI><a href="#[50]">&gt;&gt;</a>&nbsp;&nbsp;&nbsp;GPIO_DeInit
</UL>
<BR>[Called By]<UL><LI><a href="#[46]">&gt;&gt;</a>&nbsp;&nbsp;&nbsp;main
</UL>

<P><STRONG><a name="[8b]"></a>MatrixRGB_ScanPWM</STRONG> (Thumb, 244 bytes, Stack size 40 bytes, matrixrgb.o(i.MatrixRGB_ScanPWM))
<BR><BR>[Stack]<UL><LI>Max Depth = 80<LI>Call Chain = MatrixRGB_ScanPWM &rArr; ShiftOut4Row
</UL>
<BR>[Calls]<UL><LI><a href="#[8a]">&gt;&gt;</a>&nbsp;&nbsp;&nbsp;GPIO_SetBits
<LI><a href="#[8d]">&gt;&gt;</a>&nbsp;&nbsp;&nbsp;GPIO_ResetBits
<LI><a href="#[8c]">&gt;&gt;</a>&nbsp;&nbsp;&nbsp;ShiftOut4Row
</UL>
<BR>[Called By]<UL><LI><a href="#[29]">&gt;&gt;</a>&nbsp;&nbsp;&nbsp;TIM2_IRQHandler
</UL>

<P><STRONG><a name="[6]"></a>MemManage_Handler</STRONG> (Thumb, 2 bytes, Stack size 0 bytes, stm32f10x_it.o(i.MemManage_Handler))
<BR><BR>[Calls]<UL><LI><a href="#[6]">&gt;&gt;</a>&nbsp;&nbsp;&nbsp;MemManage_Handler
</UL>
<BR>[Called By]<UL><LI><a href="#[6]">&gt;&gt;</a>&nbsp;&nbsp;&nbsp;MemManage_Handler
</UL>
<BR>[Address Reference Count : 1]<UL><LI> startup_stm32f10x_md.o(RESET)
</UL>
<P><STRONG><a name="[4]"></a>NMI_Handler</STRONG> (Thumb, 2 bytes, Stack size 0 bytes, stm32f10x_it.o(i.NMI_Handler))
<BR>[Address Reference Count : 1]<UL><LI> startup_stm32f10x_md.o(RESET)
</UL>
<P><STRONG><a name="[a5]"></a>NVIC_Init</STRONG> (Thumb, 90 bytes, Stack size 20 bytes, misc.o(i.NVIC_Init))
<BR><BR>[Stack]<UL><LI>Max Depth = 20<LI>Call Chain = NVIC_Init
</UL>
<BR>[Called By]<UL><LI><a href="#[9f]">&gt;&gt;</a>&nbsp;&nbsp;&nbsp;TIM2_Config
</UL>

<P><STRONG><a name="[b]"></a>PendSV_Handler</STRONG> (Thumb, 2 bytes, Stack size 0 bytes, stm32f10x_it.o(i.PendSV_Handler))
<BR>[Address Reference Count : 1]<UL><LI> startup_stm32f10x_md.o(RESET)
</UL>
<P><STRONG><a name="[a0]"></a>RCC_APB1PeriphClockCmd</STRONG> (Thumb, 18 bytes, Stack size 0 bytes, stm32f10x_rcc.o(i.RCC_APB1PeriphClockCmd))
<BR><BR>[Called By]<UL><LI><a href="#[9f]">&gt;&gt;</a>&nbsp;&nbsp;&nbsp;TIM2_Config
</UL>

<P><STRONG><a name="[87]"></a>RCC_APB2PeriphClockCmd</STRONG> (Thumb, 18 bytes, Stack size 0 bytes, stm32f10x_rcc.o(i.RCC_APB2PeriphClockCmd))
<BR><BR>[Called By]<UL><LI><a href="#[86]">&gt;&gt;</a>&nbsp;&nbsp;&nbsp;MatrixRGB_Config
</UL>

<P><STRONG><a name="[51]"></a>RCC_APB2PeriphResetCmd</STRONG> (Thumb, 18 bytes, Stack size 0 bytes, stm32f10x_rcc.o(i.RCC_APB2PeriphResetCmd))
<BR><BR>[Called By]<UL><LI><a href="#[50]">&gt;&gt;</a>&nbsp;&nbsp;&nbsp;GPIO_DeInit
</UL>

<P><STRONG><a name="[91]"></a>RCC_DeInit</STRONG> (Thumb, 50 bytes, Stack size 0 bytes, stm32f10x_rcc.o(i.RCC_DeInit))
<BR><BR>[Called By]<UL><LI><a href="#[92]">&gt;&gt;</a>&nbsp;&nbsp;&nbsp;SetSysClockTo72
<LI><a href="#[90]">&gt;&gt;</a>&nbsp;&nbsp;&nbsp;SetSysClock
</UL>

<P><STRONG><a name="[a7]"></a>RCC_GetClocksFreq</STRONG> (Thumb, 130 bytes, Stack size 12 bytes, stm32f10x_rcc.o(i.RCC_GetClocksFreq))
<BR><BR>[Stack]<UL><LI>Max Depth = 12<LI>Call Chain = RCC_GetClocksFreq
</UL>
<BR>[Called By]<UL><LI><a href="#[46]">&gt;&gt;</a>&nbsp;&nbsp;&nbsp;main
</UL>

<P><STRONG><a name="[8f]"></a>RCC_GetFlagStatus</STRONG> (Thumb, 44 bytes, Stack size 0 bytes, stm32f10x_rcc.o(i.RCC_GetFlagStatus))
<BR><BR>[Called By]<UL><LI><a href="#[8e]">&gt;&gt;</a>&nbsp;&nbsp;&nbsp;RCC_WaitForHSEStartUp
<LI><a href="#[92]">&gt;&gt;</a>&nbsp;&nbsp;&nbsp;SetSysClockTo72
</UL>

<P><STRONG><a name="[9d]"></a>RCC_GetSYSCLKSource</STRONG> (Thumb, 10 bytes, Stack size 0 bytes, stm32f10x_rcc.o(i.RCC_GetSYSCLKSource))
<BR><BR>[Called By]<UL><LI><a href="#[92]">&gt;&gt;</a>&nbsp;&nbsp;&nbsp;SetSysClockTo72
</UL>

<P><STRONG><a name="[97]"></a>RCC_HCLKConfig</STRONG> (Thumb, 14 bytes, Stack size 0 bytes, stm32f10x_rcc.o(i.RCC_HCLKConfig))
<BR><BR>[Called By]<UL><LI><a href="#[92]">&gt;&gt;</a>&nbsp;&nbsp;&nbsp;SetSysClockTo72
</UL>

<P><STRONG><a name="[94]"></a>RCC_HSEConfig</STRONG> (Thumb, 48 bytes, Stack size 0 bytes, stm32f10x_rcc.o(i.RCC_HSEConfig))
<BR><BR>[Called By]<UL><LI><a href="#[92]">&gt;&gt;</a>&nbsp;&nbsp;&nbsp;SetSysClockTo72
</UL>

<P><STRONG><a name="[99]"></a>RCC_PCLK1Config</STRONG> (Thumb, 14 bytes, Stack size 0 bytes, stm32f10x_rcc.o(i.RCC_PCLK1Config))
<BR><BR>[Called By]<UL><LI><a href="#[92]">&gt;&gt;</a>&nbsp;&nbsp;&nbsp;SetSysClockTo72
</UL>

<P><STRONG><a name="[98]"></a>RCC_PCLK2Config</STRONG> (Thumb, 16 bytes, Stack size 0 bytes, stm32f10x_rcc.o(i.RCC_PCLK2Config))
<BR><BR>[Called By]<UL><LI><a href="#[92]">&gt;&gt;</a>&nbsp;&nbsp;&nbsp;SetSysClockTo72
</UL>

<P><STRONG><a name="[9b]"></a>RCC_PLLCmd</STRONG> (Thumb, 6 bytes, Stack size 0 bytes, stm32f10x_rcc.o(i.RCC_PLLCmd))
<BR><BR>[Called By]<UL><LI><a href="#[92]">&gt;&gt;</a>&nbsp;&nbsp;&nbsp;SetSysClockTo72
</UL>

<P><STRONG><a name="[9a]"></a>RCC_PLLConfig</STRONG> (Thumb, 16 bytes, Stack size 0 bytes, stm32f10x_rcc.o(i.RCC_PLLConfig))
<BR><BR>[Called By]<UL><LI><a href="#[92]">&gt;&gt;</a>&nbsp;&nbsp;&nbsp;SetSysClockTo72
</UL>

<P><STRONG><a name="[9c]"></a>RCC_SYSCLKConfig</STRONG> (Thumb, 14 bytes, Stack size 0 bytes, stm32f10x_rcc.o(i.RCC_SYSCLKConfig))
<BR><BR>[Called By]<UL><LI><a href="#[92]">&gt;&gt;</a>&nbsp;&nbsp;&nbsp;SetSysClockTo72
</UL>

<P><STRONG><a name="[8e]"></a>RCC_WaitForHSEStartUp</STRONG> (Thumb, 44 bytes, Stack size 12 bytes, stm32f10x_rcc.o(i.RCC_WaitForHSEStartUp))
<BR><BR>[Stack]<UL><LI>Max Depth = 12<LI>Call Chain = RCC_WaitForHSEStartUp
</UL>
<BR>[Calls]<UL><LI><a href="#[8f]">&gt;&gt;</a>&nbsp;&nbsp;&nbsp;RCC_GetFlagStatus
</UL>
<BR>[Called By]<UL><LI><a href="#[92]">&gt;&gt;</a>&nbsp;&nbsp;&nbsp;SetSysClockTo72
</UL>

<P><STRONG><a name="[5d]"></a>ReadPixel</STRONG> (Thumb, 110 bytes, Stack size 12 bytes, matrixrgb.o(i.ReadPixel))
<BR><BR>[Stack]<UL><LI>Max Depth = 12<LI>Call Chain = ReadPixel
</UL>
<BR>[Called By]<UL><LI><a href="#[85]">&gt;&gt;</a>&nbsp;&nbsp;&nbsp;HieuUng9
<LI><a href="#[84]">&gt;&gt;</a>&nbsp;&nbsp;&nbsp;HieuUng8
<LI><a href="#[83]">&gt;&gt;</a>&nbsp;&nbsp;&nbsp;HieuUng7
<LI><a href="#[82]">&gt;&gt;</a>&nbsp;&nbsp;&nbsp;HieuUng6
<LI><a href="#[81]">&gt;&gt;</a>&nbsp;&nbsp;&nbsp;HieuUng5
<LI><a href="#[80]">&gt;&gt;</a>&nbsp;&nbsp;&nbsp;HieuUng4
<LI><a href="#[79]">&gt;&gt;</a>&nbsp;&nbsp;&nbsp;HieuUng33
<LI><a href="#[78]">&gt;&gt;</a>&nbsp;&nbsp;&nbsp;HieuUng32
<LI><a href="#[77]">&gt;&gt;</a>&nbsp;&nbsp;&nbsp;HieuUng31
<LI><a href="#[76]">&gt;&gt;</a>&nbsp;&nbsp;&nbsp;HieuUng30
<LI><a href="#[73]">&gt;&gt;</a>&nbsp;&nbsp;&nbsp;HieuUng29
<LI><a href="#[72]">&gt;&gt;</a>&nbsp;&nbsp;&nbsp;HieuUng28
<LI><a href="#[71]">&gt;&gt;</a>&nbsp;&nbsp;&nbsp;HieuUng27
<LI><a href="#[70]">&gt;&gt;</a>&nbsp;&nbsp;&nbsp;HieuUng26
<LI><a href="#[6e]">&gt;&gt;</a>&nbsp;&nbsp;&nbsp;HieuUng25
<LI><a href="#[6c]">&gt;&gt;</a>&nbsp;&nbsp;&nbsp;HieuUng23
<LI><a href="#[67]">&gt;&gt;</a>&nbsp;&nbsp;&nbsp;HieuUng2
<LI><a href="#[63]">&gt;&gt;</a>&nbsp;&nbsp;&nbsp;HieuUng18
<LI><a href="#[60]">&gt;&gt;</a>&nbsp;&nbsp;&nbsp;HieuUng14
<LI><a href="#[5a]">&gt;&gt;</a>&nbsp;&nbsp;&nbsp;HieuUng12
</UL>

<P><STRONG><a name="[7e]"></a>RollIn</STRONG> (Thumb, 82 bytes, Stack size 20 bytes, matrixrgb.o(i.RollIn))
<BR><BR>[Stack]<UL><LI>Max Depth = 20<LI>Call Chain = RollIn
</UL>
<BR>[Called By]<UL><LI><a href="#[7b]">&gt;&gt;</a>&nbsp;&nbsp;&nbsp;HieuUng35
</UL>

<P><STRONG><a name="[7d]"></a>RollOut</STRONG> (Thumb, 92 bytes, Stack size 20 bytes, matrixrgb.o(i.RollOut))
<BR><BR>[Stack]<UL><LI>Max Depth = 20<LI>Call Chain = RollOut
</UL>
<BR>[Called By]<UL><LI><a href="#[7b]">&gt;&gt;</a>&nbsp;&nbsp;&nbsp;HieuUng35
</UL>

<P><STRONG><a name="[64]"></a>RotateHalf</STRONG> (Thumb, 196 bytes, Stack size 20 bytes, matrixrgb.o(i.RotateHalf))
<BR><BR>[Stack]<UL><LI>Max Depth = 20<LI>Call Chain = RotateHalf
</UL>
<BR>[Called By]<UL><LI><a href="#[82]">&gt;&gt;</a>&nbsp;&nbsp;&nbsp;HieuUng6
<LI><a href="#[63]">&gt;&gt;</a>&nbsp;&nbsp;&nbsp;HieuUng18
</UL>

<P><STRONG><a name="[5e]"></a>RotateMatrix</STRONG> (Thumb, 282 bytes, Stack size 20 bytes, matrixrgb.o(i.RotateMatrix))
<BR><BR>[Stack]<UL><LI>Max Depth = 20<LI>Call Chain = RotateMatrix
</UL>
<BR>[Called By]<UL><LI><a href="#[7f]">&gt;&gt;</a>&nbsp;&nbsp;&nbsp;HieuUng36
<LI><a href="#[7b]">&gt;&gt;</a>&nbsp;&nbsp;&nbsp;HieuUng35
<LI><a href="#[6d]">&gt;&gt;</a>&nbsp;&nbsp;&nbsp;HieuUng24
<LI><a href="#[62]">&gt;&gt;</a>&nbsp;&nbsp;&nbsp;HieuUng16
<LI><a href="#[61]">&gt;&gt;</a>&nbsp;&nbsp;&nbsp;HieuUng15
<LI><a href="#[5a]">&gt;&gt;</a>&nbsp;&nbsp;&nbsp;HieuUng12
</UL>

<P><STRONG><a name="[58]"></a>RotateReverseMatrix</STRONG> (Thumb, 274 bytes, Stack size 28 bytes, matrixrgb.o(i.RotateReverseMatrix))
<BR><BR>[Stack]<UL><LI>Max Depth = 28<LI>Call Chain = RotateReverseMatrix
</UL>
<BR>[Called By]<UL><LI><a href="#[7f]">&gt;&gt;</a>&nbsp;&nbsp;&nbsp;HieuUng36
<LI><a href="#[7b]">&gt;&gt;</a>&nbsp;&nbsp;&nbsp;HieuUng35
<LI><a href="#[6d]">&gt;&gt;</a>&nbsp;&nbsp;&nbsp;HieuUng24
<LI><a href="#[61]">&gt;&gt;</a>&nbsp;&nbsp;&nbsp;HieuUng15
<LI><a href="#[5a]">&gt;&gt;</a>&nbsp;&nbsp;&nbsp;HieuUng12
<LI><a href="#[57]">&gt;&gt;</a>&nbsp;&nbsp;&nbsp;HieuUng10
</UL>

<P><STRONG><a name="[9]"></a>SVC_Handler</STRONG> (Thumb, 2 bytes, Stack size 0 bytes, stm32f10x_it.o(i.SVC_Handler))
<BR>[Address Reference Count : 1]<UL><LI> startup_stm32f10x_md.o(RESET)
</UL>
<P><STRONG><a name="[7c]"></a>SetChuVan</STRONG> (Thumb, 462 bytes, Stack size 224 bytes, matrixrgb.o(i.SetChuVan))
<BR><BR>[Stack]<UL><LI>Max Depth = 260<LI>Call Chain = SetChuVan &rArr; SetPixel
</UL>
<BR>[Calls]<UL><LI><a href="#[54]">&gt;&gt;</a>&nbsp;&nbsp;&nbsp;SetPixel
<LI><a href="#[5b]">&gt;&gt;</a>&nbsp;&nbsp;&nbsp;__aeabi_memcpy4
</UL>
<BR>[Called By]<UL><LI><a href="#[7f]">&gt;&gt;</a>&nbsp;&nbsp;&nbsp;HieuUng36
<LI><a href="#[7b]">&gt;&gt;</a>&nbsp;&nbsp;&nbsp;HieuUng35
</UL>

<P><STRONG><a name="[66]"></a>SetFullRow</STRONG> (Thumb, 148 bytes, Stack size 56 bytes, matrixrgb.o(i.SetFullRow))
<BR><BR>[Stack]<UL><LI>Max Depth = 92<LI>Call Chain = SetFullRow &rArr; SetPixel
</UL>
<BR>[Calls]<UL><LI><a href="#[54]">&gt;&gt;</a>&nbsp;&nbsp;&nbsp;SetPixel
</UL>
<BR>[Called By]<UL><LI><a href="#[6d]">&gt;&gt;</a>&nbsp;&nbsp;&nbsp;HieuUng24
<LI><a href="#[68]">&gt;&gt;</a>&nbsp;&nbsp;&nbsp;HieuUng20
<LI><a href="#[65]">&gt;&gt;</a>&nbsp;&nbsp;&nbsp;HieuUng19
</UL>

<P><STRONG><a name="[5c]"></a>SetHalfRow</STRONG> (Thumb, 92 bytes, Stack size 56 bytes, matrixrgb.o(i.SetHalfRow))
<BR><BR>[Stack]<UL><LI>Max Depth = 92<LI>Call Chain = SetHalfRow &rArr; SetPixel
</UL>
<BR>[Calls]<UL><LI><a href="#[54]">&gt;&gt;</a>&nbsp;&nbsp;&nbsp;SetPixel
</UL>
<BR>[Called By]<UL><LI><a href="#[78]">&gt;&gt;</a>&nbsp;&nbsp;&nbsp;HieuUng32
<LI><a href="#[77]">&gt;&gt;</a>&nbsp;&nbsp;&nbsp;HieuUng31
<LI><a href="#[6c]">&gt;&gt;</a>&nbsp;&nbsp;&nbsp;HieuUng23
<LI><a href="#[60]">&gt;&gt;</a>&nbsp;&nbsp;&nbsp;HieuUng14
<LI><a href="#[5a]">&gt;&gt;</a>&nbsp;&nbsp;&nbsp;HieuUng12
</UL>

<P><STRONG><a name="[54]"></a>SetPixel</STRONG> (Thumb, 194 bytes, Stack size 36 bytes, matrixrgb.o(i.SetPixel))
<BR><BR>[Stack]<UL><LI>Max Depth = 36<LI>Call Chain = SetPixel
</UL>
<BR>[Called By]<UL><LI><a href="#[6f]">&gt;&gt;</a>&nbsp;&nbsp;&nbsp;TurnOnHalfRow
<LI><a href="#[5c]">&gt;&gt;</a>&nbsp;&nbsp;&nbsp;SetHalfRow
<LI><a href="#[66]">&gt;&gt;</a>&nbsp;&nbsp;&nbsp;SetFullRow
<LI><a href="#[7c]">&gt;&gt;</a>&nbsp;&nbsp;&nbsp;SetChuVan
<LI><a href="#[85]">&gt;&gt;</a>&nbsp;&nbsp;&nbsp;HieuUng9
<LI><a href="#[84]">&gt;&gt;</a>&nbsp;&nbsp;&nbsp;HieuUng8
<LI><a href="#[83]">&gt;&gt;</a>&nbsp;&nbsp;&nbsp;HieuUng7
<LI><a href="#[82]">&gt;&gt;</a>&nbsp;&nbsp;&nbsp;HieuUng6
<LI><a href="#[81]">&gt;&gt;</a>&nbsp;&nbsp;&nbsp;HieuUng5
<LI><a href="#[80]">&gt;&gt;</a>&nbsp;&nbsp;&nbsp;HieuUng4
<LI><a href="#[7a]">&gt;&gt;</a>&nbsp;&nbsp;&nbsp;HieuUng34
<LI><a href="#[79]">&gt;&gt;</a>&nbsp;&nbsp;&nbsp;HieuUng33
<LI><a href="#[78]">&gt;&gt;</a>&nbsp;&nbsp;&nbsp;HieuUng32
<LI><a href="#[77]">&gt;&gt;</a>&nbsp;&nbsp;&nbsp;HieuUng31
<LI><a href="#[76]">&gt;&gt;</a>&nbsp;&nbsp;&nbsp;HieuUng30
<LI><a href="#[74]">&gt;&gt;</a>&nbsp;&nbsp;&nbsp;HieuUng3
<LI><a href="#[73]">&gt;&gt;</a>&nbsp;&nbsp;&nbsp;HieuUng29
<LI><a href="#[72]">&gt;&gt;</a>&nbsp;&nbsp;&nbsp;HieuUng28
<LI><a href="#[71]">&gt;&gt;</a>&nbsp;&nbsp;&nbsp;HieuUng27
<LI><a href="#[70]">&gt;&gt;</a>&nbsp;&nbsp;&nbsp;HieuUng26
<LI><a href="#[6e]">&gt;&gt;</a>&nbsp;&nbsp;&nbsp;HieuUng25
<LI><a href="#[6c]">&gt;&gt;</a>&nbsp;&nbsp;&nbsp;HieuUng23
<LI><a href="#[6a]">&gt;&gt;</a>&nbsp;&nbsp;&nbsp;HieuUng22
<LI><a href="#[67]">&gt;&gt;</a>&nbsp;&nbsp;&nbsp;HieuUng2
<LI><a href="#[63]">&gt;&gt;</a>&nbsp;&nbsp;&nbsp;HieuUng18
<LI><a href="#[62]">&gt;&gt;</a>&nbsp;&nbsp;&nbsp;HieuUng16
<LI><a href="#[61]">&gt;&gt;</a>&nbsp;&nbsp;&nbsp;HieuUng15
<LI><a href="#[60]">&gt;&gt;</a>&nbsp;&nbsp;&nbsp;HieuUng14
<LI><a href="#[5f]">&gt;&gt;</a>&nbsp;&nbsp;&nbsp;HieuUng13
<LI><a href="#[5a]">&gt;&gt;</a>&nbsp;&nbsp;&nbsp;HieuUng12
<LI><a href="#[59]">&gt;&gt;</a>&nbsp;&nbsp;&nbsp;HieuUng11
<LI><a href="#[57]">&gt;&gt;</a>&nbsp;&nbsp;&nbsp;HieuUng10
<LI><a href="#[52]">&gt;&gt;</a>&nbsp;&nbsp;&nbsp;HieuUng1
</UL>

<P><STRONG><a name="[90]"></a>SetSysClock</STRONG> (Thumb, 20 bytes, Stack size 8 bytes, mystm32f10x.o(i.SetSysClock))
<BR><BR>[Stack]<UL><LI>Max Depth = 28<LI>Call Chain = SetSysClock &rArr; SetSysClockTo72 &rArr; RCC_WaitForHSEStartUp
</UL>
<BR>[Calls]<UL><LI><a href="#[91]">&gt;&gt;</a>&nbsp;&nbsp;&nbsp;RCC_DeInit
<LI><a href="#[93]">&gt;&gt;</a>&nbsp;&nbsp;&nbsp;delay_init
<LI><a href="#[92]">&gt;&gt;</a>&nbsp;&nbsp;&nbsp;SetSysClockTo72
</UL>
<BR>[Called By]<UL><LI><a href="#[46]">&gt;&gt;</a>&nbsp;&nbsp;&nbsp;main
</UL>

<P><STRONG><a name="[92]"></a>SetSysClockTo72</STRONG> (Thumb, 106 bytes, Stack size 8 bytes, mystm32f10x.o(i.SetSysClockTo72))
<BR><BR>[Stack]<UL><LI>Max Depth = 20<LI>Call Chain = SetSysClockTo72 &rArr; RCC_WaitForHSEStartUp
</UL>
<BR>[Calls]<UL><LI><a href="#[8e]">&gt;&gt;</a>&nbsp;&nbsp;&nbsp;RCC_WaitForHSEStartUp
<LI><a href="#[9c]">&gt;&gt;</a>&nbsp;&nbsp;&nbsp;RCC_SYSCLKConfig
<LI><a href="#[9a]">&gt;&gt;</a>&nbsp;&nbsp;&nbsp;RCC_PLLConfig
<LI><a href="#[9b]">&gt;&gt;</a>&nbsp;&nbsp;&nbsp;RCC_PLLCmd
<LI><a href="#[98]">&gt;&gt;</a>&nbsp;&nbsp;&nbsp;RCC_PCLK2Config
<LI><a href="#[99]">&gt;&gt;</a>&nbsp;&nbsp;&nbsp;RCC_PCLK1Config
<LI><a href="#[94]">&gt;&gt;</a>&nbsp;&nbsp;&nbsp;RCC_HSEConfig
<LI><a href="#[97]">&gt;&gt;</a>&nbsp;&nbsp;&nbsp;RCC_HCLKConfig
<LI><a href="#[9d]">&gt;&gt;</a>&nbsp;&nbsp;&nbsp;RCC_GetSYSCLKSource
<LI><a href="#[8f]">&gt;&gt;</a>&nbsp;&nbsp;&nbsp;RCC_GetFlagStatus
<LI><a href="#[91]">&gt;&gt;</a>&nbsp;&nbsp;&nbsp;RCC_DeInit
<LI><a href="#[96]">&gt;&gt;</a>&nbsp;&nbsp;&nbsp;FLASH_SetLatency
<LI><a href="#[95]">&gt;&gt;</a>&nbsp;&nbsp;&nbsp;FLASH_PrefetchBufferCmd
</UL>
<BR>[Called By]<UL><LI><a href="#[90]">&gt;&gt;</a>&nbsp;&nbsp;&nbsp;SetSysClock
</UL>

<P><STRONG><a name="[8c]"></a>ShiftOut4Row</STRONG> (Thumb, 138 bytes, Stack size 40 bytes, matrixrgb.o(i.ShiftOut4Row))
<BR><BR>[Stack]<UL><LI>Max Depth = 40<LI>Call Chain = ShiftOut4Row
</UL>
<BR>[Calls]<UL><LI><a href="#[8a]">&gt;&gt;</a>&nbsp;&nbsp;&nbsp;GPIO_SetBits
<LI><a href="#[8d]">&gt;&gt;</a>&nbsp;&nbsp;&nbsp;GPIO_ResetBits
</UL>
<BR>[Called By]<UL><LI><a href="#[8b]">&gt;&gt;</a>&nbsp;&nbsp;&nbsp;MatrixRGB_ScanPWM
</UL>

<P><STRONG><a name="[6b]"></a>Spectrum2RGB</STRONG> (Thumb, 152 bytes, Stack size 0 bytes, matrixrgb.o(i.Spectrum2RGB))
<BR><BR>[Called By]<UL><LI><a href="#[6d]">&gt;&gt;</a>&nbsp;&nbsp;&nbsp;HieuUng24
<LI><a href="#[6c]">&gt;&gt;</a>&nbsp;&nbsp;&nbsp;HieuUng23
<LI><a href="#[6a]">&gt;&gt;</a>&nbsp;&nbsp;&nbsp;HieuUng22
</UL>

<P><STRONG><a name="[69]"></a>SweepIn</STRONG> (Thumb, 84 bytes, Stack size 16 bytes, matrixrgb.o(i.SweepIn))
<BR><BR>[Stack]<UL><LI>Max Depth = 16<LI>Call Chain = SweepIn
</UL>
<BR>[Called By]<UL><LI><a href="#[6a]">&gt;&gt;</a>&nbsp;&nbsp;&nbsp;HieuUng22
<LI><a href="#[68]">&gt;&gt;</a>&nbsp;&nbsp;&nbsp;HieuUng20
</UL>

<P><STRONG><a name="[55]"></a>SweepOut</STRONG> (Thumb, 88 bytes, Stack size 16 bytes, matrixrgb.o(i.SweepOut))
<BR><BR>[Stack]<UL><LI>Max Depth = 16<LI>Call Chain = SweepOut
</UL>
<BR>[Called By]<UL><LI><a href="#[85]">&gt;&gt;</a>&nbsp;&nbsp;&nbsp;HieuUng9
<LI><a href="#[84]">&gt;&gt;</a>&nbsp;&nbsp;&nbsp;HieuUng8
<LI><a href="#[83]">&gt;&gt;</a>&nbsp;&nbsp;&nbsp;HieuUng7
<LI><a href="#[82]">&gt;&gt;</a>&nbsp;&nbsp;&nbsp;HieuUng6
<LI><a href="#[81]">&gt;&gt;</a>&nbsp;&nbsp;&nbsp;HieuUng5
<LI><a href="#[80]">&gt;&gt;</a>&nbsp;&nbsp;&nbsp;HieuUng4
<LI><a href="#[7a]">&gt;&gt;</a>&nbsp;&nbsp;&nbsp;HieuUng34
<LI><a href="#[79]">&gt;&gt;</a>&nbsp;&nbsp;&nbsp;HieuUng33
<LI><a href="#[78]">&gt;&gt;</a>&nbsp;&nbsp;&nbsp;HieuUng32
<LI><a href="#[77]">&gt;&gt;</a>&nbsp;&nbsp;&nbsp;HieuUng31
<LI><a href="#[76]">&gt;&gt;</a>&nbsp;&nbsp;&nbsp;HieuUng30
<LI><a href="#[74]">&gt;&gt;</a>&nbsp;&nbsp;&nbsp;HieuUng3
<LI><a href="#[73]">&gt;&gt;</a>&nbsp;&nbsp;&nbsp;HieuUng29
<LI><a href="#[72]">&gt;&gt;</a>&nbsp;&nbsp;&nbsp;HieuUng28
<LI><a href="#[71]">&gt;&gt;</a>&nbsp;&nbsp;&nbsp;HieuUng27
<LI><a href="#[70]">&gt;&gt;</a>&nbsp;&nbsp;&nbsp;HieuUng26
<LI><a href="#[6e]">&gt;&gt;</a>&nbsp;&nbsp;&nbsp;HieuUng25
<LI><a href="#[6d]">&gt;&gt;</a>&nbsp;&nbsp;&nbsp;HieuUng24
<LI><a href="#[6c]">&gt;&gt;</a>&nbsp;&nbsp;&nbsp;HieuUng23
<LI><a href="#[6a]">&gt;&gt;</a>&nbsp;&nbsp;&nbsp;HieuUng22
<LI><a href="#[67]">&gt;&gt;</a>&nbsp;&nbsp;&nbsp;HieuUng2
<LI><a href="#[65]">&gt;&gt;</a>&nbsp;&nbsp;&nbsp;HieuUng19
<LI><a href="#[63]">&gt;&gt;</a>&nbsp;&nbsp;&nbsp;HieuUng18
<LI><a href="#[62]">&gt;&gt;</a>&nbsp;&nbsp;&nbsp;HieuUng16
<LI><a href="#[61]">&gt;&gt;</a>&nbsp;&nbsp;&nbsp;HieuUng15
<LI><a href="#[60]">&gt;&gt;</a>&nbsp;&nbsp;&nbsp;HieuUng14
<LI><a href="#[5f]">&gt;&gt;</a>&nbsp;&nbsp;&nbsp;HieuUng13
<LI><a href="#[5a]">&gt;&gt;</a>&nbsp;&nbsp;&nbsp;HieuUng12
<LI><a href="#[59]">&gt;&gt;</a>&nbsp;&nbsp;&nbsp;HieuUng11
<LI><a href="#[57]">&gt;&gt;</a>&nbsp;&nbsp;&nbsp;HieuUng10
<LI><a href="#[52]">&gt;&gt;</a>&nbsp;&nbsp;&nbsp;HieuUng1
</UL>

<P><STRONG><a name="[c]"></a>SysTick_Handler</STRONG> (Thumb, 2 bytes, Stack size 0 bytes, stm32f10x_it.o(i.SysTick_Handler))
<BR>[Address Reference Count : 1]<UL><LI> startup_stm32f10x_md.o(RESET)
</UL>
<P><STRONG><a name="[38]"></a>SystemInit</STRONG> (Thumb, 64 bytes, Stack size 8 bytes, system_stm32f10x.o(i.SystemInit))
<BR><BR>[Stack]<UL><LI>Max Depth = 20<LI>Call Chain = SystemInit &rArr; SetSysClockTo72
</UL>
<BR>[Calls]<UL><LI><a href="#[9e]">&gt;&gt;</a>&nbsp;&nbsp;&nbsp;SetSysClockTo72
</UL>
<BR>[Address Reference Count : 1]<UL><LI> startup_stm32f10x_md.o(.text)
</UL>
<P><STRONG><a name="[9f]"></a>TIM2_Config</STRONG> (Thumb, 98 bytes, Stack size 32 bytes, mystm32f10x.o(i.TIM2_Config))
<BR><BR>[Stack]<UL><LI>Max Depth = 52<LI>Call Chain = TIM2_Config &rArr; NVIC_Init
</UL>
<BR>[Calls]<UL><LI><a href="#[a1]">&gt;&gt;</a>&nbsp;&nbsp;&nbsp;TIM_TimeBaseInit
<LI><a href="#[a3]">&gt;&gt;</a>&nbsp;&nbsp;&nbsp;TIM_ITConfig
<LI><a href="#[a4]">&gt;&gt;</a>&nbsp;&nbsp;&nbsp;TIM_Cmd
<LI><a href="#[a0]">&gt;&gt;</a>&nbsp;&nbsp;&nbsp;RCC_APB1PeriphClockCmd
<LI><a href="#[a5]">&gt;&gt;</a>&nbsp;&nbsp;&nbsp;NVIC_Init
<LI><a href="#[a2]">&gt;&gt;</a>&nbsp;&nbsp;&nbsp;TIM_ClearFlag
</UL>
<BR>[Called By]<UL><LI><a href="#[46]">&gt;&gt;</a>&nbsp;&nbsp;&nbsp;main
</UL>

<P><STRONG><a name="[29]"></a>TIM2_IRQHandler</STRONG> (Thumb, 34 bytes, Stack size 8 bytes, main.o(i.TIM2_IRQHandler))
<BR><BR>[Stack]<UL><LI>Max Depth = 88<LI>Call Chain = TIM2_IRQHandler &rArr; MatrixRGB_ScanPWM &rArr; ShiftOut4Row
</UL>
<BR>[Calls]<UL><LI><a href="#[a6]">&gt;&gt;</a>&nbsp;&nbsp;&nbsp;TIM_GetFlagStatus
<LI><a href="#[a2]">&gt;&gt;</a>&nbsp;&nbsp;&nbsp;TIM_ClearFlag
<LI><a href="#[8b]">&gt;&gt;</a>&nbsp;&nbsp;&nbsp;MatrixRGB_ScanPWM
</UL>
<BR>[Address Reference Count : 1]<UL><LI> startup_stm32f10x_md.o(RESET)
</UL>
<P><STRONG><a name="[a2]"></a>TIM_ClearFlag</STRONG> (Thumb, 6 bytes, Stack size 0 bytes, stm32f10x_tim.o(i.TIM_ClearFlag))
<BR><BR>[Called By]<UL><LI><a href="#[9f]">&gt;&gt;</a>&nbsp;&nbsp;&nbsp;TIM2_Config
<LI><a href="#[29]">&gt;&gt;</a>&nbsp;&nbsp;&nbsp;TIM2_IRQHandler
</UL>

<P><STRONG><a name="[a4]"></a>TIM_Cmd</STRONG> (Thumb, 20 bytes, Stack size 0 bytes, stm32f10x_tim.o(i.TIM_Cmd))
<BR><BR>[Called By]<UL><LI><a href="#[9f]">&gt;&gt;</a>&nbsp;&nbsp;&nbsp;TIM2_Config
</UL>

<P><STRONG><a name="[a6]"></a>TIM_GetFlagStatus</STRONG> (Thumb, 14 bytes, Stack size 0 bytes, stm32f10x_tim.o(i.TIM_GetFlagStatus))
<BR><BR>[Called By]<UL><LI><a href="#[29]">&gt;&gt;</a>&nbsp;&nbsp;&nbsp;TIM2_IRQHandler
</UL>

<P><STRONG><a name="[a3]"></a>TIM_ITConfig</STRONG> (Thumb, 16 bytes, Stack size 0 bytes, stm32f10x_tim.o(i.TIM_ITConfig))
<BR><BR>[Called By]<UL><LI><a href="#[9f]">&gt;&gt;</a>&nbsp;&nbsp;&nbsp;TIM2_Config
</UL>

<P><STRONG><a name="[a1]"></a>TIM_TimeBaseInit</STRONG> (Thumb, 114 bytes, Stack size 12 bytes, stm32f10x_tim.o(i.TIM_TimeBaseInit))
<BR><BR>[Stack]<UL><LI>Max Depth = 12<LI>Call Chain = TIM_TimeBaseInit
</UL>
<BR>[Called By]<UL><LI><a href="#[9f]">&gt;&gt;</a>&nbsp;&nbsp;&nbsp;TIM2_Config
</UL>

<P><STRONG><a name="[6f]"></a>TurnOnHalfRow</STRONG> (Thumb, 72 bytes, Stack size 40 bytes, matrixrgb.o(i.TurnOnHalfRow))
<BR><BR>[Stack]<UL><LI>Max Depth = 76<LI>Call Chain = TurnOnHalfRow &rArr; SetPixel
</UL>
<BR>[Calls]<UL><LI><a href="#[54]">&gt;&gt;</a>&nbsp;&nbsp;&nbsp;SetPixel
</UL>
<BR>[Called By]<UL><LI><a href="#[79]">&gt;&gt;</a>&nbsp;&nbsp;&nbsp;HieuUng33
<LI><a href="#[76]">&gt;&gt;</a>&nbsp;&nbsp;&nbsp;HieuUng30
<LI><a href="#[73]">&gt;&gt;</a>&nbsp;&nbsp;&nbsp;HieuUng29
<LI><a href="#[72]">&gt;&gt;</a>&nbsp;&nbsp;&nbsp;HieuUng28
<LI><a href="#[71]">&gt;&gt;</a>&nbsp;&nbsp;&nbsp;HieuUng27
<LI><a href="#[70]">&gt;&gt;</a>&nbsp;&nbsp;&nbsp;HieuUng26
<LI><a href="#[6e]">&gt;&gt;</a>&nbsp;&nbsp;&nbsp;HieuUng25
</UL>

<P><STRONG><a name="[8]"></a>UsageFault_Handler</STRONG> (Thumb, 2 bytes, Stack size 0 bytes, stm32f10x_it.o(i.UsageFault_Handler))
<BR><BR>[Calls]<UL><LI><a href="#[8]">&gt;&gt;</a>&nbsp;&nbsp;&nbsp;UsageFault_Handler
</UL>
<BR>[Called By]<UL><LI><a href="#[8]">&gt;&gt;</a>&nbsp;&nbsp;&nbsp;UsageFault_Handler
</UL>
<BR>[Address Reference Count : 1]<UL><LI> startup_stm32f10x_md.o(RESET)
</UL>
<P><STRONG><a name="[93]"></a>delay_init</STRONG> (Thumb, 38 bytes, Stack size 0 bytes, mystm32f10x.o(i.delay_init))
<BR><BR>[Called By]<UL><LI><a href="#[90]">&gt;&gt;</a>&nbsp;&nbsp;&nbsp;SetSysClock
</UL>

<P><STRONG><a name="[46]"></a>main</STRONG> (Thumb, 192 bytes, Stack size 0 bytes, main.o(i.main))
<BR><BR>[Stack]<UL><LI>Max Depth = 316<LI>Call Chain = main &rArr; HieuUng36 &rArr; SetChuVan &rArr; SetPixel
</UL>
<BR>[Calls]<UL><LI><a href="#[9f]">&gt;&gt;</a>&nbsp;&nbsp;&nbsp;TIM2_Config
<LI><a href="#[90]">&gt;&gt;</a>&nbsp;&nbsp;&nbsp;SetSysClock
<LI><a href="#[a7]">&gt;&gt;</a>&nbsp;&nbsp;&nbsp;RCC_GetClocksFreq
<LI><a href="#[86]">&gt;&gt;</a>&nbsp;&nbsp;&nbsp;MatrixRGB_Config
<LI><a href="#[85]">&gt;&gt;</a>&nbsp;&nbsp;&nbsp;HieuUng9
<LI><a href="#[84]">&gt;&gt;</a>&nbsp;&nbsp;&nbsp;HieuUng8
<LI><a href="#[83]">&gt;&gt;</a>&nbsp;&nbsp;&nbsp;HieuUng7
<LI><a href="#[82]">&gt;&gt;</a>&nbsp;&nbsp;&nbsp;HieuUng6
<LI><a href="#[81]">&gt;&gt;</a>&nbsp;&nbsp;&nbsp;HieuUng5
<LI><a href="#[80]">&gt;&gt;</a>&nbsp;&nbsp;&nbsp;HieuUng4
<LI><a href="#[7f]">&gt;&gt;</a>&nbsp;&nbsp;&nbsp;HieuUng36
<LI><a href="#[7b]">&gt;&gt;</a>&nbsp;&nbsp;&nbsp;HieuUng35
<LI><a href="#[7a]">&gt;&gt;</a>&nbsp;&nbsp;&nbsp;HieuUng34
<LI><a href="#[79]">&gt;&gt;</a>&nbsp;&nbsp;&nbsp;HieuUng33
<LI><a href="#[78]">&gt;&gt;</a>&nbsp;&nbsp;&nbsp;HieuUng32
<LI><a href="#[77]">&gt;&gt;</a>&nbsp;&nbsp;&nbsp;HieuUng31
<LI><a href="#[76]">&gt;&gt;</a>&nbsp;&nbsp;&nbsp;HieuUng30
<LI><a href="#[74]">&gt;&gt;</a>&nbsp;&nbsp;&nbsp;HieuUng3
<LI><a href="#[73]">&gt;&gt;</a>&nbsp;&nbsp;&nbsp;HieuUng29
<LI><a href="#[72]">&gt;&gt;</a>&nbsp;&nbsp;&nbsp;HieuUng28
<LI><a href="#[71]">&gt;&gt;</a>&nbsp;&nbsp;&nbsp;HieuUng27
<LI><a href="#[70]">&gt;&gt;</a>&nbsp;&nbsp;&nbsp;HieuUng26
<LI><a href="#[6e]">&gt;&gt;</a>&nbsp;&nbsp;&nbsp;HieuUng25
<LI><a href="#[6d]">&gt;&gt;</a>&nbsp;&nbsp;&nbsp;HieuUng24
<LI><a href="#[6c]">&gt;&gt;</a>&nbsp;&nbsp;&nbsp;HieuUng23
<LI><a href="#[6a]">&gt;&gt;</a>&nbsp;&nbsp;&nbsp;HieuUng22
<LI><a href="#[68]">&gt;&gt;</a>&nbsp;&nbsp;&nbsp;HieuUng20
<LI><a href="#[67]">&gt;&gt;</a>&nbsp;&nbsp;&nbsp;HieuUng2
<LI><a href="#[65]">&gt;&gt;</a>&nbsp;&nbsp;&nbsp;HieuUng19
<LI><a href="#[63]">&gt;&gt;</a>&nbsp;&nbsp;&nbsp;HieuUng18
<LI><a href="#[62]">&gt;&gt;</a>&nbsp;&nbsp;&nbsp;HieuUng16
<LI><a href="#[61]">&gt;&gt;</a>&nbsp;&nbsp;&nbsp;HieuUng15
<LI><a href="#[60]">&gt;&gt;</a>&nbsp;&nbsp;&nbsp;HieuUng14
<LI><a href="#[5f]">&gt;&gt;</a>&nbsp;&nbsp;&nbsp;HieuUng13
<LI><a href="#[5a]">&gt;&gt;</a>&nbsp;&nbsp;&nbsp;HieuUng12
<LI><a href="#[59]">&gt;&gt;</a>&nbsp;&nbsp;&nbsp;HieuUng11
<LI><a href="#[57]">&gt;&gt;</a>&nbsp;&nbsp;&nbsp;HieuUng10
<LI><a href="#[52]">&gt;&gt;</a>&nbsp;&nbsp;&nbsp;HieuUng1
</UL>
<BR>[Called By]<UL><LI><a href="#[45]">&gt;&gt;</a>&nbsp;&nbsp;&nbsp;__rt_entry_main
</UL>
<P>
<H3>
Local Symbols
</H3>
<P><STRONG><a name="[9e]"></a>SetSysClockTo72</STRONG> (Thumb, 160 bytes, Stack size 12 bytes, system_stm32f10x.o(i.SetSysClockTo72))
<BR><BR>[Stack]<UL><LI>Max Depth = 12<LI>Call Chain = SetSysClockTo72
</UL>
<BR>[Called By]<UL><LI><a href="#[38]">&gt;&gt;</a>&nbsp;&nbsp;&nbsp;SystemInit
</UL>
<P>
<H3>
Undefined Global Symbols
</H3><HR></body></html>
