<html>
<body>
<pre>
<h1>µVision Build Log</h1>
<h2>Tool Versions:</h2>
IDE-Version: µVision V5.39.0.0
Copyright (C) 2023 ARM Ltd and ARM Germany GmbH. All rights reserved.
License Information: Tri Nguyen ADMIN, Sala Electronics, LIC=8VRJ7-EENV5-63CMB-2LCB0-XYRS9-4JVGI
 
Tool Versions:
Toolchain:       MDK-ARM Plus  Version: 5.39.0.0
Toolchain Path:  C:\Keil_v5\ARM\ARM_Compiler_5.06u7\Bin
C Compiler:      Armcc.exe V5.03 [Build 24]
Assembler:       Armasm.exe V5.03.0.24
Linker/Locator:  ArmLink.exe V5.03.0.24
Library Manager: ArmAr.exe V5.03.0.24
Hex Converter:   FromElf.exe V5.03.0.24
CPU DLL:         SARMCM3.DLL V5.39.0.0
Dialog DLL:      DARMSTM.DLL V1.69.1.0
Target DLL:      STLink\ST-LINKIII-KEIL_SWO.dll V3.2.0.0
Dialog DLL:      TARMSTM.DLL V1.67.1.0
 
<h2>Project:</h2>
D:\MCU\STM32F10x\App\Project\GPIO\MDK-ARM\GPIO.uvprojx
Project File Date:  03/24/2024

<h2>Output:</h2>
*** Using Compiler 'V5.03 [Build 24]', folder: 'C:\Keil_v5\ARM\ARM_Compiler_5.06u7\Bin'
Rebuild target 'STM32F103C8T6'
assembling startup_stm32f10x_md.s...
compiling core_cm3.c...
compiling mystm32f10x_adc.c...
..\..\..\Libraries\mystm32f10x\src\mystm32f10x_adc.c(1): warning:  #1-D: last line of file ends without a newline
  #include "mystm32f10x_adc.h"
..\..\GPIO\main.h(7): warning:  #1-D: last line of file ends without a newline
  #endif
..\..\..\Libraries\mystm32f10x\inc\mystm32f10x_delay.h(41): warning:  #1-D: last line of file ends without a newline
  #endif
..\..\..\Libraries\mystm32f10x\inc\mystm32f10x_rcc.h(25): warning:  #1-D: last line of file ends without a newline
  #endif
..\..\..\Libraries\mystm32f10x\inc\mystm32f10x_gpio.h(12): warning:  #1-D: last line of file ends without a newline
  #endif
..\..\..\Libraries\mystm32f10x\inc\mystm32f10x_adc.h(7): warning:  #1-D: last line of file ends without a newline
  #endif
..\..\..\Libraries\mystm32f10x\inc\mystm32f10x_i2c.h(7): warning:  #1-D: last line of file ends without a newline
  #endif
..\..\..\Libraries\mystm32f10x\inc\mystm32f10x_iwdg.h(7): warning:  #1-D: last line of file ends without a newline
  #endif
..\..\..\Libraries\mystm32f10x\inc\mystm32f10x_usart.h(7): warning:  #1-D: last line of file ends without a newline
  #endif
..\..\..\Libraries\mystm32f10x\inc\mystm32f10x_rtc.h(7): warning:  #1-D: last line of file ends without a newline
  #endif
..\..\..\Libraries\mystm32f10x\inc\mystm32f10x_spi.h(7): warning:  #1-D: last line of file ends without a newline
  #endif
..\..\..\Libraries\mystm32f10x\inc\mystm32f10x.h(15): warning:  #1-D: last line of file ends without a newline
  #endif
..\..\..\Libraries\mystm32f10x\inc\mystm32f10x_adc.h(7): warning:  #1-D: last line of file ends without a newline
  #endif
..\..\..\Libraries\mystm32f10x\src\mystm32f10x_adc.c: 13 warnings, 0 errors
compiling mystm32f10x_iwdg.c...
..\..\..\Libraries\mystm32f10x\src\mystm32f10x_iwdg.c(1): warning:  #1-D: last line of file ends without a newline
  #include "mystm32f10x_iwdg.h"
..\..\..\Libraries\mystm32f10x\inc\mystm32f10x_iwdg.h(7): warning:  #1-D: last line of file ends without a newline
  #endif
..\..\..\Libraries\mystm32f10x\src\mystm32f10x_iwdg.c: 2 warnings, 0 errors
compiling mystm32f10x_i2c.c...
..\..\..\Libraries\mystm32f10x\src\mystm32f10x_i2c.c(1): warning:  #1-D: last line of file ends without a newline
  #include "mystm32f10x_i2c.h"
..\..\..\Libraries\mystm32f10x\inc\mystm32f10x_i2c.h(7): warning:  #1-D: last line of file ends without a newline
  #endif
..\..\..\Libraries\mystm32f10x\src\mystm32f10x_i2c.c: 2 warnings, 0 errors
compiling mystm32f10x_gpio.c...
..\..\..\Libraries\mystm32f10x\inc\mystm32f10x_gpio.h(12): warning:  #1-D: last line of file ends without a newline
  #endif
..\..\..\Libraries\mystm32f10x\src\mystm32f10x_gpio.c(45): warning:  #1-D: last line of file ends without a newline
  }
..\..\..\Libraries\mystm32f10x\src\mystm32f10x_gpio.c: 2 warnings, 0 errors
compiling mystm32f10x_tim.c...
..\..\GPIO\main.h(7): warning:  #1-D: last line of file ends without a newline
  #endif
..\..\..\Libraries\mystm32f10x\inc\mystm32f10x_delay.h(41): warning:  #1-D: last line of file ends without a newline
  #endif
..\..\..\Libraries\mystm32f10x\inc\mystm32f10x_rcc.h(25): warning:  #1-D: last line of file ends without a newline
  #endif
..\..\..\Libraries\mystm32f10x\inc\mystm32f10x_gpio.h(12): warning:  #1-D: last line of file ends without a newline
  #endif
..\..\..\Libraries\mystm32f10x\inc\mystm32f10x.h(15): warning:  #1-D: last line of file ends without a newline
  #endif
..\..\..\Libraries\mystm32f10x\inc\mystm32f10x_adc.h(7): warning:  #1-D: last line of file ends without a newline
  #endif
..\..\..\Libraries\mystm32f10x\inc\mystm32f10x_i2c.h(7): warning:  #1-D: last line of file ends without a newline
  #endif
..\..\..\Libraries\mystm32f10x\inc\mystm32f10x_iwdg.h(7): warning:  #1-D: last line of file ends without a newline
  #endif
..\..\..\Libraries\mystm32f10x\inc\mystm32f10x_usart.h(7): warning:  #1-D: last line of file ends without a newline
  #endif
..\..\..\Libraries\mystm32f10x\inc\mystm32f10x_rtc.h(7): warning:  #1-D: last line of file ends without a newline
  #endif
..\..\..\Libraries\mystm32f10x\inc\mystm32f10x_spi.h(7): warning:  #1-D: last line of file ends without a newline
  #endif
..\..\..\Libraries\mystm32f10x\inc\mystm32f10x.h(15): warning:  #1-D: last line of file ends without a newline
  #endif
..\..\..\Libraries\mystm32f10x\src\mystm32f10x_tim.c(169): warning:  #1-D: last line of file ends without a newline
  }
..\..\..\Libraries\mystm32f10x\src\mystm32f10x_tim.c: 13 warnings, 0 errors
compiling mystm32f10x_rtc.c...
..\..\..\Libraries\mystm32f10x\inc\mystm32f10x_rtc.h(7): warning:  #1-D: last line of file ends without a newline
  #endif
..\..\..\Libraries\mystm32f10x\src\mystm32f10x_rtc.c(3): warning:  #1-D: last line of file ends without a newline
  void MyRTC_Deinit(void){}
..\..\..\Libraries\mystm32f10x\src\mystm32f10x_rtc.c: 2 warnings, 0 errors
compiling mystm32f10x_delay.c...
..\..\GPIO\main.h(7): warning:  #1-D: last line of file ends without a newline
  #endif
..\..\..\Libraries\mystm32f10x\inc\mystm32f10x_delay.h(41): warning:  #1-D: last line of file ends without a newline
  #endif
..\..\..\Libraries\mystm32f10x\inc\mystm32f10x_rcc.h(25): warning:  #1-D: last line of file ends without a newline
  #endif
..\..\..\Libraries\mystm32f10x\inc\mystm32f10x_gpio.h(12): warning:  #1-D: last line of file ends without a newline
  #endif
..\..\..\Libraries\mystm32f10x\inc\mystm32f10x.h(15): warning:  #1-D: last line of file ends without a newline
  #endif
..\..\..\Libraries\mystm32f10x\inc\mystm32f10x_adc.h(7): warning:  #1-D: last line of file ends without a newline
  #endif
..\..\..\Libraries\mystm32f10x\inc\mystm32f10x_i2c.h(7): warning:  #1-D: last line of file ends without a newline
  #endif
..\..\..\Libraries\mystm32f10x\inc\mystm32f10x_iwdg.h(7): warning:  #1-D: last line of file ends without a newline
  #endif
..\..\..\Libraries\mystm32f10x\inc\mystm32f10x_usart.h(7): warning:  #1-D: last line of file ends without a newline
  #endif
..\..\..\Libraries\mystm32f10x\inc\mystm32f10x_rtc.h(7): warning:  #1-D: last line of file ends without a newline
  #endif
..\..\..\Libraries\mystm32f10x\inc\mystm32f10x_spi.h(7): warning:  #1-D: last line of file ends without a newline
  #endif
..\..\..\Libraries\mystm32f10x\inc\mystm32f10x.h(15): warning:  #1-D: last line of file ends without a newline
  #endif
..\..\..\Libraries\mystm32f10x\src\mystm32f10x_delay.c: 12 warnings, 0 errors
compiling mystm32f10x_spi.c...
..\..\..\Libraries\mystm32f10x\inc\mystm32f10x_spi.h(7): warning:  #1-D: last line of file ends without a newline
  #endif
..\..\..\Libraries\mystm32f10x\src\mystm32f10x_spi.c(3): warning:  #1-D: last line of file ends without a newline
  void MySPI_DeInit(void){}
..\..\..\Libraries\mystm32f10x\src\mystm32f10x_spi.c: 2 warnings, 0 errors
compiling mystm32f10x_rcc.c...
..\..\GPIO\main.h(7): warning:  #1-D: last line of file ends without a newline
  #endif
..\..\..\Libraries\mystm32f10x\inc\mystm32f10x_delay.h(41): warning:  #1-D: last line of file ends without a newline
  #endif
..\..\..\Libraries\mystm32f10x\inc\mystm32f10x_rcc.h(25): warning:  #1-D: last line of file ends without a newline
  #endif
..\..\..\Libraries\mystm32f10x\inc\mystm32f10x_gpio.h(12): warning:  #1-D: last line of file ends without a newline
  #endif
..\..\..\Libraries\mystm32f10x\inc\mystm32f10x.h(15): warning:  #1-D: last line of file ends without a newline
  #endif
..\..\..\Libraries\mystm32f10x\inc\mystm32f10x_adc.h(7): warning:  #1-D: last line of file ends without a newline
  #endif
..\..\..\Libraries\mystm32f10x\inc\mystm32f10x_i2c.h(7): warning:  #1-D: last line of file ends without a newline
  #endif
..\..\..\Libraries\mystm32f10x\inc\mystm32f10x_iwdg.h(7): warning:  #1-D: last line of file ends without a newline
  #endif
..\..\..\Libraries\mystm32f10x\inc\mystm32f10x_usart.h(7): warning:  #1-D: last line of file ends without a newline
  #endif
..\..\..\Libraries\mystm32f10x\inc\mystm32f10x_rtc.h(7): warning:  #1-D: last line of file ends without a newline
  #endif
..\..\..\Libraries\mystm32f10x\inc\mystm32f10x_spi.h(7): warning:  #1-D: last line of file ends without a newline
  #endif
..\..\..\Libraries\mystm32f10x\inc\mystm32f10x.h(15): warning:  #1-D: last line of file ends without a newline
  #endif
..\..\..\Libraries\mystm32f10x\src\mystm32f10x_rcc.c(498): warning:  #1-D: last line of file ends without a newline
  #endif /* STM32F10X_LD_VL && STM32F10X_MD_VL */
..\..\..\Libraries\mystm32f10x\src\mystm32f10x_rcc.c: 13 warnings, 0 errors
compiling system_stm32f10x.c...
compiling mystm32f10x_usart.c...
..\..\..\Libraries\mystm32f10x\src\mystm32f10x_usart.c(1): warning:  #1-D: last line of file ends without a newline
  #include "mystm32f10x_usart.h"
..\..\..\Libraries\mystm32f10x\inc\mystm32f10x_usart.h(7): warning:  #1-D: last line of file ends without a newline
  #endif
..\..\..\Libraries\mystm32f10x\src\mystm32f10x_usart.c: 2 warnings, 0 errors
compiling mystm32f10x_it.c...
..\..\GPIO\main.h(7): warning:  #1-D: last line of file ends without a newline
  #endif
..\..\..\Libraries\mystm32f10x\inc\mystm32f10x_delay.h(41): warning:  #1-D: last line of file ends without a newline
  #endif
..\..\..\Libraries\mystm32f10x\inc\mystm32f10x_rcc.h(25): warning:  #1-D: last line of file ends without a newline
  #endif
..\..\..\Libraries\mystm32f10x\inc\mystm32f10x_gpio.h(12): warning:  #1-D: last line of file ends without a newline
  #endif
..\..\..\Libraries\mystm32f10x\inc\mystm32f10x.h(15): warning:  #1-D: last line of file ends without a newline
  #endif
..\..\..\Libraries\mystm32f10x\inc\mystm32f10x_adc.h(7): warning:  #1-D: last line of file ends without a newline
  #endif
..\..\..\Libraries\mystm32f10x\inc\mystm32f10x_i2c.h(7): warning:  #1-D: last line of file ends without a newline
  #endif
..\..\..\Libraries\mystm32f10x\inc\mystm32f10x_iwdg.h(7): warning:  #1-D: last line of file ends without a newline
  #endif
..\..\..\Libraries\mystm32f10x\inc\mystm32f10x_usart.h(7): warning:  #1-D: last line of file ends without a newline
  #endif
..\..\..\Libraries\mystm32f10x\inc\mystm32f10x_rtc.h(7): warning:  #1-D: last line of file ends without a newline
  #endif
..\..\..\Libraries\mystm32f10x\inc\mystm32f10x_spi.h(7): warning:  #1-D: last line of file ends without a newline
  #endif
..\..\..\Libraries\mystm32f10x\inc\mystm32f10x.h(15): warning:  #1-D: last line of file ends without a newline
  #endif
..\..\..\Libraries\mystm32f10x\src\mystm32f10x_it.c: 12 warnings, 0 errors
compiling misc.c...
compiling stm32f10x_adc.c...
compiling stm32f10x_bkp.c...
compiling stm32f10x_cec.c...
compiling stm32f10x_can.c...
compiling stm32f10x_crc.c...
compiling stm32f10x_dac.c...
compiling stm32f10x_dbgmcu.c...
compiling stm32f10x_dma.c...
compiling stm32f10x_exti.c...
compiling stm32f10x_gpio.c...
compiling stm32f10x_i2c.c...
compiling stm32f10x_flash.c...
compiling stm32f10x_fsmc.c...
compiling stm32f10x_pwr.c...
compiling stm32f10x_iwdg.c...
compiling stm32f10x_rtc.c...
compiling MeM.c...
..\..\..\Libraries\stm32f10xEx\stm32f10xEx.h(9): warning:  #1-D: last line of file ends without a newline
  #endif
..\..\..\Libraries\stm32f10xEx\MeM.h(30): warning:  #1-D: last line of file ends without a newline
  #endif
..\..\..\Libraries\stm32f10xEx\MeM.c(15): warning:  #1-D: last line of file ends without a newline
  void *MeM_Request(unsigned int size){}
..\..\..\Libraries\stm32f10xEx\MeM.c(15): warning:  #940-D: missing return statement at end of non-void function "MeM_Request"
  void *MeM_Request(unsigned int size){}
..\..\..\Libraries\stm32f10xEx\MeM.c: 4 warnings, 0 errors
compiling stm32f10x_rcc.c...
compiling stm32f10x_sdio.c...
compiling stm32f10x_spi.c...
compiling stm32f10x_tim.c...
compiling stm32f10x_usart.c...
compiling stm32f10x_wwdg.c...
compiling main.c...
..\..\GPIO\main.h(7): warning:  #1-D: last line of file ends without a newline
  #endif
..\..\..\Libraries\mystm32f10x\inc\mystm32f10x_delay.h(41): warning:  #1-D: last line of file ends without a newline
  #endif
..\..\..\Libraries\mystm32f10x\inc\mystm32f10x_rcc.h(25): warning:  #1-D: last line of file ends without a newline
  #endif
..\..\..\Libraries\mystm32f10x\inc\mystm32f10x_gpio.h(12): warning:  #1-D: last line of file ends without a newline
  #endif
..\..\..\Libraries\mystm32f10x\inc\mystm32f10x.h(15): warning:  #1-D: last line of file ends without a newline
  #endif
..\..\..\Libraries\mystm32f10x\inc\mystm32f10x_adc.h(7): warning:  #1-D: last line of file ends without a newline
  #endif
..\..\..\Libraries\mystm32f10x\inc\mystm32f10x_i2c.h(7): warning:  #1-D: last line of file ends without a newline
  #endif
..\..\..\Libraries\mystm32f10x\inc\mystm32f10x_iwdg.h(7): warning:  #1-D: last line of file ends without a newline
  #endif
..\..\..\Libraries\mystm32f10x\inc\mystm32f10x_usart.h(7): warning:  #1-D: last line of file ends without a newline
  #endif
..\..\..\Libraries\mystm32f10x\inc\mystm32f10x_rtc.h(7): warning:  #1-D: last line of file ends without a newline
  #endif
..\..\..\Libraries\mystm32f10x\inc\mystm32f10x_spi.h(7): warning:  #1-D: last line of file ends without a newline
  #endif
..\..\..\Libraries\mystm32f10x\inc\mystm32f10x.h(15): warning:  #1-D: last line of file ends without a newline
  #endif
..\..\..\Libraries\Led\inc\led.h(5): warning:  #1-D: last line of file ends without a newline
  #endif
..\main.c(32): warning:  #188-D: enumerated type mixed with another type
  volatile FlagStatus myTimer = 0;
..\main.c: 14 warnings, 0 errors
compiling stm32f10x_it.c...
..\..\GPIO\main.h(7): warning:  #1-D: last line of file ends without a newline
  #endif
..\..\..\Libraries\mystm32f10x\inc\mystm32f10x_delay.h(41): warning:  #1-D: last line of file ends without a newline
  #endif
..\..\..\Libraries\mystm32f10x\inc\mystm32f10x_rcc.h(25): warning:  #1-D: last line of file ends without a newline
  #endif
..\..\..\Libraries\mystm32f10x\inc\mystm32f10x_gpio.h(12): warning:  #1-D: last line of file ends without a newline
  #endif
..\..\..\Libraries\mystm32f10x\inc\mystm32f10x.h(15): warning:  #1-D: last line of file ends without a newline
  #endif
..\..\..\Libraries\mystm32f10x\inc\mystm32f10x_adc.h(7): warning:  #1-D: last line of file ends without a newline
  #endif
..\..\..\Libraries\mystm32f10x\inc\mystm32f10x_i2c.h(7): warning:  #1-D: last line of file ends without a newline
  #endif
..\..\..\Libraries\mystm32f10x\inc\mystm32f10x_iwdg.h(7): warning:  #1-D: last line of file ends without a newline
  #endif
..\..\..\Libraries\mystm32f10x\inc\mystm32f10x_usart.h(7): warning:  #1-D: last line of file ends without a newline
  #endif
..\..\..\Libraries\mystm32f10x\inc\mystm32f10x_rtc.h(7): warning:  #1-D: last line of file ends without a newline
  #endif
..\..\..\Libraries\mystm32f10x\inc\mystm32f10x_spi.h(7): warning:  #1-D: last line of file ends without a newline
  #endif
..\..\..\Libraries\mystm32f10x\inc\mystm32f10x.h(15): warning:  #1-D: last line of file ends without a newline
  #endif
..\stm32f10x_it.c: 12 warnings, 0 errors
linking...
Program Size: Code=3432 RO-data=300 RW-data=52 ZI-data=1652  
FromELF: creating hex file...
".\Objects\GPIO.axf" - 0 Error(s), 105 Warning(s).

<h2>Software Packages used:</h2>

Package Vendor: Keil
                http://www.keil.com/pack/Keil.STM32F1xx_DFP.2.4.0.pack
                Keil::STM32F1xx_DFP@2.4.0
                STMicroelectronics STM32F1 Series Device Support, Drivers and Examples

<h2>Collection of Component include folders:</h2>
  C:/Users/ADMIN/AppData/Local/Arm/Packs/Keil/STM32F1xx_DFP/2.4.0/Device/Include

<h2>Collection of Component Files used:</h2>
Build Time Elapsed:  00:00:02
</pre>
</body>
</html>
