<html>
<body>
<pre>
<h1>µVision Build Log</h1>
<h2>Tool Versions:</h2>
IDE-Version: µVision V5.39.0.0
Copyright (C) 2023 ARM Ltd and ARM Germany GmbH. All rights reserved.
License Information: Tri Nguyen ADMIN, Sala Electronics, LIC=8VRJ7-EENV5-63CMB-2LCB0-XYRS9-4JVGI
 
Tool Versions:
Toolchain:       MDK-ARM Plus  Version: 5.39.0.0
Toolchain Path:  C:\Keil_v5\ARM\ARM_Compiler_5.06u7\Bin
C Compiler:      Armcc.exe V5.03 [Build 24]
Assembler:       Armasm.exe V5.03.0.24
Linker/Locator:  ArmLink.exe V5.03.0.24
Library Manager: ArmAr.exe V5.03.0.24
Hex Converter:   FromElf.exe V5.03.0.24
CPU DLL:         SARMCM3.DLL V5.39.0.0
Dialog DLL:      DARMSTM.DLL V1.69.1.0
Target DLL:      STLink\ST-LINKIII-KEIL_SWO.dll V3.2.0.0
Dialog DLL:      TARMSTM.DLL V1.67.1.0
 
<h2>Project:</h2>
D:\MCU\STM32F10x\App\Project\GPIO\MDK-ARM\GPIO.uvprojx
Project File Date:  03/05/2024

<h2>Output:</h2>
*** Using Compiler 'V5.03 [Build 24]', folder: 'C:\Keil_v5\ARM\ARM_Compiler_5.06u7\Bin'
Build target 'STM32F103C8T6'
compiling main.c...
..\..\..\Libraries\mystm32f10x\inc\mystm32f10x_rcc.h(24): warning:  #1-D: last line of file ends without a newline
  #endif
..\..\..\Libraries\Led\inc\led.h(5): warning:  #1-D: last line of file ends without a newline
  #endif
..\..\..\Libraries\mystm32f10x\inc\delay.h(9): warning:  #1-D: last line of file ends without a newline
  #endif
..\main.c: 3 warnings, 0 errors
linking...
Program Size: Code=1864 RO-data=268 RW-data=28 ZI-data=1652  
FromELF: creating hex file...
".\Objects\GPIO.axf" - 0 Error(s), 3 Warning(s).

<h2>Software Packages used:</h2>

Package Vendor: Keil
                http://www.keil.com/pack/Keil.STM32F1xx_DFP.2.4.0.pack
                Keil::STM32F1xx_DFP@2.4.0
                STMicroelectronics STM32F1 Series Device Support, Drivers and Examples

<h2>Collection of Component include folders:</h2>
  C:/Users/ADMIN/AppData/Local/Arm/Packs/Keil/STM32F1xx_DFP/2.4.0/Device/Include

<h2>Collection of Component Files used:</h2>
Build Time Elapsed:  00:00:01
</pre>
</body>
</html>
