ARM Linker, 5.03 [Build 24] [MDK-ARM Standard]

==============================================================================

Section Cross References

    main.o(i.TIM2_IRQHandler) refers to stm32f10x_tim.o(i.TIM_GetFlagStatus) for TIM_GetFlagStatus
    main.o(i.TIM2_IRQHandler) refers to matrixrgb.o(i.MatrixRGB_ScanPWM) for MatrixRGB_ScanPWM
    main.o(i.TIM2_IRQHandler) refers to stm32f10x_tim.o(i.TIM_ClearFlag) for TIM_ClearFlag
    main.o(i.main) refers to mystm32f10x.o(i.SetSysClock) for SetSysClock
    main.o(i.main) refers to stm32f10x_rcc.o(i.RCC_GetClocksFreq) for RCC_GetClocksFreq
    main.o(i.main) refers to mystm32f10x.o(i.TIM2_Config) for TIM2_Config
    main.o(i.main) refers to matrixrgb.o(i.MatrixRGB_Config) for MatrixRGB_Config
    main.o(i.main) refers to matrixrgb.o(i.HieuUng36) for HieuUng36
    main.o(i.main) refers to matrixrgb.o(i.HieuUng35) for HieuUng35
    main.o(i.main) refers to matrixrgb.o(i.HieuUng34) for HieuUng34
    main.o(i.main) refers to matrixrgb.o(i.HieuUng33) for HieuUng33
    main.o(i.main) refers to matrixrgb.o(i.HieuUng32) for HieuUng32
    main.o(i.main) refers to matrixrgb.o(i.HieuUng31) for HieuUng31
    main.o(i.main) refers to matrixrgb.o(i.HieuUng30) for HieuUng30
    main.o(i.main) refers to matrixrgb.o(i.HieuUng29) for HieuUng29
    main.o(i.main) refers to matrixrgb.o(i.HieuUng28) for HieuUng28
    main.o(i.main) refers to matrixrgb.o(i.HieuUng27) for HieuUng27
    main.o(i.main) refers to matrixrgb.o(i.HieuUng26) for HieuUng26
    main.o(i.main) refers to matrixrgb.o(i.HieuUng25) for HieuUng25
    main.o(i.main) refers to matrixrgb.o(i.HieuUng24) for HieuUng24
    main.o(i.main) refers to matrixrgb.o(i.HieuUng23) for HieuUng23
    main.o(i.main) refers to matrixrgb.o(i.HieuUng22) for HieuUng22
    main.o(i.main) refers to matrixrgb.o(i.HieuUng20) for HieuUng20
    main.o(i.main) refers to matrixrgb.o(i.HieuUng19) for HieuUng19
    main.o(i.main) refers to matrixrgb.o(i.HieuUng18) for HieuUng18
    main.o(i.main) refers to matrixrgb.o(i.HieuUng16) for HieuUng16
    main.o(i.main) refers to matrixrgb.o(i.HieuUng15) for HieuUng15
    main.o(i.main) refers to matrixrgb.o(i.HieuUng14) for HieuUng14
    main.o(i.main) refers to matrixrgb.o(i.HieuUng13) for HieuUng13
    main.o(i.main) refers to matrixrgb.o(i.HieuUng12) for HieuUng12
    main.o(i.main) refers to matrixrgb.o(i.HieuUng11) for HieuUng11
    main.o(i.main) refers to matrixrgb.o(i.HieuUng10) for HieuUng10
    main.o(i.main) refers to matrixrgb.o(i.HieuUng9) for HieuUng9
    main.o(i.main) refers to matrixrgb.o(i.HieuUng8) for HieuUng8
    main.o(i.main) refers to matrixrgb.o(i.HieuUng7) for HieuUng7
    main.o(i.main) refers to matrixrgb.o(i.HieuUng6) for HieuUng6
    main.o(i.main) refers to matrixrgb.o(i.HieuUng5) for HieuUng5
    main.o(i.main) refers to matrixrgb.o(i.HieuUng4) for HieuUng4
    main.o(i.main) refers to matrixrgb.o(i.HieuUng3) for HieuUng3
    main.o(i.main) refers to matrixrgb.o(i.HieuUng2) for HieuUng2
    main.o(i.main) refers to matrixrgb.o(i.HieuUng1) for HieuUng1
    main.o(i.main) refers to main.o(.bss) for .bss
    mystm32f10x.o(i.NVIC_Configuration) refers to misc.o(i.NVIC_Init) for NVIC_Init
    mystm32f10x.o(i.SetSysClock) refers to stm32f10x_rcc.o(i.RCC_DeInit) for RCC_DeInit
    mystm32f10x.o(i.SetSysClock) refers to mystm32f10x.o(i.SetSysClockTo72) for SetSysClockTo72
    mystm32f10x.o(i.SetSysClock) refers to mystm32f10x.o(i.delay_init) for delay_init
    mystm32f10x.o(i.SetSysClockTo24) refers to stm32f10x_rcc.o(i.RCC_DeInit) for RCC_DeInit
    mystm32f10x.o(i.SetSysClockTo24) refers to stm32f10x_rcc.o(i.RCC_HSEConfig) for RCC_HSEConfig
    mystm32f10x.o(i.SetSysClockTo24) refers to stm32f10x_rcc.o(i.RCC_WaitForHSEStartUp) for RCC_WaitForHSEStartUp
    mystm32f10x.o(i.SetSysClockTo24) refers to stm32f10x_flash.o(i.FLASH_PrefetchBufferCmd) for FLASH_PrefetchBufferCmd
    mystm32f10x.o(i.SetSysClockTo24) refers to stm32f10x_flash.o(i.FLASH_SetLatency) for FLASH_SetLatency
    mystm32f10x.o(i.SetSysClockTo24) refers to stm32f10x_rcc.o(i.RCC_HCLKConfig) for RCC_HCLKConfig
    mystm32f10x.o(i.SetSysClockTo24) refers to stm32f10x_rcc.o(i.RCC_PCLK2Config) for RCC_PCLK2Config
    mystm32f10x.o(i.SetSysClockTo24) refers to stm32f10x_rcc.o(i.RCC_PCLK1Config) for RCC_PCLK1Config
    mystm32f10x.o(i.SetSysClockTo24) refers to stm32f10x_rcc.o(i.RCC_PLLConfig) for RCC_PLLConfig
    mystm32f10x.o(i.SetSysClockTo24) refers to stm32f10x_rcc.o(i.RCC_PLLCmd) for RCC_PLLCmd
    mystm32f10x.o(i.SetSysClockTo24) refers to stm32f10x_rcc.o(i.RCC_GetFlagStatus) for RCC_GetFlagStatus
    mystm32f10x.o(i.SetSysClockTo24) refers to stm32f10x_rcc.o(i.RCC_SYSCLKConfig) for RCC_SYSCLKConfig
    mystm32f10x.o(i.SetSysClockTo24) refers to stm32f10x_rcc.o(i.RCC_GetSYSCLKSource) for RCC_GetSYSCLKSource
    mystm32f10x.o(i.SetSysClockTo24) refers to mystm32f10x.o(.data) for .data
    mystm32f10x.o(i.SetSysClockTo36) refers to stm32f10x_rcc.o(i.RCC_DeInit) for RCC_DeInit
[...]
    Removing stm32f10x_spi.o(i.SPI_DataSizeConfig), (16 bytes).
    Removing stm32f10x_spi.o(i.SPI_GetCRC), (12 bytes).
    Removing stm32f10x_spi.o(i.SPI_GetCRCPolynomial), (4 bytes).
    Removing stm32f10x_spi.o(i.SPI_I2S_ClearFlag), (6 bytes).
    Removing stm32f10x_spi.o(i.SPI_I2S_ClearITPendingBit), (14 bytes).
    Removing stm32f10x_spi.o(i.SPI_I2S_DMACmd), (16 bytes).
    Removing stm32f10x_spi.o(i.SPI_I2S_DeInit), (84 bytes).
    Removing stm32f10x_spi.o(i.SPI_I2S_GetFlagStatus), (14 bytes).
    Removing stm32f10x_spi.o(i.SPI_I2S_GetITStatus), (42 bytes).
    Removing stm32f10x_spi.o(i.SPI_I2S_ITConfig), (24 bytes).
    Removing stm32f10x_spi.o(i.SPI_I2S_ReceiveData), (4 bytes).
    Removing stm32f10x_spi.o(i.SPI_I2S_SendData), (4 bytes).
    Removing stm32f10x_spi.o(i.SPI_Init), (56 bytes).
    Removing stm32f10x_spi.o(i.SPI_NSSInternalSoftwareConfig), (24 bytes).
    Removing stm32f10x_spi.o(i.SPI_SSOutputCmd), (20 bytes).
    Removing stm32f10x_spi.o(i.SPI_StructInit), (24 bytes).
    Removing stm32f10x_spi.o(i.SPI_TransmitCRC), (10 bytes).
    Removing stm32f10x_tim.o(.rev16_text), (4 bytes).
    Removing stm32f10x_tim.o(.revsh_text), (4 bytes).
    Removing stm32f10x_tim.o(i.TI1_Config), (108 bytes).
    Removing stm32f10x_tim.o(i.TI2_Config), (124 bytes).
    Removing stm32f10x_tim.o(i.TIM_ARRPreloadConfig), (20 bytes).
    Removing stm32f10x_tim.o(i.TIM_BDTRConfig), (34 bytes).
    Removing stm32f10x_tim.o(i.TIM_BDTRStructInit), (18 bytes).
    Removing stm32f10x_tim.o(i.TIM_CCPreloadControl), (20 bytes).
    Removing stm32f10x_tim.o(i.TIM_CCxCmd), (22 bytes).
    Removing stm32f10x_tim.o(i.TIM_CCxNCmd), (22 bytes).
    Removing stm32f10x_tim.o(i.TIM_ClearITPendingBit), (6 bytes).
    Removing stm32f10x_tim.o(i.TIM_ClearOC1Ref), (12 bytes).
    Removing stm32f10x_tim.o(i.TIM_ClearOC2Ref), (20 bytes).
    Removing stm32f10x_tim.o(i.TIM_ClearOC3Ref), (12 bytes).
    Removing stm32f10x_tim.o(i.TIM_ClearOC4Ref), (20 bytes).
    Removing stm32f10x_tim.o(i.TIM_CounterModeConfig), (12 bytes).
    Removing stm32f10x_tim.o(i.TIM_CtrlPWMOutputs), (22 bytes).
    Removing stm32f10x_tim.o(i.TIM_DMACmd), (16 bytes).
    Removing stm32f10x_tim.o(i.TIM_DMAConfig), (8 bytes).
    Removing stm32f10x_tim.o(i.TIM_DeInit), (368 bytes).
    Removing stm32f10x_tim.o(i.TIM_ETRClockMode1Config), (18 bytes).
    Removing stm32f10x_tim.o(i.TIM_ETRClockMode2Config), (18 bytes).
    Removing stm32f10x_tim.o(i.TIM_ETRConfig), (24 bytes).
    Removing stm32f10x_tim.o(i.TIM_EncoderInterfaceConfig), (50 bytes).
    Removing stm32f10x_tim.o(i.TIM_ForcedOC1Config), (12 bytes).
    Removing stm32f10x_tim.o(i.TIM_ForcedOC2Config), (20 bytes).
    Removing stm32f10x_tim.o(i.TIM_ForcedOC3Config), (12 bytes).
    Removing stm32f10x_tim.o(i.TIM_ForcedOC4Config), (20 bytes).
    Removing stm32f10x_tim.o(i.TIM_GenerateEvent), (4 bytes).
    Removing stm32f10x_tim.o(i.TIM_GetCapture1), (4 bytes).
    Removing stm32f10x_tim.o(i.TIM_GetCapture2), (4 bytes).
    Removing stm32f10x_tim.o(i.TIM_GetCapture3), (4 bytes).
    Removing stm32f10x_tim.o(i.TIM_GetCapture4), (6 bytes).
    Removing stm32f10x_tim.o(i.TIM_GetCounter), (4 bytes).
    Removing stm32f10x_tim.o(i.TIM_GetITStatus), (24 bytes).
    Removing stm32f10x_tim.o(i.TIM_GetPrescaler), (4 bytes).
    Removing stm32f10x_tim.o(i.TIM_ICInit), (300 bytes).
    Removing stm32f10x_tim.o(i.TIM_ICStructInit), (16 bytes).
    Removing stm32f10x_tim.o(i.TIM_ITRxExternalClockConfig), (18 bytes).
    Removing stm32f10x_tim.o(i.TIM_InternalClockConfig), (10 bytes).
    Removing stm32f10x_tim.o(i.TIM_OC1FastConfig), (12 bytes).
    Removing stm32f10x_tim.o(i.TIM_OC1Init), (128 bytes).
    Removing stm32f10x_tim.o(i.TIM_OC1NPolarityConfig), (12 bytes).
    Removing stm32f10x_tim.o(i.TIM_OC1PolarityConfig), (12 bytes).
    Removing stm32f10x_tim.o(i.TIM_OC1PreloadConfig), (12 bytes).
    Removing stm32f10x_tim.o(i.TIM_OC2FastConfig), (20 bytes).
    Removing stm32f10x_tim.o(i.TIM_OC2Init), (128 bytes).
    Removing stm32f10x_tim.o(i.TIM_OC2NPolarityConfig), (20 bytes).
    Removing stm32f10x_tim.o(i.TIM_OC2PolarityConfig), (20 bytes).
    Removing stm32f10x_tim.o(i.TIM_OC2PreloadConfig), (20 bytes).
    Removing stm32f10x_tim.o(i.TIM_OC3FastConfig), (12 bytes).
    Removing stm32f10x_tim.o(i.TIM_OC3Init), (124 bytes).
    Removing stm32f10x_tim.o(i.TIM_OC3NPolarityConfig), (20 bytes).
    Removing stm32f10x_tim.o(i.TIM_OC3PolarityConfig), (20 bytes).
    Removing stm32f10x_tim.o(i.TIM_OC3PreloadConfig), (12 bytes).
    Removing stm32f10x_tim.o(i.TIM_OC4FastConfig), (20 bytes).
    Removing stm32f10x_tim.o(i.TIM_OC4Init), (100 bytes).
    Removing stm32f10x_tim.o(i.TIM_OC4PolarityConfig), (20 bytes).
    Removing stm32f10x_tim.o(i.TIM_OC4PreloadConfig), (20 bytes).
    Removing stm32f10x_tim.o(i.TIM_OCStructInit), (20 bytes).
    Removing stm32f10x_tim.o(i.TIM_PWMIConfig), (108 bytes).
    Removing stm32f10x_tim.o(i.TIM_PrescalerConfig), (6 bytes).
    Removing stm32f10x_tim.o(i.TIM_SelectCCDMA), (20 bytes).
    Removing stm32f10x_tim.o(i.TIM_SelectCOM), (20 bytes).
    Removing stm32f10x_tim.o(i.TIM_SelectHallSensor), (20 bytes).
    Removing stm32f10x_tim.o(i.TIM_SelectInputTrigger), (12 bytes).
    Removing stm32f10x_tim.o(i.TIM_SelectMasterSlaveMode), (16 bytes).
    Removing stm32f10x_tim.o(i.TIM_SelectOCxM), (70 bytes).
    Removing stm32f10x_tim.o(i.TIM_SelectOnePulseMode), (16 bytes).
    Removing stm32f10x_tim.o(i.TIM_SelectOutputTrigger), (16 bytes).
    Removing stm32f10x_tim.o(i.TIM_SelectSlaveMode), (16 bytes).
    Removing stm32f10x_tim.o(i.TIM_SetAutoreload), (4 bytes).
    Removing stm32f10x_tim.o(i.TIM_SetClockDivision), (16 bytes).
    Removing stm32f10x_tim.o(i.TIM_SetCompare1), (4 bytes).
    Removing stm32f10x_tim.o(i.TIM_SetCompare2), (4 bytes).
    Removing stm32f10x_tim.o(i.TIM_SetCompare3), (4 bytes).
    Removing stm32f10x_tim.o(i.TIM_SetCompare4), (6 bytes).
    Removing stm32f10x_tim.o(i.TIM_SetCounter), (4 bytes).
    Removing stm32f10x_tim.o(i.TIM_SetIC1Prescaler), (16 bytes).
    Removing stm32f10x_tim.o(i.TIM_SetIC2Prescaler), (24 bytes).
    Removing stm32f10x_tim.o(i.TIM_SetIC3Prescaler), (16 bytes).
    Removing stm32f10x_tim.o(i.TIM_SetIC4Prescaler), (24 bytes).
    Removing stm32f10x_tim.o(i.TIM_TIxExternalClockConfig), (46 bytes).
    Removing stm32f10x_tim.o(i.TIM_TimeBaseStructInit), (18 bytes).
    Removing stm32f10x_tim.o(i.TIM_UpdateDisableConfig), (20 bytes).
    Removing stm32f10x_tim.o(i.TIM_UpdateRequestConfig), (20 bytes).
    Removing stm32f10x_usart.o(.rev16_text), (4 bytes).
    Removing stm32f10x_usart.o(.revsh_text), (4 bytes).
    Removing stm32f10x_usart.o(i.USART_ClearFlag), (6 bytes).
    Removing stm32f10x_usart.o(i.USART_ClearITPendingBit), (12 bytes).
    Removing stm32f10x_usart.o(i.USART_ClockInit), (30 bytes).
    Removing stm32f10x_usart.o(i.USART_ClockStructInit), (12 bytes).
    Removing stm32f10x_usart.o(i.USART_Cmd), (20 bytes).
    Removing stm32f10x_usart.o(i.USART_DMACmd), (16 bytes).
    Removing stm32f10x_usart.o(i.USART_DeInit), (116 bytes).
    Removing stm32f10x_usart.o(i.USART_GetFlagStatus), (14 bytes).
    Removing stm32f10x_usart.o(i.USART_GetITStatus), (62 bytes).
    Removing stm32f10x_usart.o(i.USART_HalfDuplexCmd), (20 bytes).
    Removing stm32f10x_usart.o(i.USART_ITConfig), (48 bytes).
    Removing stm32f10x_usart.o(i.USART_Init), (180 bytes).
    Removing stm32f10x_usart.o(i.USART_IrDACmd), (20 bytes).
    Removing stm32f10x_usart.o(i.USART_IrDAConfig), (16 bytes).
    Removing stm32f10x_usart.o(i.USART_LINBreakDetectLengthConfig), (16 bytes).
    Removing stm32f10x_usart.o(i.USART_LINCmd), (20 bytes).
    Removing stm32f10x_usart.o(i.USART_OneBitMethodCmd), (20 bytes).
    Removing stm32f10x_usart.o(i.USART_OverSampling8Cmd), (20 bytes).
    Removing stm32f10x_usart.o(i.USART_ReceiveData), (8 bytes).
    Removing stm32f10x_usart.o(i.USART_ReceiverWakeUpCmd), (20 bytes).
    Removing stm32f10x_usart.o(i.USART_SendBreak), (10 bytes).
    Removing stm32f10x_usart.o(i.USART_SendData), (8 bytes).
    Removing stm32f10x_usart.o(i.USART_SetAddress), (16 bytes).
    Removing stm32f10x_usart.o(i.USART_SetGuardTime), (16 bytes).
    Removing stm32f10x_usart.o(i.USART_SetPrescaler), (16 bytes).
    Removing stm32f10x_usart.o(i.USART_SmartCardCmd), (20 bytes).
    Removing stm32f10x_usart.o(i.USART_SmartCardNACKCmd), (20 bytes).
    Removing stm32f10x_usart.o(i.USART_StructInit), (22 bytes).
    Removing stm32f10x_usart.o(i.USART_WakeUpConfig), (16 bytes).
    Removing stm32f10x_wwdg.o(.rev16_text), (4 bytes).
    Removing stm32f10x_wwdg.o(.revsh_text), (4 bytes).
    Removing stm32f10x_wwdg.o(i.WWDG_ClearFlag), (12 bytes).
    Removing stm32f10x_wwdg.o(i.WWDG_DeInit), (24 bytes).
    Removing stm32f10x_wwdg.o(i.WWDG_Enable), (16 bytes).
    Removing stm32f10x_wwdg.o(i.WWDG_EnableIT), (12 bytes).
    Removing stm32f10x_wwdg.o(i.WWDG_GetFlagStatus), (12 bytes).
    Removing stm32f10x_wwdg.o(i.WWDG_SetCounter), (16 bytes).
    Removing stm32f10x_wwdg.o(i.WWDG_SetPrescaler), (20 bytes).
    Removing stm32f10x_wwdg.o(i.WWDG_SetWindowValue), (28 bytes).
    Removing core_cm3.o(.emb_text), (32 bytes).
    Removing system_stm32f10x.o(.rev16_text), (4 bytes).
    Removing system_stm32f10x.o(.revsh_text), (4 bytes).
    Removing system_stm32f10x.o(i.SystemCoreClockUpdate), (104 bytes).
    Removing system_stm32f10x.o(.data), (20 bytes).

518 unused section(s) (total 15943 bytes) removed from the image.

==============================================================================

Image Symbol Table

    Local Symbols

    Symbol Name                              Value     Ov Type        Size  Object(Section)

    ../clib/angel/boardlib.s                 0x00000000   Number         0  boardshut.o ABSOLUTE
    ../clib/angel/boardlib.s                 0x00000000   Number         0  boardinit1.o ABSOLUTE
    ../clib/angel/boardlib.s                 0x00000000   Number         0  boardinit2.o ABSOLUTE
    ../clib/angel/boardlib.s                 0x00000000   Number         0  boardinit3.o ABSOLUTE
    ../clib/angel/handlers.s                 0x00000000   Number         0  __scatter_zi.o ABSOLUTE
    ../clib/angel/handlers.s                 0x00000000   Number         0  __scatter_copy.o ABSOLUTE
    ../clib/angel/kernel.s                   0x00000000   Number         0  rtentry.o ABSOLUTE
    ../clib/angel/kernel.s                   0x00000000   Number         0  rtentry2.o ABSOLUTE
    ../clib/angel/kernel.s                   0x00000000   Number         0  rtentry4.o ABSOLUTE
    ../clib/angel/kernel.s                   0x00000000   Number         0  rtexit.o ABSOLUTE
    ../clib/angel/kernel.s                   0x00000000   Number         0  rtexit2.o ABSOLUTE
    ../clib/angel/rt.s                       0x00000000   Number         0  rt_raise.o ABSOLUTE
    ../clib/angel/scatter.s                  0x00000000   Number         0  __scatter.o ABSOLUTE
    ../clib/angel/startup.s                  0x00000000   Number         0  __main.o ABSOLUTE
    ../clib/angel/sys.s                      0x00000000   Number         0  sys_stackheap_outer.o ABSOLUTE
    ../clib/angel/sys.s                      0x00000000   Number         0  use_no_semi.o ABSOLUTE
    ../clib/angel/sys.s                      0x00000000   Number         0  libspace.o ABSOLUTE
    ../clib/angel/sys.s                      0x00000000   Number         0  indicate_semi.o ABSOLUTE
    ../clib/angel/sysapp.c                   0x00000000   Number         0  sys_wrch.o ABSOLUTE
    ../clib/angel/sysapp.c                   0x00000000   Number         0  sys_command.o ABSOLUTE
    ../clib/angel/sysapp.c                   0x00000000   Number         0  sys_exit.o ABSOLUTE
    ../clib/armsys.c                         0x00000000   Number         0  argv_veneer.o ABSOLUTE
    ../clib/armsys.c                         0x00000000   Number         0  argv_veneer.o ABSOLUTE
    ../clib/armsys.c                         0x00000000   Number         0  _get_argv_nomalloc.o ABSOLUTE
    ../clib/armsys.c                         0x00000000   Number         0  no_argv.o ABSOLUTE
    ../clib/heapalloc.c                      0x00000000   Number         0  hrguard.o ABSOLUTE
    ../clib/heapaux.c                        0x00000000   Number         0  heapauxi.o ABSOLUTE
    ../clib/libinit.s                        0x00000000   Number         0  libinit.o ABSOLUTE
    ../clib/libinit.s                        0x00000000   Number         0  libinit2.o ABSOLUTE
    ../clib/libinit.s                        0x00000000   Number         0  libshutdown.o ABSOLUTE
    ../clib/libinit.s                        0x00000000   Number         0  libshutdown2.o ABSOLUTE
    ../clib/memcpset.s                       0x00000000   Number         0  rt_memcpy_w.o ABSOLUTE
    ../clib/signal.c                         0x00000000   Number         0  defsig_other.o ABSOLUTE
    ../clib/signal.c                         0x00000000   Number         0  defsig_rtmem_outer.o ABSOLUTE
    ../clib/signal.c                         0x00000000   Number         0  defsig_segv_inner.o ABSOLUTE
    ../clib/signal.c                         0x00000000   Number         0  defsig_cppl_inner.o ABSOLUTE
    ../clib/signal.c                         0x00000000   Number         0  defsig_pvfn_inner.o ABSOLUTE
    ../clib/signal.c                         0x00000000   Number         0  defsig_stak_inner.o ABSOLUTE
    ../clib/signal.c                         0x00000000   Number         0  defsig_rtred_inner.o ABSOLUTE
    ../clib/signal.c                         0x00000000   Number         0  defsig_general.o ABSOLUTE
    ../clib/signal.c                         0x00000000   Number         0  defsig_fpe_inner.o ABSOLUTE
    ../clib/signal.c                         0x00000000   Number         0  defsig_abrt_inner.o ABSOLUTE
    ../clib/signal.c                         0x00000000   Number         0  defsig_rtmem_formal.o ABSOLUTE
    ../clib/signal.c                         0x00000000   Number         0  defsig_exit.o ABSOLUTE
    ../clib/signal.c                         0x00000000   Number         0  defsig_rtmem_inner.o ABSOLUTE
    ../clib/signal.c                         0x00000000   Number         0  __raise.o ABSOLUTE
    ../clib/signal.s                         0x00000000   Number         0  defsig.o ABSOLUTE
    ../clib/stdlib.c                         0x00000000   Number         0  exit.o ABSOLUTE
    ../clib/stdlib.c                         0x00000000   Number         0  rand.o ABSOLUTE
    ../clib/stdlib.c                         0x00000000   Number         0  rand.o ABSOLUTE
    ../fplib/fpinit.s                        0x00000000   Number         0  fpinit.o ABSOLUTE
    ..\..\..\Libraries\CMSIS\CM3\CoreSupport\core_cm3.c 0x00000000   Number         0  core_cm3.o ABSOLUTE
    ..\..\..\Libraries\CMSIS\CM3\DeviceSupport\ST\STM32F10x\startup\arm\startup_stm32f10x_md.s 0x00000000   Number         0  startup_stm32f10x_md.o ABSOLUTE
    ..\..\..\Libraries\CMSIS\CM3\DeviceSupport\ST\STM32F10x\system_stm32f10x.c 0x00000000   Number         0  system_stm32f10x.o ABSOLUTE
    ..\..\..\Libraries\STM32F10x_StdPeriph_Driver\src\misc.c 0x00000000   Number         0  misc.o ABSOLUTE
    ..\..\..\Libraries\STM32F10x_StdPeriph_Driver\src\stm32f10x_adc.c 0x00000000   Number         0  stm32f10x_adc.o ABSOLUTE
    ..\..\..\Libraries\STM32F10x_StdPeriph_Driver\src\stm32f10x_bkp.c 0x00000000   Number         0  stm32f10x_bkp.o ABSOLUTE
    ..\..\..\Libraries\STM32F10x_StdPeriph_Driver\src\stm32f10x_can.c 0x00000000   Number         0  stm32f10x_can.o ABSOLUTE
    ..\..\..\Libraries\STM32F10x_StdPeriph_Driver\src\stm32f10x_cec.c 0x00000000   Number         0  stm32f10x_cec.o ABSOLUTE
    ..\..\..\Libraries\STM32F10x_StdPeriph_Driver\src\stm32f10x_crc.c 0x00000000   Number         0  stm32f10x_crc.o ABSOLUTE
    ..\..\..\Libraries\STM32F10x_StdPeriph_Driver\src\stm32f10x_dac.c 0x00000000   Number         0  stm32f10x_dac.o ABSOLUTE
    ..\..\..\Libraries\STM32F10x_StdPeriph_Driver\src\stm32f10x_dbgmcu.c 0x00000000   Number         0  stm32f10x_dbgmcu.o ABSOLUTE
    ..\..\..\Libraries\STM32F10x_StdPeriph_Driver\src\stm32f10x_dma.c 0x00000000   Number         0  stm32f10x_dma.o ABSOLUTE
    ..\..\..\Libraries\STM32F10x_StdPeriph_Driver\src\stm32f10x_exti.c 0x00000000   Number         0  stm32f10x_exti.o ABSOLUTE
    ..\..\..\Libraries\STM32F10x_StdPeriph_Driver\src\stm32f10x_flash.c 0x00000000   Number         0  stm32f10x_flash.o ABSOLUTE
    ..\..\..\Libraries\STM32F10x_StdPeriph_Driver\src\stm32f10x_fsmc.c 0x00000000   Number         0  stm32f10x_fsmc.o ABSOLUTE
    ..\..\..\Libraries\STM32F10x_StdPeriph_Driver\src\stm32f10x_gpio.c 0x00000000   Number         0  stm32f10x_gpio.o ABSOLUTE
    ..\..\..\Libraries\STM32F10x_StdPeriph_Driver\src\stm32f10x_i2c.c 0x00000000   Number         0  stm32f10x_i2c.o ABSOLUTE
    ..\..\..\Libraries\STM32F10x_StdPeriph_Driver\src\stm32f10x_iwdg.c 0x00000000   Number         0  stm32f10x_iwdg.o ABSOLUTE
    ..\..\..\Libraries\STM32F10x_StdPeriph_Driver\src\stm32f10x_pwr.c 0x00000000   Number         0  stm32f10x_pwr.o ABSOLUTE
    ..\..\..\Libraries\STM32F10x_StdPeriph_Driver\src\stm32f10x_rcc.c 0x00000000   Number         0  stm32f10x_rcc.o ABSOLUTE
    ..\..\..\Libraries\STM32F10x_StdPeriph_Driver\src\stm32f10x_rtc.c 0x00000000   Number         0  stm32f10x_rtc.o ABSOLUTE
    ..\..\..\Libraries\STM32F10x_StdPeriph_Driver\src\stm32f10x_sdio.c 0x00000000   Number         0  stm32f10x_sdio.o ABSOLUTE
    ..\..\..\Libraries\STM32F10x_StdPeriph_Driver\src\stm32f10x_spi.c 0x00000000   Number         0  stm32f10x_spi.o ABSOLUTE
    ..\..\..\Libraries\STM32F10x_StdPeriph_Driver\src\stm32f10x_tim.c 0x00000000   Number         0  stm32f10x_tim.o ABSOLUTE
    ..\..\..\Libraries\STM32F10x_StdPeriph_Driver\src\stm32f10x_usart.c 0x00000000   Number         0  stm32f10x_usart.o ABSOLUTE
    ..\..\..\Libraries\STM32F10x_StdPeriph_Driver\src\stm32f10x_wwdg.c 0x00000000   Number         0  stm32f10x_wwdg.o ABSOLUTE
    ..\\..\\..\\Libraries\\CMSIS\\CM3\\CoreSupport\\core_cm3.c 0x00000000   Number         0  core_cm3.o ABSOLUTE
    ..\\..\\..\\Libraries\\CMSIS\\CM3\\DeviceSupport\\ST\\STM32F10x\\system_stm32f10x.c 0x00000000   Number         0  system_stm32f10x.o ABSOLUTE
    ..\\..\\..\\Libraries\\STM32F10x_StdPeriph_Driver\\src\\misc.c 0x00000000   Number         0  misc.o ABSOLUTE
    ..\\..\\..\\Libraries\\STM32F10x_StdPeriph_Driver\\src\\stm32f10x_adc.c 0x00000000   Number         0  stm32f10x_adc.o ABSOLUTE
    ..\\..\\..\\Libraries\\STM32F10x_StdPeriph_Driver\\src\\stm32f10x_bkp.c 0x00000000   Number         0  stm32f10x_bkp.o ABSOLUTE
    ..\\..\\..\\Libraries\\STM32F10x_StdPeriph_Driver\\src\\stm32f10x_can.c 0x00000000   Number         0  stm32f10x_can.o ABSOLUTE
    ..\\..\\..\\Libraries\\STM32F10x_StdPeriph_Driver\\src\\stm32f10x_cec.c 0x00000000   Number         0  stm32f10x_cec.o ABSOLUTE
    ..\\..\\..\\Libraries\\STM32F10x_StdPeriph_Driver\\src\\stm32f10x_crc.c 0x00000000   Number         0  stm32f10x_crc.o ABSOLUTE
    ..\\..\\..\\Libraries\\STM32F10x_StdPeriph_Driver\\src\\stm32f10x_dac.c 0x00000000   Number         0  stm32f10x_dac.o ABSOLUTE
    ..\\..\\..\\Libraries\\STM32F10x_StdPeriph_Driver\\src\\stm32f10x_dbgmcu.c 0x00000000   Number         0  stm32f10x_dbgmcu.o ABSOLUTE
    ..\\..\\..\\Libraries\\STM32F10x_StdPeriph_Driver\\src\\stm32f10x_dma.c 0x00000000   Number         0  stm32f10x_dma.o ABSOLUTE
    ..\\..\\..\\Libraries\\STM32F10x_StdPeriph_Driver\\src\\stm32f10x_exti.c 0x00000000   Number         0  stm32f10x_exti.o ABSOLUTE
    ..\\..\\..\\Libraries\\STM32F10x_StdPeriph_Driver\\src\\stm32f10x_flash.c 0x00000000   Number         0  stm32f10x_flash.o ABSOLUTE
    ..\\..\\..\\Libraries\\STM32F10x_StdPeriph_Driver\\src\\stm32f10x_fsmc.c 0x00000000   Number         0  stm32f10x_fsmc.o ABSOLUTE
    ..\\..\\..\\Libraries\\STM32F10x_StdPeriph_Driver\\src\\stm32f10x_gpio.c 0x00000000   Number         0  stm32f10x_gpio.o ABSOLUTE
    ..\\..\\..\\Libraries\\STM32F10x_StdPeriph_Driver\\src\\stm32f10x_i2c.c 0x00000000   Number         0  stm32f10x_i2c.o ABSOLUTE
    ..\\..\\..\\Libraries\\STM32F10x_StdPeriph_Driver\\src\\stm32f10x_iwdg.c 0x00000000   Number         0  stm32f10x_iwdg.o ABSOLUTE
    ..\\..\\..\\Libraries\\STM32F10x_StdPeriph_Driver\\src\\stm32f10x_pwr.c 0x00000000   Number         0  stm32f10x_pwr.o ABSOLUTE
    ..\\..\\..\\Libraries\\STM32F10x_StdPeriph_Driver\\src\\stm32f10x_rcc.c 0x00000000   Number         0  stm32f10x_rcc.o ABSOLUTE
    ..\\..\\..\\Libraries\\STM32F10x_StdPeriph_Driver\\src\\stm32f10x_rtc.c 0x00000000   Number         0  stm32f10x_rtc.o ABSOLUTE
    ..\\..\\..\\Libraries\\STM32F10x_StdPeriph_Driver\\src\\stm32f10x_sdio.c 0x00000000   Number         0  stm32f10x_sdio.o ABSOLUTE
    ..\\..\\..\\Libraries\\STM32F10x_StdPeriph_Driver\\src\\stm32f10x_spi.c 0x00000000   Number         0  stm32f10x_spi.o ABSOLUTE
    ..\\..\\..\\Libraries\\STM32F10x_StdPeriph_Driver\\src\\stm32f10x_tim.c 0x00000000   Number         0  stm32f10x_tim.o ABSOLUTE
    ..\\..\\..\\Libraries\\STM32F10x_StdPeriph_Driver\\src\\stm32f10x_usart.c 0x00000000   Number         0  stm32f10x_usart.o ABSOLUTE
    ..\\..\\..\\Libraries\\STM32F10x_StdPeriph_Driver\\src\\stm32f10x_wwdg.c 0x00000000   Number         0  stm32f10x_wwdg.o ABSOLUTE
    ..\\main.c                               0x00000000   Number         0  main.o ABSOLUTE
    ..\\matrixrgb.c                          0x00000000   Number         0  matrixrgb.o ABSOLUTE
    ..\\mystm32f10x.c                        0x00000000   Number         0  mystm32f10x.o ABSOLUTE
    ..\\stm32f10x_it.c                       0x00000000   Number         0  stm32f10x_it.o ABSOLUTE
    ..\main.c                                0x00000000   Number         0  main.o ABSOLUTE
    ..\matrixrgb.c                           0x00000000   Number         0  matrixrgb.o ABSOLUTE
    ..\mystm32f10x.c                         0x00000000   Number         0  mystm32f10x.o ABSOLUTE
    ..\stm32f10x_it.c                        0x00000000   Number         0  stm32f10x_it.o ABSOLUTE
    dc.s                                     0x00000000   Number         0  dc.o ABSOLUTE
    RESET                                    0x08000000   Section      236  startup_stm32f10x_md.o(RESET)
    !!!main                                  0x080000ec   Section        8  __main.o(!!!main)
    !!!scatter                               0x080000f4   Section       52  __scatter.o(!!!scatter)
    !!handler_copy                           0x08000128   Section       26  __scatter_copy.o(!!handler_copy)
    !!handler_zi                             0x08000144   Section       28  __scatter_zi.o(!!handler_zi)
    .ARM.Collect$$libinit$$00000000          0x08000160   Section        2  libinit.o(.ARM.Collect$$libinit$$00000000)
    .ARM.Collect$$libinit$$00000002          0x08000162   Section        0  libinit2.o(.ARM.Collect$$libinit$$00000002)
    .ARM.Collect$$libinit$$00000008          0x08000162   Section        0  libinit2.o(.ARM.Collect$$libinit$$00000008)
    .ARM.Collect$$libinit$$0000000A          0x08000162   Section        0  libinit2.o(.ARM.Collect$$libinit$$0000000A)
    .ARM.Collect$$libinit$$0000000B          0x08000162   Section        4  libinit2.o(.ARM.Collect$$libinit$$0000000B)
    .ARM.Collect$$libinit$$0000000C          0x08000166   Section        0  libinit2.o(.ARM.Collect$$libinit$$0000000C)
    .ARM.Collect$$libinit$$0000000F          0x08000166   Section        0  libinit2.o(.ARM.Collect$$libinit$$0000000F)
    .ARM.Collect$$libinit$$00000011          0x08000166   Section        0  libinit2.o(.ARM.Collect$$libinit$$00000011)
    .ARM.Collect$$libinit$$00000013          0x08000166   Section        0  libinit2.o(.ARM.Collect$$libinit$$00000013)
    .ARM.Collect$$libinit$$00000015          0x08000166   Section        0  libinit2.o(.ARM.Collect$$libinit$$00000015)
    .ARM.Collect$$libinit$$00000017          0x08000166   Section        0  libinit2.o(.ARM.Collect$$libinit$$00000017)
    .ARM.Collect$$libinit$$00000019          0x08000166   Section        0  libinit2.o(.ARM.Collect$$libinit$$00000019)
    .ARM.Collect$$libinit$$0000001B          0x08000166   Section        0  libinit2.o(.ARM.Collect$$libinit$$0000001B)
    .ARM.Collect$$libinit$$0000001D          0x08000166   Section        0  libinit2.o(.ARM.Collect$$libinit$$0000001D)
    .ARM.Collect$$libinit$$0000001F          0x08000166   Section        0  libinit2.o(.ARM.Collect$$libinit$$0000001F)
    .ARM.Collect$$libinit$$00000021          0x08000166   Section        0  libinit2.o(.ARM.Collect$$libinit$$00000021)
    .ARM.Collect$$libinit$$00000023          0x08000166   Section        0  libinit2.o(.ARM.Collect$$libinit$$00000023)
    .ARM.Collect$$libinit$$0000002A          0x08000166   Section        0  libinit2.o(.ARM.Collect$$libinit$$0000002A)
    .ARM.Collect$$libinit$$0000002C          0x08000166   Section        0  libinit2.o(.ARM.Collect$$libinit$$0000002C)
    .ARM.Collect$$libinit$$0000002E          0x08000166   Section        0  libinit2.o(.ARM.Collect$$libinit$$0000002E)
    .ARM.Collect$$libinit$$00000030          0x08000166   Section        0  libinit2.o(.ARM.Collect$$libinit$$00000030)
    .ARM.Collect$$libinit$$00000031          0x08000166   Section        2  libinit2.o(.ARM.Collect$$libinit$$00000031)
    .ARM.Collect$$libshutdown$$00000000      0x08000168   Section        2  libshutdown.o(.ARM.Collect$$libshutdown$$00000000)
    .ARM.Collect$$libshutdown$$00000003      0x0800016a   Section        0  libshutdown2.o(.ARM.Collect$$libshutdown$$00000003)
    .ARM.Collect$$libshutdown$$00000006      0x0800016a   Section        0  libshutdown2.o(.ARM.Collect$$libshutdown$$00000006)
    .ARM.Collect$$libshutdown$$00000009      0x0800016a   Section        0  libshutdown2.o(.ARM.Collect$$libshutdown$$00000009)
    .ARM.Collect$$libshutdown$$0000000B      0x0800016a   Section        0  libshutdown2.o(.ARM.Collect$$libshutdown$$0000000B)
    .ARM.Collect$$libshutdown$$0000000E      0x0800016a   Section        0  libshutdown2.o(.ARM.Collect$$libshutdown$$0000000E)
    .ARM.Collect$$libshutdown$$0000000F      0x0800016a   Section        2  libshutdown2.o(.ARM.Collect$$libshutdown$$0000000F)
    .ARM.Collect$$rtentry$$00000000          0x0800016c   Section        0  rtentry.o(.ARM.Collect$$rtentry$$00000000)
    .ARM.Collect$$rtentry$$00000002          0x0800016c   Section        0  rtentry2.o(.ARM.Collect$$rtentry$$00000002)
    .ARM.Collect$$rtentry$$00000004          0x0800016c   Section        6  rtentry4.o(.ARM.Collect$$rtentry$$00000004)
    .ARM.Collect$$rtentry$$00000009          0x08000172   Section        0  rtentry2.o(.ARM.Collect$$rtentry$$00000009)
    .ARM.Collect$$rtentry$$0000000A          0x08000172   Section        4  rtentry2.o(.ARM.Collect$$rtentry$$0000000A)
    .ARM.Collect$$rtentry$$0000000C          0x08000176   Section        0  rtentry2.o(.ARM.Collect$$rtentry$$0000000C)
    .ARM.Collect$$rtentry$$0000000D          0x08000176   Section        8  rtentry2.o(.ARM.Collect$$rtentry$$0000000D)
    .ARM.Collect$$rtexit$$00000000           0x0800017e   Section        2  rtexit.o(.ARM.Collect$$rtexit$$00000000)
    .ARM.Collect$$rtexit$$00000002           0x08000180   Section        0  rtexit2.o(.ARM.Collect$$rtexit$$00000002)
    .ARM.Collect$$rtexit$$00000003           0x08000180   Section        4  rtexit2.o(.ARM.Collect$$rtexit$$00000003)
    .ARM.Collect$$rtexit$$00000004           0x08000184   Section        6  rtexit2.o(.ARM.Collect$$rtexit$$00000004)
    .emb_text                                0x0800018c   Section       52  rand.o(.emb_text)
    .text                                    0x080001c0   Section       64  startup_stm32f10x_md.o(.text)
    .text                                    0x08000200   Section        0  rand.o(.text)
    .text                                    0x0800023c   Section      100  rt_memcpy_w.o(.text)
    .text                                    0x080002a0   Section        0  heapauxi.o(.text)
    .text                                    0x080002a6   Section       74  sys_stackheap_outer.o(.text)
    .text                                    0x080002f0   Section        0  exit.o(.text)
    .text                                    0x080002fc   Section        8  libspace.o(.text)
    .text                                    0x08000304   Section        2  use_no_semi.o(.text)
    .text                                    0x08000306   Section        0  indicate_semi.o(.text)
    .text                                    0x08000308   Section        0  sys_exit.o(.text)
    i.BusFault_Handler                       0x08000314   Section        0  stm32f10x_it.o(i.BusFault_Handler)
    i.Check                                  0x08000318   Section        0  matrixrgb.o(i.Check)
    i.DebugMon_Handler                       0x08000364   Section        0  stm32f10x_it.o(i.DebugMon_Handler)
    i.Delay                                  0x08000366   Section        0  mystm32f10x.o(i.Delay)
    i.FLASH_PrefetchBufferCmd                0x08000380   Section        0  stm32f10x_flash.o(i.FLASH_PrefetchBufferCmd)
    i.FLASH_SetLatency                       0x08000398   Section        0  stm32f10x_flash.o(i.FLASH_SetLatency)
    i.GPIO_DeInit                            0x080003ac   Section        0  stm32f10x_gpio.o(i.GPIO_DeInit)
    i.GPIO_Init                              0x08000460   Section        0  stm32f10x_gpio.o(i.GPIO_Init)
    i.GPIO_PinRemapConfig                    0x08000500   Section        0  stm32f10x_gpio.o(i.GPIO_PinRemapConfig)
    i.GPIO_ResetBits                         0x08000558   Section        0  stm32f10x_gpio.o(i.GPIO_ResetBits)
    i.GPIO_SetBits                           0x0800055c   Section        0  stm32f10x_gpio.o(i.GPIO_SetBits)
    i.HardFault_Handler                      0x08000560   Section        0  stm32f10x_it.o(i.HardFault_Handler)
    i.HieuUng1                               0x08000564   Section        0  matrixrgb.o(i.HieuUng1)
    i.HieuUng10                              0x080005ec   Section        0  matrixrgb.o(i.HieuUng10)
    i.HieuUng11                              0x08000778   Section        0  matrixrgb.o(i.HieuUng11)
    i.HieuUng12                              0x08000868   Section        0  matrixrgb.o(i.HieuUng12)
    i.HieuUng13                              0x080009d8   Section        0  matrixrgb.o(i.HieuUng13)
    i.HieuUng14                              0x08000ae8   Section        0  matrixrgb.o(i.HieuUng14)
    i.HieuUng15                              0x08000cb0   Section        0  matrixrgb.o(i.HieuUng15)
    i.HieuUng16                              0x08000d80   Section        0  matrixrgb.o(i.HieuUng16)
    i.HieuUng18                              0x08000e98   Section        0  matrixrgb.o(i.HieuUng18)
    i.HieuUng19                              0x08001098   Section        0  matrixrgb.o(i.HieuUng19)
    i.HieuUng2                               0x080011e8   Section        0  matrixrgb.o(i.HieuUng2)
    i.HieuUng20                              0x080012c4   Section        0  matrixrgb.o(i.HieuUng20)
    i.HieuUng22                              0x08001418   Section        0  matrixrgb.o(i.HieuUng22)
    i.HieuUng23                              0x0800149c   Section        0  matrixrgb.o(i.HieuUng23)
    i.HieuUng24                              0x080016b8   Section        0  matrixrgb.o(i.HieuUng24)
    i.HieuUng25                              0x0800182c   Section        0  matrixrgb.o(i.HieuUng25)
    i.HieuUng26                              0x08001a84   Section        0  matrixrgb.o(i.HieuUng26)
    i.HieuUng27                              0x08001e3c   Section        0  matrixrgb.o(i.HieuUng27)
    i.HieuUng28                              0x08002084   Section        0  matrixrgb.o(i.HieuUng28)
    i.HieuUng29                              0x08002294   Section        0  matrixrgb.o(i.HieuUng29)
    i.HieuUng3                               0x080023ac   Section        0  matrixrgb.o(i.HieuUng3)
    i.HieuUng30                              0x08002528   Section        0  matrixrgb.o(i.HieuUng30)
    i.HieuUng31                              0x0800278c   Section        0  matrixrgb.o(i.HieuUng31)
    i.HieuUng32                              0x080028bc   Section        0  matrixrgb.o(i.HieuUng32)
    i.HieuUng33                              0x080029d4   Section        0  matrixrgb.o(i.HieuUng33)
    i.HieuUng34                              0x08002b2c   Section        0  matrixrgb.o(i.HieuUng34)
    i.HieuUng35                              0x08002c90   Section        0  matrixrgb.o(i.HieuUng35)
    i.HieuUng36                              0x08002ed4   Section        0  matrixrgb.o(i.HieuUng36)
    i.HieuUng4                               0x080030ac   Section        0  matrixrgb.o(i.HieuUng4)
    i.HieuUng5                               0x080031ac   Section        0  matrixrgb.o(i.HieuUng5)
    i.HieuUng6                               0x08003310   Section        0  matrixrgb.o(i.HieuUng6)
    i.HieuUng7                               0x080033ec   Section        0  matrixrgb.o(i.HieuUng7)
    i.HieuUng8                               0x080034ec   Section        0  matrixrgb.o(i.HieuUng8)
    i.HieuUng9                               0x08003708   Section        0  matrixrgb.o(i.HieuUng9)
    i.MatrixRGB_Config                       0x08003958   Section        0  matrixrgb.o(i.MatrixRGB_Config)
    i.MatrixRGB_ScanPWM                      0x08003b30   Section        0  matrixrgb.o(i.MatrixRGB_ScanPWM)
    i.MemManage_Handler                      0x08003c34   Section        0  stm32f10x_it.o(i.MemManage_Handler)
    i.NMI_Handler                            0x08003c36   Section        0  stm32f10x_it.o(i.NMI_Handler)
    i.NVIC_Init                              0x08003c38   Section        0  misc.o(i.NVIC_Init)
    i.PendSV_Handler                         0x08003c9c   Section        0  stm32f10x_it.o(i.PendSV_Handler)
    i.RCC_APB1PeriphClockCmd                 0x08003ca0   Section        0  stm32f10x_rcc.o(i.RCC_APB1PeriphClockCmd)
    i.RCC_APB2PeriphClockCmd                 0x08003cb8   Section        0  stm32f10x_rcc.o(i.RCC_APB2PeriphClockCmd)
    i.RCC_APB2PeriphResetCmd                 0x08003cd0   Section        0  stm32f10x_rcc.o(i.RCC_APB2PeriphResetCmd)
    i.RCC_DeInit                             0x08003ce8   Section        0  stm32f10x_rcc.o(i.RCC_DeInit)
    i.RCC_GetClocksFreq                      0x08003d28   Section        0  stm32f10x_rcc.o(i.RCC_GetClocksFreq)
    i.RCC_GetFlagStatus                      0x08003dbc   Section        0  stm32f10x_rcc.o(i.RCC_GetFlagStatus)
    i.RCC_GetSYSCLKSource                    0x08003dec   Section        0  stm32f10x_rcc.o(i.RCC_GetSYSCLKSource)
    i.RCC_HCLKConfig                         0x08003dfc   Section        0  stm32f10x_rcc.o(i.RCC_HCLKConfig)
    i.RCC_HSEConfig                          0x08003e10   Section        0  stm32f10x_rcc.o(i.RCC_HSEConfig)
    i.RCC_PCLK1Config                        0x08003e44   Section        0  stm32f10x_rcc.o(i.RCC_PCLK1Config)
    i.RCC_PCLK2Config                        0x08003e58   Section        0  stm32f10x_rcc.o(i.RCC_PCLK2Config)
    i.RCC_PLLCmd                             0x08003e6c   Section        0  stm32f10x_rcc.o(i.RCC_PLLCmd)
    i.RCC_PLLConfig                          0x08003e78   Section        0  stm32f10x_rcc.o(i.RCC_PLLConfig)
    i.RCC_SYSCLKConfig                       0x08003e8c   Section        0  stm32f10x_rcc.o(i.RCC_SYSCLKConfig)
    i.RCC_WaitForHSEStartUp                  0x08003ea0   Section        0  stm32f10x_rcc.o(i.RCC_WaitForHSEStartUp)
    i.ReadPixel                              0x08003ecc   Section        0  matrixrgb.o(i.ReadPixel)
    i.RollIn                                 0x08003f40   Section        0  matrixrgb.o(i.RollIn)
    i.RollOut                                0x08003f98   Section        0  matrixrgb.o(i.RollOut)
    i.RotateHalf                             0x08003ff8   Section        0  matrixrgb.o(i.RotateHalf)
    i.RotateMatrix                           0x080040c0   Section        0  matrixrgb.o(i.RotateMatrix)
    i.RotateReverseMatrix                    0x080041e0   Section        0  matrixrgb.o(i.RotateReverseMatrix)
    i.SVC_Handler                            0x080042f8   Section        0  stm32f10x_it.o(i.SVC_Handler)
    i.SetChuVan                              0x080042fc   Section        0  matrixrgb.o(i.SetChuVan)
    i.SetFullRow                             0x080044d0   Section        0  matrixrgb.o(i.SetFullRow)
    i.SetHalfRow                             0x08004564   Section        0  matrixrgb.o(i.SetHalfRow)
    i.SetPixel                               0x080045c0   Section        0  matrixrgb.o(i.SetPixel)
    i.SetSysClock                            0x08004688   Section        0  mystm32f10x.o(i.SetSysClock)
    i.SetSysClockTo72                        0x0800469c   Section        0  mystm32f10x.o(i.SetSysClockTo72)
    i.SetSysClockTo72                        0x0800470c   Section        0  system_stm32f10x.o(i.SetSysClockTo72)
    SetSysClockTo72                          0x0800470d   Thumb Code   160  system_stm32f10x.o(i.SetSysClockTo72)
    i.ShiftOut4Row                           0x080047b4   Section        0  matrixrgb.o(i.ShiftOut4Row)
    i.Spectrum2RGB                           0x08004848   Section        0  matrixrgb.o(i.Spectrum2RGB)
    i.SweepIn                                0x080048e4   Section        0  matrixrgb.o(i.SweepIn)
    i.SweepOut                               0x0800493c   Section        0  matrixrgb.o(i.SweepOut)
    i.SysTick_Handler                        0x08004998   Section        0  stm32f10x_it.o(i.SysTick_Handler)
    i.SystemInit                             0x0800499c   Section        0  system_stm32f10x.o(i.SystemInit)
    i.TIM2_Config                            0x080049ec   Section        0  mystm32f10x.o(i.TIM2_Config)
    i.TIM2_IRQHandler                        0x08004a4e   Section        0  main.o(i.TIM2_IRQHandler)
    i.TIM_ClearFlag                          0x08004a70   Section        0  stm32f10x_tim.o(i.TIM_ClearFlag)
    i.TIM_Cmd                                0x08004a76   Section        0  stm32f10x_tim.o(i.TIM_Cmd)
    i.TIM_GetFlagStatus                      0x08004a8a   Section        0  stm32f10x_tim.o(i.TIM_GetFlagStatus)
    i.TIM_ITConfig                           0x08004a98   Section        0  stm32f10x_tim.o(i.TIM_ITConfig)
    i.TIM_TimeBaseInit                       0x08004aa8   Section        0  stm32f10x_tim.o(i.TIM_TimeBaseInit)
    i.TurnOnHalfRow                          0x08004b44   Section        0  matrixrgb.o(i.TurnOnHalfRow)
    i.UsageFault_Handler                     0x08004b8c   Section        0  stm32f10x_it.o(i.UsageFault_Handler)
    i.delay_init                             0x08004b90   Section        0  mystm32f10x.o(i.delay_init)
    i.main                                   0x08004bbc   Section        0  main.o(i.main)
    .constdata                               0x08004c80   Section      568  matrixrgb.o(.constdata)
    .data                                    0x20000000   Section        4  mystm32f10x.o(.data)
    fac_us                                   0x20000000   Data           1  mystm32f10x.o(.data)
    fac_ms                                   0x20000002   Data           2  mystm32f10x.o(.data)
    .data                                    0x20000004   Section       57  matrixrgb.o(.data)
    c1                                       0x20000005   Data           1  matrixrgb.o(.data)
    c2                                       0x20000006   Data           1  matrixrgb.o(.data)
    c3                                       0x20000007   Data           1  matrixrgb.o(.data)
    c4                                       0x20000008   Data           1  matrixrgb.o(.data)
    c5                                       0x20000009   Data           1  matrixrgb.o(.data)
    c6                                       0x2000000a   Data           1  matrixrgb.o(.data)
    c1                                       0x2000000b   Data           1  matrixrgb.o(.data)
    c2                                       0x2000000c   Data           1  matrixrgb.o(.data)
    c3                                       0x2000000d   Data           1  matrixrgb.o(.data)
    c4                                       0x2000000e   Data           1  matrixrgb.o(.data)
    c5                                       0x2000000f   Data           1  matrixrgb.o(.data)
    c6                                       0x20000010   Data           1  matrixrgb.o(.data)
    c7                                       0x20000011   Data           1  matrixrgb.o(.data)
    c8                                       0x20000012   Data           1  matrixrgb.o(.data)
    c9                                       0x20000013   Data           1  matrixrgb.o(.data)
    c1                                       0x20000014   Data           1  matrixrgb.o(.data)
    c2                                       0x20000015   Data           1  matrixrgb.o(.data)
    c3                                       0x20000016   Data           1  matrixrgb.o(.data)
    c4                                       0x20000017   Data           1  matrixrgb.o(.data)
    c5                                       0x20000018   Data           1  matrixrgb.o(.data)
    c6                                       0x20000019   Data           1  matrixrgb.o(.data)
    c7                                       0x2000001a   Data           1  matrixrgb.o(.data)
    c8                                       0x2000001b   Data           1  matrixrgb.o(.data)
    c9                                       0x2000001c   Data           1  matrixrgb.o(.data)
    c1                                       0x2000001d   Data           1  matrixrgb.o(.data)
    c2                                       0x2000001e   Data           1  matrixrgb.o(.data)
    c3                                       0x2000001f   Data           1  matrixrgb.o(.data)
    c4                                       0x20000020   Data           1  matrixrgb.o(.data)
    c5                                       0x20000021   Data           1  matrixrgb.o(.data)
    c6                                       0x20000022   Data           1  matrixrgb.o(.data)
    c7                                       0x20000023   Data           1  matrixrgb.o(.data)
    c8                                       0x20000024   Data           1  matrixrgb.o(.data)
    c9                                       0x20000025   Data           1  matrixrgb.o(.data)
    c1                                       0x20000026   Data           1  matrixrgb.o(.data)
    c2                                       0x20000027   Data           1  matrixrgb.o(.data)
    c3                                       0x20000028   Data           1  matrixrgb.o(.data)
    c4                                       0x20000029   Data           1  matrixrgb.o(.data)
    c5                                       0x2000002a   Data           1  matrixrgb.o(.data)
    c6                                       0x2000002b   Data           1  matrixrgb.o(.data)
    .data                                    0x2000003d   Section       20  stm32f10x_rcc.o(.data)
    ADCPrescTable                            0x2000003d   Data           4  stm32f10x_rcc.o(.data)
    APBAHBPrescTable                         0x20000041   Data          16  stm32f10x_rcc.o(.data)
    .bss                                     0x20000054   Section       20  main.o(.bss)
    .bss                                     0x20000068   Section      902  matrixrgb.o(.bss)
    .bss                                     0x200003f0   Section      228  rand.o(.bss)
    .bss                                     0x200004d4   Section       96  libspace.o(.bss)
    HEAP                                     0x20000538   Section      512  startup_stm32f10x_md.o(HEAP)
    Heap_Mem                                 0x20000538   Data         512  startup_stm32f10x_md.o(HEAP)
    STACK                                    0x20000738   Section     1024  startup_stm32f10x_md.o(STACK)
    Stack_Mem                                0x20000738   Data        1024  startup_stm32f10x_md.o(STACK)
    __initial_sp                             0x20000b38   Data           0  startup_stm32f10x_md.o(STACK)

    Global Symbols

    Symbol Name                              Value     Ov Type        Size  Object(Section)

    BuildAttributes$$THM_ISAv4$P$D$K$B$S$PE$A:L22UL41UL21$X:L11$S22US41US21$IEEE1$IW$USESV6$~STKCKD$USESV7$~SHL$OSPACE$ROPI$EBA8$UX$STANDARDLIB$REQ8$PRES8$EABIv2 0x00000000   Number         0  anon$$obj.o ABSOLUTE
    __ARM_use_no_argv                        0x00000000   Number         0  main.o ABSOLUTE
    __ARM_exceptions_init                     - Undefined Weak Reference
    __alloca_initialize                       - Undefined Weak Reference
    __cpp_initialize__aeabi_                  - Undefined Weak Reference
    __cxa_finalize                            - Undefined Weak Reference
    __rt_locale                               - Undefined Weak Reference
    __sigvec_lookup                           - Undefined Weak Reference
    _atexit_init                              - Undefined Weak Reference
    _call_atexit_fns                          - Undefined Weak Reference
    _clock_init                               - Undefined Weak Reference
    _fp_trap_init                             - Undefined Weak Reference
    _fp_trap_shutdown                         - Undefined Weak Reference
    _get_lc_collate                           - Undefined Weak Reference
    _get_lc_ctype                             - Undefined Weak Reference
    _get_lc_monetary                          - Undefined Weak Reference
    _get_lc_numeric                           - Undefined Weak Reference
    _get_lc_time                              - Undefined Weak Reference
    _getenv_init                              - Undefined Weak Reference
    _handle_redirection                       - Undefined Weak Reference
    _init_alloc                               - Undefined Weak Reference
    _init_user_alloc                          - Undefined Weak Reference
    _initio                                   - Undefined Weak Reference
    _signal_finish                            - Undefined Weak Reference
    _signal_init                              - Undefined Weak Reference
    _terminate_alloc                          - Undefined Weak Reference
    _terminate_user_alloc                     - Undefined Weak Reference
    _terminateio                              - Undefined Weak Reference
    __Vectors_Size                           0x000000ec   Number         0  startup_stm32f10x_md.o ABSOLUTE
    __Vectors                                0x08000000   Data           4  startup_stm32f10x_md.o(RESET)
    __Vectors_End                            0x080000ec   Data           0  startup_stm32f10x_md.o(RESET)
    __main                                   0x080000ed   Thumb Code     8  __main.o(!!!main)
    __scatterload                            0x080000f5   Thumb Code     0  __scatter.o(!!!scatter)
    __scatterload_rt2                        0x080000f5   Thumb Code    44  __scatter.o(!!!scatter)
    __scatterload_rt2_thumb_only             0x080000f5   Thumb Code     0  __scatter.o(!!!scatter)
    __scatterload_null                       0x08000103   Thumb Code     0  __scatter.o(!!!scatter)
    __scatterload_copy                       0x08000129   Thumb Code    26  __scatter_copy.o(!!handler_copy)
    __scatterload_zeroinit                   0x08000145   Thumb Code    28  __scatter_zi.o(!!handler_zi)
    __rt_lib_init                            0x08000161   Thumb Code     0  libinit.o(.ARM.Collect$$libinit$$00000000)
    __rt_lib_init_fp_1                       0x08000163   Thumb Code     0  libinit2.o(.ARM.Collect$$libinit$$00000002)
    __rt_lib_init_heap_1                     0x08000163   Thumb Code     0  libinit2.o(.ARM.Collect$$libinit$$00000008)
    __rt_lib_init_rand_2                     0x08000163   Thumb Code     0  libinit2.o(.ARM.Collect$$libinit$$0000000B)
    __rt_lib_init_user_alloc_1               0x08000163   Thumb Code     0  libinit2.o(.ARM.Collect$$libinit$$0000000A)
    __rt_lib_init_alloca_1                   0x08000167   Thumb Code     0  libinit2.o(.ARM.Collect$$libinit$$0000002C)
    __rt_lib_init_argv_1                     0x08000167   Thumb Code     0  libinit2.o(.ARM.Collect$$libinit$$0000002A)
    __rt_lib_init_atexit_1                   0x08000167   Thumb Code     0  libinit2.o(.ARM.Collect$$libinit$$00000019)
    __rt_lib_init_clock_1                    0x08000167   Thumb Code     0  libinit2.o(.ARM.Collect$$libinit$$0000001F)
    __rt_lib_init_cpp_1                      0x08000167   Thumb Code     0  libinit2.o(.ARM.Collect$$libinit$$00000030)
    __rt_lib_init_exceptions_1               0x08000167   Thumb Code     0  libinit2.o(.ARM.Collect$$libinit$$0000002E)
    __rt_lib_init_fp_trap_1                  0x08000167   Thumb Code     0  libinit2.o(.ARM.Collect$$libinit$$0000001D)
    __rt_lib_init_getenv_1                   0x08000167   Thumb Code     0  libinit2.o(.ARM.Collect$$libinit$$00000021)
    __rt_lib_init_lc_collate_1               0x08000167   Thumb Code     0  libinit2.o(.ARM.Collect$$libinit$$0000000F)
    __rt_lib_init_lc_ctype_1                 0x08000167   Thumb Code     0  libinit2.o(.ARM.Collect$$libinit$$00000011)
    __rt_lib_init_lc_monetary_1              0x08000167   Thumb Code     0  libinit2.o(.ARM.Collect$$libinit$$00000013)
    __rt_lib_init_lc_numeric_1               0x08000167   Thumb Code     0  libinit2.o(.ARM.Collect$$libinit$$00000015)
    __rt_lib_init_lc_time_1                  0x08000167   Thumb Code     0  libinit2.o(.ARM.Collect$$libinit$$00000017)
    __rt_lib_init_rand_1                     0x08000167   Thumb Code     0  libinit2.o(.ARM.Collect$$libinit$$0000000C)
    __rt_lib_init_return                     0x08000167   Thumb Code     0  libinit2.o(.ARM.Collect$$libinit$$00000031)
    __rt_lib_init_signal_1                   0x08000167   Thumb Code     0  libinit2.o(.ARM.Collect$$libinit$$0000001B)
    __rt_lib_init_stdio_1                    0x08000167   Thumb Code     0  libinit2.o(.ARM.Collect$$libinit$$00000023)
    __rt_lib_shutdown                        0x08000169   Thumb Code     0  libshutdown.o(.ARM.Collect$$libshutdown$$00000000)
    __rt_lib_shutdown_fp_trap_1              0x0800016b   Thumb Code     0  libshutdown2.o(.ARM.Collect$$libshutdown$$00000006)
    __rt_lib_shutdown_heap_1                 0x0800016b   Thumb Code     0  libshutdown2.o(.ARM.Collect$$libshutdown$$0000000E)
    __rt_lib_shutdown_return                 0x0800016b   Thumb Code     0  libshutdown2.o(.ARM.Collect$$libshutdown$$0000000F)
    __rt_lib_shutdown_signal_1               0x0800016b   Thumb Code     0  libshutdown2.o(.ARM.Collect$$libshutdown$$00000009)
    __rt_lib_shutdown_stdio_1                0x0800016b   Thumb Code     0  libshutdown2.o(.ARM.Collect$$libshutdown$$00000003)
    __rt_lib_shutdown_user_alloc_1           0x0800016b   Thumb Code     0  libshutdown2.o(.ARM.Collect$$libshutdown$$0000000B)
    __rt_entry                               0x0800016d   Thumb Code     0  rtentry.o(.ARM.Collect$$rtentry$$00000000)
    __rt_entry_presh_1                       0x0800016d   Thumb Code     0  rtentry2.o(.ARM.Collect$$rtentry$$00000002)
    __rt_entry_sh                            0x0800016d   Thumb Code     0  rtentry4.o(.ARM.Collect$$rtentry$$00000004)
    __rt_entry_li                            0x08000173   Thumb Code     0  rtentry2.o(.ARM.Collect$$rtentry$$0000000A)
    __rt_entry_postsh_1                      0x08000173   Thumb Code     0  rtentry2.o(.ARM.Collect$$rtentry$$00000009)
    __rt_entry_main                          0x08000177   Thumb Code     0  rtentry2.o(.ARM.Collect$$rtentry$$0000000D)
    __rt_entry_postli_1                      0x08000177   Thumb Code     0  rtentry2.o(.ARM.Collect$$rtentry$$0000000C)
    __rt_exit                                0x0800017f   Thumb Code     0  rtexit.o(.ARM.Collect$$rtexit$$00000000)
    __rt_exit_ls                             0x08000181   Thumb Code     0  rtexit2.o(.ARM.Collect$$rtexit$$00000003)
    __rt_exit_prels_1                        0x08000181   Thumb Code     0  rtexit2.o(.ARM.Collect$$rtexit$$00000002)
    __rt_exit_exit                           0x08000185   Thumb Code     0  rtexit2.o(.ARM.Collect$$rtexit$$00000004)
    rand                                     0x0800018d   Thumb Code    48  rand.o(.emb_text)
    Reset_Handler                            0x080001c1   Thumb Code     8  startup_stm32f10x_md.o(.text)
    ADC1_2_IRQHandler                        0x080001db   Thumb Code     0  startup_stm32f10x_md.o(.text)
    CAN1_RX1_IRQHandler                      0x080001db   Thumb Code     0  startup_stm32f10x_md.o(.text)
    CAN1_SCE_IRQHandler                      0x080001db   Thumb Code     0  startup_stm32f10x_md.o(.text)
    DMA1_Channel1_IRQHandler                 0x080001db   Thumb Code     0  startup_stm32f10x_md.o(.text)
    DMA1_Channel2_IRQHandler                 0x080001db   Thumb Code     0  startup_stm32f10x_md.o(.text)
    DMA1_Channel3_IRQHandler                 0x080001db   Thumb Code     0  startup_stm32f10x_md.o(.text)
    DMA1_Channel4_IRQHandler                 0x080001db   Thumb Code     0  startup_stm32f10x_md.o(.text)
    DMA1_Channel5_IRQHandler                 0x080001db   Thumb Code     0  startup_stm32f10x_md.o(.text)
    DMA1_Channel6_IRQHandler                 0x080001db   Thumb Code     0  startup_stm32f10x_md.o(.text)
    DMA1_Channel7_IRQHandler                 0x080001db   Thumb Code     0  startup_stm32f10x_md.o(.text)
    EXTI0_IRQHandler                         0x080001db   Thumb Code     0  startup_stm32f10x_md.o(.text)
    EXTI15_10_IRQHandler                     0x080001db   Thumb Code     0  startup_stm32f10x_md.o(.text)
    EXTI1_IRQHandler                         0x080001db   Thumb Code     0  startup_stm32f10x_md.o(.text)
    EXTI2_IRQHandler                         0x080001db   Thumb Code     0  startup_stm32f10x_md.o(.text)
    EXTI3_IRQHandler                         0x080001db   Thumb Code     0  startup_stm32f10x_md.o(.text)
    EXTI4_IRQHandler                         0x080001db   Thumb Code     0  startup_stm32f10x_md.o(.text)
    EXTI9_5_IRQHandler                       0x080001db   Thumb Code     0  startup_stm32f10x_md.o(.text)
    FLASH_IRQHandler                         0x080001db   Thumb Code     0  startup_stm32f10x_md.o(.text)
    I2C1_ER_IRQHandler                       0x080001db   Thumb Code     0  startup_stm32f10x_md.o(.text)
    I2C1_EV_IRQHandler                       0x080001db   Thumb Code     0  startup_stm32f10x_md.o(.text)
    I2C2_ER_IRQHandler                       0x080001db   Thumb Code     0  startup_stm32f10x_md.o(.text)
    I2C2_EV_IRQHandler                       0x080001db   Thumb Code     0  startup_stm32f10x_md.o(.text)
    PVD_IRQHandler                           0x080001db   Thumb Code     0  startup_stm32f10x_md.o(.text)
    RCC_IRQHandler                           0x080001db   Thumb Code     0  startup_stm32f10x_md.o(.text)
    RTCAlarm_IRQHandler                      0x080001db   Thumb Code     0  startup_stm32f10x_md.o(.text)
    RTC_IRQHandler                           0x080001db   Thumb Code     0  startup_stm32f10x_md.o(.text)
    SPI1_IRQHandler                          0x080001db   Thumb Code     0  startup_stm32f10x_md.o(.text)
    SPI2_IRQHandler                          0x080001db   Thumb Code     0  startup_stm32f10x_md.o(.text)
    TAMPER_IRQHandler                        0x080001db   Thumb Code     0  startup_stm32f10x_md.o(.text)
    TIM1_BRK_IRQHandler                      0x080001db   Thumb Code     0  startup_stm32f10x_md.o(.text)
    TIM1_CC_IRQHandler                       0x080001db   Thumb Code     0  startup_stm32f10x_md.o(.text)
    TIM1_TRG_COM_IRQHandler                  0x080001db   Thumb Code     0  startup_stm32f10x_md.o(.text)
    TIM1_UP_IRQHandler                       0x080001db   Thumb Code     0  startup_stm32f10x_md.o(.text)
    TIM3_IRQHandler                          0x080001db   Thumb Code     0  startup_stm32f10x_md.o(.text)
    TIM4_IRQHandler                          0x080001db   Thumb Code     0  startup_stm32f10x_md.o(.text)
    USART1_IRQHandler                        0x080001db   Thumb Code     0  startup_stm32f10x_md.o(.text)
    USART2_IRQHandler                        0x080001db   Thumb Code     0  startup_stm32f10x_md.o(.text)
    USART3_IRQHandler                        0x080001db   Thumb Code     0  startup_stm32f10x_md.o(.text)
    USBWakeUp_IRQHandler                     0x080001db   Thumb Code     0  startup_stm32f10x_md.o(.text)
    USB_HP_CAN1_TX_IRQHandler                0x080001db   Thumb Code     0  startup_stm32f10x_md.o(.text)
    USB_LP_CAN1_RX0_IRQHandler               0x080001db   Thumb Code     0  startup_stm32f10x_md.o(.text)
    WWDG_IRQHandler                          0x080001db   Thumb Code     0  startup_stm32f10x_md.o(.text)
    __user_initial_stackheap                 0x080001dd   Thumb Code     0  startup_stm32f10x_md.o(.text)
    srand                                    0x08000201   Thumb Code    42  rand.o(.text)
    _rand_init                               0x0800022b   Thumb Code     4  rand.o(.text)
    __aeabi_memcpy4                          0x0800023d   Thumb Code     0  rt_memcpy_w.o(.text)
    __aeabi_memcpy8                          0x0800023d   Thumb Code     0  rt_memcpy_w.o(.text)
    __rt_memcpy_w                            0x0800023d   Thumb Code   100  rt_memcpy_w.o(.text)
    _memcpy_lastbytes_aligned                0x08000285   Thumb Code     0  rt_memcpy_w.o(.text)
    __use_two_region_memory                  0x080002a1   Thumb Code     2  heapauxi.o(.text)
    __rt_heap_escrow$2region                 0x080002a3   Thumb Code     2  heapauxi.o(.text)
    __rt_heap_expand$2region                 0x080002a5   Thumb Code     2  heapauxi.o(.text)
    __user_setup_stackheap                   0x080002a7   Thumb Code    74  sys_stackheap_outer.o(.text)
    exit                                     0x080002f1   Thumb Code    12  exit.o(.text)
    __user_libspace                          0x080002fd   Thumb Code     8  libspace.o(.text)
    __user_perproc_libspace                  0x080002fd   Thumb Code     0  libspace.o(.text)
    __user_perthread_libspace                0x080002fd   Thumb Code     0  libspace.o(.text)
    __I$use$semihosting                      0x08000305   Thumb Code     0  use_no_semi.o(.text)
    __use_no_semihosting_swi                 0x08000305   Thumb Code     2  use_no_semi.o(.text)
    __semihosting_library_function           0x08000307   Thumb Code     0  indicate_semi.o(.text)
    _sys_exit                                0x08000309   Thumb Code     8  sys_exit.o(.text)
    BusFault_Handler                         0x08000315   Thumb Code     2  stm32f10x_it.o(i.BusFault_Handler)
    Check                                    0x08000319   Thumb Code    72  matrixrgb.o(i.Check)
    DebugMon_Handler                         0x08000365   Thumb Code     2  stm32f10x_it.o(i.DebugMon_Handler)
    Delay                                    0x08000367   Thumb Code    24  mystm32f10x.o(i.Delay)
    FLASH_PrefetchBufferCmd                  0x08000381   Thumb Code    18  stm32f10x_flash.o(i.FLASH_PrefetchBufferCmd)
    FLASH_SetLatency                         0x08000399   Thumb Code    14  stm32f10x_flash.o(i.FLASH_SetLatency)
    GPIO_DeInit                              0x080003ad   Thumb Code   152  stm32f10x_gpio.o(i.GPIO_DeInit)
    GPIO_Init                                0x08000461   Thumb Code   158  stm32f10x_gpio.o(i.GPIO_Init)
    GPIO_PinRemapConfig                      0x08000501   Thumb Code    82  stm32f10x_gpio.o(i.GPIO_PinRemapConfig)
    GPIO_ResetBits                           0x08000559   Thumb Code     4  stm32f10x_gpio.o(i.GPIO_ResetBits)
    GPIO_SetBits                             0x0800055d   Thumb Code     4  stm32f10x_gpio.o(i.GPIO_SetBits)
    HardFault_Handler                        0x08000561   Thumb Code     2  stm32f10x_it.o(i.HardFault_Handler)
    HieuUng1                                 0x08000565   Thumb Code   128  matrixrgb.o(i.HieuUng1)
    HieuUng10                                0x080005ed   Thumb Code   386  matrixrgb.o(i.HieuUng10)
    HieuUng11                                0x08000779   Thumb Code   216  matrixrgb.o(i.HieuUng11)
    HieuUng12                                0x08000869   Thumb Code   356  matrixrgb.o(i.HieuUng12)
    HieuUng13                                0x080009d9   Thumb Code   264  matrixrgb.o(i.HieuUng13)
    HieuUng14                                0x08000ae9   Thumb Code   382  matrixrgb.o(i.HieuUng14)
    HieuUng15                                0x08000cb1   Thumb Code   200  matrixrgb.o(i.HieuUng15)
    HieuUng16                                0x08000d81   Thumb Code   270  matrixrgb.o(i.HieuUng16)
    HieuUng18                                0x08000e99   Thumb Code   506  matrixrgb.o(i.HieuUng18)
    HieuUng19                                0x08001099   Thumb Code   312  matrixrgb.o(i.HieuUng19)
    HieuUng2                                 0x080011e9   Thumb Code   214  matrixrgb.o(i.HieuUng2)
    HieuUng20                                0x080012c5   Thumb Code   314  matrixrgb.o(i.HieuUng20)
    HieuUng22                                0x08001419   Thumb Code   124  matrixrgb.o(i.HieuUng22)
    HieuUng23                                0x0800149d   Thumb Code   528  matrixrgb.o(i.HieuUng23)
    HieuUng24                                0x080016b9   Thumb Code   348  matrixrgb.o(i.HieuUng24)
    HieuUng25                                0x0800182d   Thumb Code   528  matrixrgb.o(i.HieuUng25)
    HieuUng26                                0x08001a85   Thumb Code   884  matrixrgb.o(i.HieuUng26)
    HieuUng27                                0x08001e3d   Thumb Code   510  matrixrgb.o(i.HieuUng27)
    HieuUng28                                0x08002085   Thumb Code   516  matrixrgb.o(i.HieuUng28)
    HieuUng29                                0x08002295   Thumb Code   246  matrixrgb.o(i.HieuUng29)
    HieuUng3                                 0x080023ad   Thumb Code   368  matrixrgb.o(i.HieuUng3)
    HieuUng30                                0x08002529   Thumb Code   572  matrixrgb.o(i.HieuUng30)
    HieuUng31                                0x0800278d   Thumb Code   248  matrixrgb.o(i.HieuUng31)
    HieuUng32                                0x080028bd   Thumb Code   230  matrixrgb.o(i.HieuUng32)
    HieuUng33                                0x080029d5   Thumb Code   336  matrixrgb.o(i.HieuUng33)
    HieuUng34                                0x08002b2d   Thumb Code   312  matrixrgb.o(i.HieuUng34)
    HieuUng35                                0x08002c91   Thumb Code   580  matrixrgb.o(i.HieuUng35)
    HieuUng36                                0x08002ed5   Thumb Code   460  matrixrgb.o(i.HieuUng36)
    HieuUng4                                 0x080030ad   Thumb Code   248  matrixrgb.o(i.HieuUng4)
    HieuUng5                                 0x080031ad   Thumb Code   348  matrixrgb.o(i.HieuUng5)
    HieuUng6                                 0x08003311   Thumb Code   210  matrixrgb.o(i.HieuUng6)
    HieuUng7                                 0x080033ed   Thumb Code   246  matrixrgb.o(i.HieuUng7)
    HieuUng8                                 0x080034ed   Thumb Code   532  matrixrgb.o(i.HieuUng8)
    HieuUng9                                 0x08003709   Thumb Code   584  matrixrgb.o(i.HieuUng9)
    MatrixRGB_Config                         0x08003959   Thumb Code   450  matrixrgb.o(i.MatrixRGB_Config)
    MatrixRGB_ScanPWM                        0x08003b31   Thumb Code   244  matrixrgb.o(i.MatrixRGB_ScanPWM)
    MemManage_Handler                        0x08003c35   Thumb Code     2  stm32f10x_it.o(i.MemManage_Handler)
    NMI_Handler                              0x08003c37   Thumb Code     2  stm32f10x_it.o(i.NMI_Handler)
    NVIC_Init                                0x08003c39   Thumb Code    90  misc.o(i.NVIC_Init)
    PendSV_Handler                           0x08003c9d   Thumb Code     2  stm32f10x_it.o(i.PendSV_Handler)
    RCC_APB1PeriphClockCmd                   0x08003ca1   Thumb Code    18  stm32f10x_rcc.o(i.RCC_APB1PeriphClockCmd)
    RCC_APB2PeriphClockCmd                   0x08003cb9   Thumb Code    18  stm32f10x_rcc.o(i.RCC_APB2PeriphClockCmd)
    RCC_APB2PeriphResetCmd                   0x08003cd1   Thumb Code    18  stm32f10x_rcc.o(i.RCC_APB2PeriphResetCmd)
    RCC_DeInit                               0x08003ce9   Thumb Code    50  stm32f10x_rcc.o(i.RCC_DeInit)
    RCC_GetClocksFreq                        0x08003d29   Thumb Code   130  stm32f10x_rcc.o(i.RCC_GetClocksFreq)
    RCC_GetFlagStatus                        0x08003dbd   Thumb Code    44  stm32f10x_rcc.o(i.RCC_GetFlagStatus)
    RCC_GetSYSCLKSource                      0x08003ded   Thumb Code    10  stm32f10x_rcc.o(i.RCC_GetSYSCLKSource)
    RCC_HCLKConfig                           0x08003dfd   Thumb Code    14  stm32f10x_rcc.o(i.RCC_HCLKConfig)
    RCC_HSEConfig                            0x08003e11   Thumb Code    48  stm32f10x_rcc.o(i.RCC_HSEConfig)
    RCC_PCLK1Config                          0x08003e45   Thumb Code    14  stm32f10x_rcc.o(i.RCC_PCLK1Config)
    RCC_PCLK2Config                          0x08003e59   Thumb Code    16  stm32f10x_rcc.o(i.RCC_PCLK2Config)
    RCC_PLLCmd                               0x08003e6d   Thumb Code     6  stm32f10x_rcc.o(i.RCC_PLLCmd)
    RCC_PLLConfig                            0x08003e79   Thumb Code    16  stm32f10x_rcc.o(i.RCC_PLLConfig)
    RCC_SYSCLKConfig                         0x08003e8d   Thumb Code    14  stm32f10x_rcc.o(i.RCC_SYSCLKConfig)
    RCC_WaitForHSEStartUp                    0x08003ea1   Thumb Code    44  stm32f10x_rcc.o(i.RCC_WaitForHSEStartUp)
    ReadPixel                                0x08003ecd   Thumb Code   110  matrixrgb.o(i.ReadPixel)
    RollIn                                   0x08003f41   Thumb Code    82  matrixrgb.o(i.RollIn)
    RollOut                                  0x08003f99   Thumb Code    92  matrixrgb.o(i.RollOut)
    RotateHalf                               0x08003ff9   Thumb Code   196  matrixrgb.o(i.RotateHalf)
    RotateMatrix                             0x080040c1   Thumb Code   282  matrixrgb.o(i.RotateMatrix)
    RotateReverseMatrix                      0x080041e1   Thumb Code   274  matrixrgb.o(i.RotateReverseMatrix)
    SVC_Handler                              0x080042f9   Thumb Code     2  stm32f10x_it.o(i.SVC_Handler)
    SetChuVan                                0x080042fd   Thumb Code   462  matrixrgb.o(i.SetChuVan)
    SetFullRow                               0x080044d1   Thumb Code   148  matrixrgb.o(i.SetFullRow)
    SetHalfRow                               0x08004565   Thumb Code    92  matrixrgb.o(i.SetHalfRow)
    SetPixel                                 0x080045c1   Thumb Code   194  matrixrgb.o(i.SetPixel)
    SetSysClock                              0x08004689   Thumb Code    20  mystm32f10x.o(i.SetSysClock)
    SetSysClockTo72                          0x0800469d   Thumb Code   106  mystm32f10x.o(i.SetSysClockTo72)
    ShiftOut4Row                             0x080047b5   Thumb Code   138  matrixrgb.o(i.ShiftOut4Row)
    Spectrum2RGB                             0x08004849   Thumb Code   152  matrixrgb.o(i.Spectrum2RGB)
    SweepIn                                  0x080048e5   Thumb Code    84  matrixrgb.o(i.SweepIn)
    SweepOut                                 0x0800493d   Thumb Code    88  matrixrgb.o(i.SweepOut)
    SysTick_Handler                          0x08004999   Thumb Code     2  stm32f10x_it.o(i.SysTick_Handler)
    SystemInit                               0x0800499d   Thumb Code    64  system_stm32f10x.o(i.SystemInit)
    TIM2_Config                              0x080049ed   Thumb Code    98  mystm32f10x.o(i.TIM2_Config)
    TIM2_IRQHandler                          0x08004a4f   Thumb Code    34  main.o(i.TIM2_IRQHandler)
    TIM_ClearFlag                            0x08004a71   Thumb Code     6  stm32f10x_tim.o(i.TIM_ClearFlag)
    TIM_Cmd                                  0x08004a77   Thumb Code    20  stm32f10x_tim.o(i.TIM_Cmd)
    TIM_GetFlagStatus                        0x08004a8b   Thumb Code    14  stm32f10x_tim.o(i.TIM_GetFlagStatus)
    TIM_ITConfig                             0x08004a99   Thumb Code    16  stm32f10x_tim.o(i.TIM_ITConfig)
    TIM_TimeBaseInit                         0x08004aa9   Thumb Code   114  stm32f10x_tim.o(i.TIM_TimeBaseInit)
    TurnOnHalfRow                            0x08004b45   Thumb Code    72  matrixrgb.o(i.TurnOnHalfRow)
    UsageFault_Handler                       0x08004b8d   Thumb Code     2  stm32f10x_it.o(i.UsageFault_Handler)
    delay_init                               0x08004b91   Thumb Code    38  mystm32f10x.o(i.delay_init)
    main                                     0x08004bbd   Thumb Code   192  main.o(i.main)
    Region$$Table$$Base                      0x08004eb8   Number         0  anon$$obj.o(Region$$Table)
    Region$$Table$$Limit                     0x08004ed8   Number         0  anon$$obj.o(Region$$Table)
    HSEStartUpStatus                         0x20000001   Data           1  mystm32f10x.o(.data)
    bit_pwm                                  0x20000004   Data           1  matrixrgb.o(.data)
    bMatrixByte                              0x2000002c   Data           1  matrixrgb.o(.data)
    bluePWM                                  0x2000002d   Data           1  matrixrgb.o(.data)
    redPWM                                   0x2000002e   Data           1  matrixrgb.o(.data)
    greenPWM                                 0x2000002f   Data           1  matrixrgb.o(.data)
    timerClock4S                             0x20000030   Data           6  matrixrgb.o(.data)
    chuvan                                   0x20000036   Data           7  matrixrgb.o(.data)
    RCC_ClockFreq                            0x20000054   Data          20  main.o(.bss)
    matrix_temp                              0x20000068   Data          46  matrixrgb.o(.bss)
    matrixPWM                                0x20000096   Data         736  matrixrgb.o(.bss)
    peak                                     0x20000376   Data          60  matrixrgb.o(.bss)
    color                                    0x200003b2   Data          60  matrixrgb.o(.bss)
    _random_number_data                      0x200003f0   Data         228  rand.o(.bss)
    __libspace_start                         0x200004d4   Data          96  libspace.o(.bss)
    __temporary_stack_top$libspace           0x20000534   Data           0  libspace.o(.bss)



==============================================================================

Memory Map of the image

  Image Entry point : 0x080000ed

  Load Region LR_IROM1 (Base: 0x08000000, Size: 0x00004f2c, Max: 0x00010000, ABSOLUTE)

    Execution Region ER_IROM1 (Exec base: 0x08000000, Load base: 0x08000000, Size: 0x00004ed8, Max: 0x00010000, ABSOLUTE)

    Exec Addr    Load Addr    Size         Type   Attr      Idx    E Section Name        Object

    0x08000000   0x08000000   0x000000ec   Data   RO         3996    RESET               startup_stm32f10x_md.o
    0x080000ec   0x080000ec   0x00000008   Code   RO         4012  * !!!main             c_w.l(__main.o)
    0x080000f4   0x080000f4   0x00000034   Code   RO         4166    !!!scatter          c_w.l(__scatter.o)
    0x08000128   0x08000128   0x0000001a   Code   RO         4168    !!handler_copy      c_w.l(__scatter_copy.o)
    0x08000142   0x08000142   0x00000002   PAD
    0x08000144   0x08000144   0x0000001c   Code   RO         4170    !!handler_zi        c_w.l(__scatter_zi.o)
    0x08000160   0x08000160   0x00000002   Code   RO         4090    .ARM.Collect$$libinit$$00000000  c_w.l(libinit.o)
    0x08000162   0x08000162   0x00000000   Code   RO         4016    .ARM.Collect$$libinit$$00000002  c_w.l(libinit2.o)
    0x08000162   0x08000162   0x00000000   Code   RO         4019    .ARM.Collect$$libinit$$00000008  c_w.l(libinit2.o)
    0x08000162   0x08000162   0x00000000   Code   RO         4021    .ARM.Collect$$libinit$$0000000A  c_w.l(libinit2.o)
    0x08000162   0x08000162   0x00000004   Code   RO         4022    .ARM.Collect$$libinit$$0000000B  c_w.l(libinit2.o)
    0x08000166   0x08000166   0x00000000   Code   RO         4023    .ARM.Collect$$libinit$$0000000C  c_w.l(libinit2.o)
    0x08000166   0x08000166   0x00000000   Code   RO         4026    .ARM.Collect$$libinit$$0000000F  c_w.l(libinit2.o)
    0x08000166   0x08000166   0x00000000   Code   RO         4028    .ARM.Collect$$libinit$$00000011  c_w.l(libinit2.o)
    0x08000166   0x08000166   0x00000000   Code   RO         4030    .ARM.Collect$$libinit$$00000013  c_w.l(libinit2.o)
    0x08000166   0x08000166   0x00000000   Code   RO         4032    .ARM.Collect$$libinit$$00000015  c_w.l(libinit2.o)
    0x08000166   0x08000166   0x00000000   Code   RO         4034    .ARM.Collect$$libinit$$00000017  c_w.l(libinit2.o)
    0x08000166   0x08000166   0x00000000   Code   RO         4036    .ARM.Collect$$libinit$$00000019  c_w.l(libinit2.o)
    0x08000166   0x08000166   0x00000000   Code   RO         4038    .ARM.Collect$$libinit$$0000001B  c_w.l(libinit2.o)
    0x08000166   0x08000166   0x00000000   Code   RO         4040    .ARM.Collect$$libinit$$0000001D  c_w.l(libinit2.o)
    0x08000166   0x08000166   0x00000000   Code   RO         4042    .ARM.Collect$$libinit$$0000001F  c_w.l(libinit2.o)
    0x08000166   0x08000166   0x00000000   Code   RO         4044    .ARM.Collect$$libinit$$00000021  c_w.l(libinit2.o)
    0x08000166   0x08000166   0x00000000   Code   RO         4046    .ARM.Collect$$libinit$$00000023  c_w.l(libinit2.o)
    0x08000166   0x08000166   0x00000000   Code   RO         4050    .ARM.Collect$$libinit$$0000002A  c_w.l(libinit2.o)
    0x08000166   0x08000166   0x00000000   Code   RO         4052    .ARM.Collect$$libinit$$0000002C  c_w.l(libinit2.o)
    0x08000166   0x08000166   0x00000000   Code   RO         4054    .ARM.Collect$$libinit$$0000002E  c_w.l(libinit2.o)
    0x08000166   0x08000166   0x00000000   Code   RO         4056    .ARM.Collect$$libinit$$00000030  c_w.l(libinit2.o)
    0x08000166   0x08000166   0x00000002   Code   RO         4057    .ARM.Collect$$libinit$$00000031  c_w.l(libinit2.o)
    0x08000168   0x08000168   0x00000002   Code   RO         4128    .ARM.Collect$$libshutdown$$00000000  c_w.l(libshutdown.o)
    0x0800016a   0x0800016a   0x00000000   Code   RO         4135    .ARM.Collect$$libshutdown$$00000003  c_w.l(libshutdown2.o)
    0x0800016a   0x0800016a   0x00000000   Code   RO         4138    .ARM.Collect$$libshutdown$$00000006  c_w.l(libshutdown2.o)
    0x0800016a   0x0800016a   0x00000000   Code   RO         4141    .ARM.Collect$$libshutdown$$00000009  c_w.l(libshutdown2.o)
    0x0800016a   0x0800016a   0x00000000   Code   RO         4143    .ARM.Collect$$libshutdown$$0000000B  c_w.l(libshutdown2.o)
    0x0800016a   0x0800016a   0x00000000   Code   RO         4146    .ARM.Collect$$libshutdown$$0000000E  c_w.l(libshutdown2.o)
    0x0800016a   0x0800016a   0x00000002   Code   RO         4147    .ARM.Collect$$libshutdown$$0000000F  c_w.l(libshutdown2.o)
    0x0800016c   0x0800016c   0x00000000   Code   RO         4014    .ARM.Collect$$rtentry$$00000000  c_w.l(rtentry.o)
    0x0800016c   0x0800016c   0x00000000   Code   RO         4059    .ARM.Collect$$rtentry$$00000002  c_w.l(rtentry2.o)
    0x0800016c   0x0800016c   0x00000006   Code   RO         4071    .ARM.Collect$$rtentry$$00000004  c_w.l(rtentry4.o)
    0x08000172   0x08000172   0x00000000   Code   RO         4061    .ARM.Collect$$rtentry$$00000009  c_w.l(rtentry2.o)
    0x08000172   0x08000172   0x00000004   Code   RO         4062    .ARM.Collect$$rtentry$$0000000A  c_w.l(rtentry2.o)
    0x08000176   0x08000176   0x00000000   Code   RO         4064    .ARM.Collect$$rtentry$$0000000C  c_w.l(rtentry2.o)
    0x08000176   0x08000176   0x00000008   Code   RO         4065    .ARM.Collect$$rtentry$$0000000D  c_w.l(rtentry2.o)
    0x0800017e   0x0800017e   0x00000002   Code   RO         4096    .ARM.Collect$$rtexit$$00000000  c_w.l(rtexit.o)
    0x08000180   0x08000180   0x00000000   Code   RO         4108    .ARM.Collect$$rtexit$$00000002  c_w.l(rtexit2.o)
    0x08000180   0x08000180   0x00000004   Code   RO         4109    .ARM.Collect$$rtexit$$00000003  c_w.l(rtexit2.o)
    0x08000184   0x08000184   0x00000006   Code   RO         4110    .ARM.Collect$$rtexit$$00000004  c_w.l(rtexit2.o)
    0x0800018a   0x0800018a   0x00000002   PAD
    0x0800018c   0x0800018c   0x00000034   Code   RO         4003    .emb_text           c_w.l(rand.o)
    0x080001c0   0x080001c0   0x00000040   Code   RO         3997    .text               startup_stm32f10x_md.o
    0x08000200   0x08000200   0x0000003c   Code   RO         4004    .text               c_w.l(rand.o)
    0x0800023c   0x0800023c   0x00000064   Code   RO         4008    .text               c_w.l(rt_memcpy_w.o)
    0x080002a0   0x080002a0   0x00000006   Code   RO         4010    .text               c_w.l(heapauxi.o)
    0x080002a6   0x080002a6   0x0000004a   Code   RO         4077    .text               c_w.l(sys_stackheap_outer.o)
    0x080002f0   0x080002f0   0x0000000c   Code   RO         4079    .text               c_w.l(exit.o)
    0x080002fc   0x080002fc   0x00000008   Code   RO         4093    .text               c_w.l(libspace.o)
    0x08000304   0x08000304   0x00000002   Code   RO         4104    .text               c_w.l(use_no_semi.o)
    0x08000306   0x08000306   0x00000000   Code   RO         4106    .text               c_w.l(indicate_semi.o)
    0x08000306   0x08000306   0x00000002   PAD
    0x08000308   0x08000308   0x0000000c   Code   RO         4120    .text               c_w.l(sys_exit.o)
    0x08000314   0x08000314   0x00000002   Code   RO            3    i.BusFault_Handler  stm32f10x_it.o
    0x08000316   0x08000316   0x00000002   PAD
    0x08000318   0x08000318   0x0000004c   Code   RO          313    i.Check             matrixrgb.o
    0x08000364   0x08000364   0x00000002   Code   RO            4    i.DebugMon_Handler  stm32f10x_it.o
    0x08000366   0x08000366   0x00000018   Code   RO          208    i.Delay             mystm32f10x.o
    0x0800037e   0x0800037e   0x00000002   PAD
    0x08000380   0x08000380   0x00000018   Code   RO         1725    i.FLASH_PrefetchBufferCmd  stm32f10x_flash.o
    0x08000398   0x08000398   0x00000014   Code   RO         1730    i.FLASH_SetLatency  stm32f10x_flash.o
    0x080003ac   0x080003ac   0x000000b4   Code   RO         2023    i.GPIO_DeInit       stm32f10x_gpio.o
    0x08000460   0x08000460   0x0000009e   Code   RO         2028    i.GPIO_Init         stm32f10x_gpio.o
    0x080004fe   0x080004fe   0x00000002   PAD
    0x08000500   0x08000500   0x00000058   Code   RO         2030    i.GPIO_PinRemapConfig  stm32f10x_gpio.o
    0x08000558   0x08000558   0x00000004   Code   RO         2035    i.GPIO_ResetBits    stm32f10x_gpio.o
    0x0800055c   0x0800055c   0x00000004   Code   RO         2036    i.GPIO_SetBits      stm32f10x_gpio.o
    0x08000560   0x08000560   0x00000002   Code   RO            5    i.HardFault_Handler  stm32f10x_it.o
    0x08000562   0x08000562   0x00000002   PAD
    0x08000564   0x08000564   0x00000088   Code   RO          314    i.HieuUng1          matrixrgb.o
    0x080005ec   0x080005ec   0x0000018c   Code   RO          315    i.HieuUng10         matrixrgb.o
    0x08000778   0x08000778   0x000000f0   Code   RO          316    i.HieuUng11         matrixrgb.o
    0x08000868   0x08000868   0x00000170   Code   RO          317    i.HieuUng12         matrixrgb.o
    0x080009d8   0x080009d8   0x00000110   Code   RO          318    i.HieuUng13         matrixrgb.o
    0x08000ae8   0x08000ae8   0x000001c8   Code   RO          319    i.HieuUng14         matrixrgb.o
    0x08000cb0   0x08000cb0   0x000000d0   Code   RO          320    i.HieuUng15         matrixrgb.o
    0x08000d80   0x08000d80   0x00000118   Code   RO          321    i.HieuUng16         matrixrgb.o
    0x08000e98   0x08000e98   0x00000200   Code   RO          323    i.HieuUng18         matrixrgb.o
    0x08001098   0x08001098   0x00000150   Code   RO          324    i.HieuUng19         matrixrgb.o
    0x080011e8   0x080011e8   0x000000dc   Code   RO          325    i.HieuUng2          matrixrgb.o
    0x080012c4   0x080012c4   0x00000154   Code   RO          326    i.HieuUng20         matrixrgb.o
    0x08001418   0x08001418   0x00000084   Code   RO          328    i.HieuUng22         matrixrgb.o
    0x0800149c   0x0800149c   0x0000021c   Code   RO          329    i.HieuUng23         matrixrgb.o
    0x080016b8   0x080016b8   0x00000174   Code   RO          330    i.HieuUng24         matrixrgb.o
    0x0800182c   0x0800182c   0x00000258   Code   RO          331    i.HieuUng25         matrixrgb.o
    0x08001a84   0x08001a84   0x000003b8   Code   RO          332    i.HieuUng26         matrixrgb.o
    0x08001e3c   0x08001e3c   0x00000248   Code   RO          333    i.HieuUng27         matrixrgb.o
    0x08002084   0x08002084   0x00000210   Code   RO          334    i.HieuUng28         matrixrgb.o
    0x08002294   0x08002294   0x00000118   Code   RO          335    i.HieuUng29         matrixrgb.o
    0x080023ac   0x080023ac   0x0000017c   Code   RO          336    i.HieuUng3          matrixrgb.o
    0x08002528   0x08002528   0x00000264   Code   RO          337    i.HieuUng30         matrixrgb.o
    0x0800278c   0x0800278c   0x00000130   Code   RO          338    i.HieuUng31         matrixrgb.o
    0x080028bc   0x080028bc   0x00000118   Code   RO          339    i.HieuUng32         matrixrgb.o
    0x080029d4   0x080029d4   0x00000158   Code   RO          340    i.HieuUng33         matrixrgb.o
    0x08002b2c   0x08002b2c   0x00000164   Code   RO          341    i.HieuUng34         matrixrgb.o
    0x08002c90   0x08002c90   0x00000244   Code   RO          342    i.HieuUng35         matrixrgb.o
    0x08002ed4   0x08002ed4   0x000001d8   Code   RO          343    i.HieuUng36         matrixrgb.o
    0x080030ac   0x080030ac   0x00000100   Code   RO          345    i.HieuUng4          matrixrgb.o
    0x080031ac   0x080031ac   0x00000164   Code   RO          346    i.HieuUng5          matrixrgb.o
    0x08003310   0x08003310   0x000000dc   Code   RO          347    i.HieuUng6          matrixrgb.o
    0x080033ec   0x080033ec   0x00000100   Code   RO          348    i.HieuUng7          matrixrgb.o
    0x080034ec   0x080034ec   0x0000021c   Code   RO          349    i.HieuUng8          matrixrgb.o
    0x08003708   0x08003708   0x00000250   Code   RO          350    i.HieuUng9          matrixrgb.o
    0x08003958   0x08003958   0x000001d8   Code   RO          351    i.MatrixRGB_Config  matrixrgb.o
    0x08003b30   0x08003b30   0x00000104   Code   RO          352    i.MatrixRGB_ScanPWM  matrixrgb.o
    0x08003c34   0x08003c34   0x00000002   Code   RO            6    i.MemManage_Handler  stm32f10x_it.o
    0x08003c36   0x08003c36   0x00000002   Code   RO            7    i.NMI_Handler       stm32f10x_it.o
    0x08003c38   0x08003c38   0x00000064   Code   RO          680    i.NVIC_Init         misc.o
    0x08003c9c   0x08003c9c   0x00000002   Code   RO            8    i.PendSV_Handler    stm32f10x_it.o
    0x08003c9e   0x08003c9e   0x00000002   PAD
    0x08003ca0   0x08003ca0   0x00000018   Code   RO         2482    i.RCC_APB1PeriphClockCmd  stm32f10x_rcc.o
    0x08003cb8   0x08003cb8   0x00000018   Code   RO         2484    i.RCC_APB2PeriphClockCmd  stm32f10x_rcc.o
    0x08003cd0   0x08003cd0   0x00000018   Code   RO         2485    i.RCC_APB2PeriphResetCmd  stm32f10x_rcc.o
    0x08003ce8   0x08003ce8   0x00000040   Code   RO         2491    i.RCC_DeInit        stm32f10x_rcc.o
    0x08003d28   0x08003d28   0x00000094   Code   RO         2492    i.RCC_GetClocksFreq  stm32f10x_rcc.o
    0x08003dbc   0x08003dbc   0x00000030   Code   RO         2493    i.RCC_GetFlagStatus  stm32f10x_rcc.o
    0x08003dec   0x08003dec   0x00000010   Code   RO         2495    i.RCC_GetSYSCLKSource  stm32f10x_rcc.o
    0x08003dfc   0x08003dfc   0x00000014   Code   RO         2496    i.RCC_HCLKConfig    stm32f10x_rcc.o
    0x08003e10   0x08003e10   0x00000034   Code   RO         2497    i.RCC_HSEConfig     stm32f10x_rcc.o
    0x08003e44   0x08003e44   0x00000014   Code   RO         2503    i.RCC_PCLK1Config   stm32f10x_rcc.o
    0x08003e58   0x08003e58   0x00000014   Code   RO         2504    i.RCC_PCLK2Config   stm32f10x_rcc.o
    0x08003e6c   0x08003e6c   0x0000000c   Code   RO         2505    i.RCC_PLLCmd        stm32f10x_rcc.o
    0x08003e78   0x08003e78   0x00000014   Code   RO         2506    i.RCC_PLLConfig     stm32f10x_rcc.o
    0x08003e8c   0x08003e8c   0x00000014   Code   RO         2509    i.RCC_SYSCLKConfig  stm32f10x_rcc.o
    0x08003ea0   0x08003ea0   0x0000002c   Code   RO         2511    i.RCC_WaitForHSEStartUp  stm32f10x_rcc.o
    0x08003ecc   0x08003ecc   0x00000074   Code   RO          354    i.ReadPixel         matrixrgb.o
    0x08003f40   0x08003f40   0x00000058   Code   RO          355    i.RollIn            matrixrgb.o
    0x08003f98   0x08003f98   0x00000060   Code   RO          356    i.RollOut           matrixrgb.o
    0x08003ff8   0x08003ff8   0x000000c8   Code   RO          357    i.RotateHalf        matrixrgb.o
    0x080040c0   0x080040c0   0x00000120   Code   RO          358    i.RotateMatrix      matrixrgb.o
    0x080041e0   0x080041e0   0x00000118   Code   RO          360    i.RotateReverseMatrix  matrixrgb.o
    0x080042f8   0x080042f8   0x00000002   Code   RO            9    i.SVC_Handler       stm32f10x_it.o
    0x080042fa   0x080042fa   0x00000002   PAD
    0x080042fc   0x080042fc   0x000001d4   Code   RO          361    i.SetChuVan         matrixrgb.o
    0x080044d0   0x080044d0   0x00000094   Code   RO          362    i.SetFullRow        matrixrgb.o
    0x08004564   0x08004564   0x0000005c   Code   RO          363    i.SetHalfRow        matrixrgb.o
    0x080045c0   0x080045c0   0x000000c8   Code   RO          364    i.SetPixel          matrixrgb.o
    0x08004688   0x08004688   0x00000014   Code   RO          211    i.SetSysClock       mystm32f10x.o
    0x0800469c   0x0800469c   0x00000070   Code   RO          216    i.SetSysClockTo72   mystm32f10x.o
    0x0800470c   0x0800470c   0x000000a8   Code   RO         3947    i.SetSysClockTo72   system_stm32f10x.o
    0x080047b4   0x080047b4   0x00000094   Code   RO          365    i.ShiftOut4Row      matrixrgb.o
    0x08004848   0x08004848   0x0000009c   Code   RO          366    i.Spectrum2RGB      matrixrgb.o
    0x080048e4   0x080048e4   0x00000058   Code   RO          367    i.SweepIn           matrixrgb.o
    0x0800493c   0x0800493c   0x0000005c   Code   RO          368    i.SweepOut          matrixrgb.o
    0x08004998   0x08004998   0x00000002   Code   RO           10    i.SysTick_Handler   stm32f10x_it.o
    0x0800499a   0x0800499a   0x00000002   PAD
    0x0800499c   0x0800499c   0x00000050   Code   RO         3949    i.SystemInit        system_stm32f10x.o
    0x080049ec   0x080049ec   0x00000062   Code   RO          218    i.TIM2_Config       mystm32f10x.o
    0x08004a4e   0x08004a4e   0x00000022   Code   RO          169    i.TIM2_IRQHandler   main.o
    0x08004a70   0x08004a70   0x00000006   Code   RO         3148    i.TIM_ClearFlag     stm32f10x_tim.o
    0x08004a76   0x08004a76   0x00000014   Code   RO         3154    i.TIM_Cmd           stm32f10x_tim.o
    0x08004a8a   0x08004a8a   0x0000000e   Code   RO         3174    i.TIM_GetFlagStatus  stm32f10x_tim.o
    0x08004a98   0x08004a98   0x00000010   Code   RO         3179    i.TIM_ITConfig      stm32f10x_tim.o
    0x08004aa8   0x08004aa8   0x0000009c   Code   RO         3225    i.TIM_TimeBaseInit  stm32f10x_tim.o
    0x08004b44   0x08004b44   0x00000048   Code   RO          370    i.TurnOnHalfRow     matrixrgb.o
    0x08004b8c   0x08004b8c   0x00000002   Code   RO           11    i.UsageFault_Handler  stm32f10x_it.o
    0x08004b8e   0x08004b8e   0x00000002   PAD
    0x08004b90   0x08004b90   0x0000002c   Code   RO          219    i.delay_init        mystm32f10x.o
    0x08004bbc   0x08004bbc   0x000000c4   Code   RO          170    i.main              main.o
    0x08004c80   0x08004c80   0x00000238   Data   RO          372    .constdata          matrixrgb.o
    0x08004eb8   0x08004eb8   0x00000020   Data   RO         4164    Region$$Table       anon$$obj.o


    Execution Region RW_IRAM1 (Exec base: 0x20000000, Load base: 0x08004ed8, Size: 0x00000b38, Max: 0x00005000, ABSOLUTE)

    Exec Addr    Load Addr    Size         Type   Attr      Idx    E Section Name        Object

    0x20000000   0x08004ed8   0x00000004   Data   RW          222    .data               mystm32f10x.o
    0x20000004   0x08004edc   0x00000039   Data   RW          373    .data               matrixrgb.o
    0x2000003d   0x08004f15   0x00000014   Data   RW         2512    .data               stm32f10x_rcc.o
    0x20000051   0x08004f29   0x00000003   PAD
    0x20000054        -       0x00000014   Zero   RW          171    .bss                main.o
    0x20000068        -       0x00000386   Zero   RW          371    .bss                matrixrgb.o
    0x200003ee   0x08004f29   0x00000002   PAD
    0x200003f0        -       0x000000e4   Zero   RW         4005    .bss                c_w.l(rand.o)
    0x200004d4        -       0x00000060   Zero   RW         4094    .bss                c_w.l(libspace.o)
    0x20000534   0x08004f29   0x00000004   PAD
    0x20000538        -       0x00000200   Zero   RW         3995    HEAP                startup_stm32f10x_md.o
    0x20000738        -       0x00000400   Zero   RW         3994    STACK               startup_stm32f10x_md.o


==============================================================================

Image component sizes


      Code (inc. data)   RO Data    RW Data    ZI Data      Debug   Object Name

       230          4          0          0         20       1393   main.o
     16640        902        568         57        902      40778   matrixrgb.o
       100         10          0          0          0     206180   misc.o
       298         12          0          4          0       2677   mystm32f10x.o
        64         26        236          0       1536        864   startup_stm32f10x_md.o
        44         12          0          0          0       1029   stm32f10x_flash.o
       434         34          0          0          0      12596   stm32f10x_gpio.o
        18          0          0          0          0     250234   stm32f10x_it.o
       556         96          0         20          0      19507   stm32f10x_rcc.o
       212         42          0          0          0      24667   stm32f10x_tim.o
       248         24          0          0          0       1753   system_stm32f10x.o

    ----------------------------------------------------------------------
     18860       1162        836         84       2460     561678   Object Totals
         0          0         32          0          0          0   (incl. Generated)
        16          0          0          3          2          0   (incl. Padding)

    ----------------------------------------------------------------------

      Code (inc. data)   RO Data    RW Data    ZI Data      Debug   Library Member Name

         8          0          0          0          0         68   __main.o
        52          8          0          0          0          0   __scatter.o
        26          0          0          0          0          0   __scatter_copy.o
        28          0          0          0          0          0   __scatter_zi.o
        12          0          0          0          0         72   exit.o
         6          0          0          0          0        152   heapauxi.o
         0          0          0          0          0          0   indicate_semi.o
         2          0          0          0          0          0   libinit.o
         6          0          0          0          0          0   libinit2.o
         2          0          0          0          0          0   libshutdown.o
         2          0          0          0          0          0   libshutdown2.o
         8          4          0          0         96         68   libspace.o
       112         18          0          0        228        160   rand.o
       100          0          0          0          0         80   rt_memcpy_w.o
         0          0          0          0          0          0   rtentry.o
        12          0          0          0          0          0   rtentry2.o
         6          0          0          0          0          0   rtentry4.o
         2          0          0          0          0          0   rtexit.o
        10          0          0          0          0          0   rtexit2.o
        12          4          0          0          0         68   sys_exit.o
        74          0          0          0          0         80   sys_stackheap_outer.o
         2          0          0          0          0         68   use_no_semi.o

    ----------------------------------------------------------------------
       488         34          0          0        328        816   Library Totals
         6          0          0          0          4          0   (incl. Padding)

    ----------------------------------------------------------------------

      Code (inc. data)   RO Data    RW Data    ZI Data      Debug   Library Name

       482         34          0          0        324        816   c_w.l

    ----------------------------------------------------------------------
       488         34          0          0        328        816   Library Totals

    ----------------------------------------------------------------------

==============================================================================


      Code (inc. data)   RO Data    RW Data    ZI Data      Debug   

     19348       1196        836         84       2788     557138   Grand Totals
     19348       1196        836         84       2788     557138   ELF Image Totals
     19348       1196        836         84          0          0   ROM Totals

==============================================================================

    Total RO  Size (Code + RO Data)                20184 (  19.71kB)
    Total RW  Size (RW Data + ZI Data)              2872 (   2.80kB)
    Total ROM Size (Code + RO Data + RW Data)      20268 (  19.79kB)

==============================================================================

