###############################################################################
#
# IAR ELF Linker V9.30.1.335/W64 for ARM                  02/Apr/2024  16:06:39
# Copyright 2007-2022 IAR Systems AB.
#
#    Output file  =
#        d:\MCU\STM32F10x\App\Project\GPIO\EWARMv8\Debug\Exe\GPIO.out
#    Map file     =
#        d:\MCU\STM32F10x\App\Project\GPIO\EWARMv8\Debug\List\GPIO.map
#    Command line =
#        -f d:\MCU\STM32F10x\App\Project\GPIO\EWARMv8\Debug\Exe\GPIO.out.rsp
#        (d:\MCU\STM32F10x\App\Project\GPIO\EWARMv8\Debug\Obj\CMSIS\core_cm3.o
#        d:\MCU\STM32F10x\App\Project\GPIO\EWARMv8\Debug\Obj\OpenEDV\delay.o
#        d:\MCU\STM32F10x\App\Project\GPIO\EWARMv8\Debug\Obj\User\main.o
#        d:\MCU\STM32F10x\App\Project\GPIO\EWARMv8\Debug\Obj\stm32Ex\MeM.o
#        d:\MCU\STM32F10x\App\Project\GPIO\EWARMv8\Debug\Obj\StdPeriph_Driver\misc.o
#        d:\MCU\STM32F10x\App\Project\GPIO\EWARMv8\Debug\Obj\MyLib\mystm32f10x_adc.o
#        d:\MCU\STM32F10x\App\Project\GPIO\EWARMv8\Debug\Obj\MyLib\mystm32f10x_delay.o
#        d:\MCU\STM32F10x\App\Project\GPIO\EWARMv8\Debug\Obj\MyLib\mystm32f10x_gpio.o
#        d:\MCU\STM32F10x\App\Project\GPIO\EWARMv8\Debug\Obj\MyLib\mystm32f10x_i2c.o
#        d:\MCU\STM32F10x\App\Project\GPIO\EWARMv8\Debug\Obj\MyLib\mystm32f10x_it.o
#        d:\MCU\STM32F10x\App\Project\GPIO\EWARMv8\Debug\Obj\MyLib\mystm32f10x_iwdg.o
#        d:\MCU\STM32F10x\App\Project\GPIO\EWARMv8\Debug\Obj\MyLib\mystm32f10x_rcc.o
#        d:\MCU\STM32F10x\App\Project\GPIO\EWARMv8\Debug\Obj\MyLib\mystm32f10x_rtc.o
#        d:\MCU\STM32F10x\App\Project\GPIO\EWARMv8\Debug\Obj\MyLib\mystm32f10x_spi.o
#        d:\MCU\STM32F10x\App\Project\GPIO\EWARMv8\Debug\Obj\MyLib\mystm32f10x_tim.o
#        d:\MCU\STM32F10x\App\Project\GPIO\EWARMv8\Debug\Obj\MyLib\mystm32f10x_usart.o
#        d:\MCU\STM32F10x\App\Project\GPIO\EWARMv8\Debug\Obj\EWARMv8\startup_stm32f10x_md.o
#        d:\MCU\STM32F10x\App\Project\GPIO\EWARMv8\Debug\Obj\StdPeriph_Driver\stm32f10x_adc.o
#        d:\MCU\STM32F10x\App\Project\GPIO\EWARMv8\Debug\Obj\StdPeriph_Driver\stm32f10x_bkp.o
#        d:\MCU\STM32F10x\App\Project\GPIO\EWARMv8\Debug\Obj\StdPeriph_Driver\stm32f10x_can.o
#        d:\MCU\STM32F10x\App\Project\GPIO\EWARMv8\Debug\Obj\StdPeriph_Driver\stm32f10x_cec.o
#        d:\MCU\STM32F10x\App\Project\GPIO\EWARMv8\Debug\Obj\StdPeriph_Driver\stm32f10x_crc.o
#        d:\MCU\STM32F10x\App\Project\GPIO\EWARMv8\Debug\Obj\StdPeriph_Driver\stm32f10x_dac.o
#        d:\MCU\STM32F10x\App\Project\GPIO\EWARMv8\Debug\Obj\StdPeriph_Driver\stm32f10x_dbgmcu.o
#        d:\MCU\STM32F10x\App\Project\GPIO\EWARMv8\Debug\Obj\StdPeriph_Driver\stm32f10x_dma.o
#        d:\MCU\STM32F10x\App\Project\GPIO\EWARMv8\Debug\Obj\StdPeriph_Driver\stm32f10x_exti.o
#        d:\MCU\STM32F10x\App\Project\GPIO\EWARMv8\Debug\Obj\StdPeriph_Driver\stm32f10x_flash.o
#        d:\MCU\STM32F10x\App\Project\GPIO\EWARMv8\Debug\Obj\StdPeriph_Driver\stm32f10x_fsmc.o
#        d:\MCU\STM32F10x\App\Project\GPIO\EWARMv8\Debug\Obj\StdPeriph_Driver\stm32f10x_gpio.o
#        d:\MCU\STM32F10x\App\Project\GPIO\EWARMv8\Debug\Obj\StdPeriph_Driver\stm32f10x_i2c.o
#        d:\MCU\STM32F10x\App\Project\GPIO\EWARMv8\Debug\Obj\User\stm32f10x_it.o
#        d:\MCU\STM32F10x\App\Project\GPIO\EWARMv8\Debug\Obj\StdPeriph_Driver\stm32f10x_iwdg.o
#        d:\MCU\STM32F10x\App\Project\GPIO\EWARMv8\Debug\Obj\StdPeriph_Driver\stm32f10x_pwr.o
#        d:\MCU\STM32F10x\App\Project\GPIO\EWARMv8\Debug\Obj\StdPeriph_Driver\stm32f10x_rcc.o
#        d:\MCU\STM32F10x\App\Project\GPIO\EWARMv8\Debug\Obj\StdPeriph_Driver\stm32f10x_rtc.o
#        d:\MCU\STM32F10x\App\Project\GPIO\EWARMv8\Debug\Obj\StdPeriph_Driver\stm32f10x_sdio.o
#        d:\MCU\STM32F10x\App\Project\GPIO\EWARMv8\Debug\Obj\StdPeriph_Driver\stm32f10x_spi.o
#        d:\MCU\STM32F10x\App\Project\GPIO\EWARMv8\Debug\Obj\StdPeriph_Driver\stm32f10x_tim.o
#        d:\MCU\STM32F10x\App\Project\GPIO\EWARMv8\Debug\Obj\StdPeriph_Driver\stm32f10x_usart.o
#        d:\MCU\STM32F10x\App\Project\GPIO\EWARMv8\Debug\Obj\StdPeriph_Driver\stm32f10x_wwdg.o
#        d:\MCU\STM32F10x\App\Project\GPIO\EWARMv8\Debug\Obj\OpenEDV\sys.o
#        d:\MCU\STM32F10x\App\Project\GPIO\EWARMv8\Debug\Obj\CMSIS\system_stm32f10x.o
#        --no_out_extension -o
#        d:\MCU\STM32F10x\App\Project\GPIO\EWARMv8\Debug\Exe\GPIO.out --map
#        d:\MCU\STM32F10x\App\Project\GPIO\EWARMv8\Debug\List\GPIO.map --config
#        "C:\Program Files\IAR Systems\Embedded Workbench
#        9.1\arm/config/linker/ST/stm32f103x8.icf" --semihosting --entry
#        __iar_program_start --redirect __iar_sh_stdout=__iar_sh_stdout_swo
#        --vfe --text_out locale --cpu=Cortex-M3 --fpu=None)
#
###############################################################################

*******************************************************************************
*** RUNTIME MODEL ATTRIBUTES
***

CppFlavor       = *
__CPP_Runtime   = 1
__SystemLibrary = DLib
__dlib_version  = 6


*******************************************************************************
*** HEAP SELECTION
***

The basic heap was selected because --advanced_heap
was not specified and the application did not appear to
be primarily optimized for speed.


*******************************************************************************
*** PLACEMENT SUMMARY
***

"A0":  place at address 0x800'0000 { ro section .intvec };
"P1":  place in [from 0x800'0000 to 0x800'ffff] { ro };
define block CSTACK with size = 2K, alignment = 8 { };
define block HEAP with size = 2K, alignment = 8 { };
"P2":  place in [from 0x2000'0000 to 0x2000'4fff] {
          rw, block CSTACK, block HEAP };
initialize by copy { rw };

  Section            Kind         Address   Size  Object
  -------            ----         -------   ----  ------
"A0":                                       0xec
  .intvec            ro code   0x800'0000   0xec  startup_stm32f10x_md.o [2]
                             - 0x800'00ec   0xec

"P1":                                      0x941
  .text              ro code   0x800'00ec  0x270  stm32f10x_rcc.o [5]
  .text              ro code   0x800'035c  0x1ac  stm32f10x_gpio.o [5]
  .text              ro code   0x800'0508  0x118  system_stm32f10x.o [1]
  .text              ro code   0x800'0620   0xa4  main.o [6]
  .text              ro code   0x800'06c4   0x80  mystm32f10x_rcc.o [3]
  .text              ro code   0x800'0744   0x60  mystm32f10x_delay.o [3]
  .text              ro code   0x800'07a4   0x22  stm32f10x_tim.o [5]
  .text              ro code   0x800'07c6   0x3a  packbits_init_single.o [9]
  .text              ro code   0x800'0800   0x3c  mystm32f10x_gpio.o [3]
  .text              ro code   0x800'083c   0x2c  stm32f10x_flash.o [5]
  .text              ro code   0x800'0868   0x2c  mystm32f10x_it.o [3]
  .text              ro code   0x800'0894   0x14  stm32f10x_it.o [6]
  .text              ro code   0x800'08a8   0x28  data_init.o [9]
  .iar.init_table    const     0x800'08d0   0x10  - Linker created -
  .rodata            const     0x800'08e0   0x20  mystm32f10x_gpio.o [3]
  .text              ro code   0x800'0900   0x1e  cmain.o [9]
  .text              ro code   0x800'091e    0x4  low_level_init.o [8]
  .text              ro code   0x800'0922    0x4  exit.o [8]
  .text              ro code   0x800'0928    0xa  cexit.o [9]
  .text              ro code   0x800'0934   0x14  exit.o [10]
  .text              ro code   0x800'0948   0x1c  cstartup_M.o [9]
  .text              ro code   0x800'0964   0x10  startup_stm32f10x_md.o [2]
  .text              ro code   0x800'0974    0x4  startup_stm32f10x_md.o [2]
  .text              ro code   0x800'0978    0x4  startup_stm32f10x_md.o [2]
  .text              ro code   0x800'097c    0x4  startup_stm32f10x_md.o [2]
  .text              ro code   0x800'0980    0x4  startup_stm32f10x_md.o [2]
  .text              ro code   0x800'0984    0x4  startup_stm32f10x_md.o [2]
  .text              ro code   0x800'0988    0x4  startup_stm32f10x_md.o [2]
  .text              ro code   0x800'098c    0x4  startup_stm32f10x_md.o [2]
  .text              ro code   0x800'0990    0x4  startup_stm32f10x_md.o [2]
  .text              ro code   0x800'0994    0x4  startup_stm32f10x_md.o [2]
  .text              ro code   0x800'0998    0x4  startup_stm32f10x_md.o [2]
  .text              ro code   0x800'099c    0x4  startup_stm32f10x_md.o [2]
  .text              ro code   0x800'09a0    0x4  startup_stm32f10x_md.o [2]
  .text              ro code   0x800'09a4    0x4  startup_stm32f10x_md.o [2]
  .text              ro code   0x800'09a8    0x4  startup_stm32f10x_md.o [2]
  .text              ro code   0x800'09ac    0x4  startup_stm32f10x_md.o [2]
  .text              ro code   0x800'09b0    0x4  startup_stm32f10x_md.o [2]
  .text              ro code   0x800'09b4    0x4  startup_stm32f10x_md.o [2]
  .text              ro code   0x800'09b8    0x4  startup_stm32f10x_md.o [2]
  .text              ro code   0x800'09bc    0x4  startup_stm32f10x_md.o [2]
  .text              ro code   0x800'09c0    0x4  startup_stm32f10x_md.o [2]
  .text              ro code   0x800'09c4    0x4  startup_stm32f10x_md.o [2]
  .text              ro code   0x800'09c8    0x4  startup_stm32f10x_md.o [2]
  .text              ro code   0x800'09cc    0x4  startup_stm32f10x_md.o [2]
  .text              ro code   0x800'09d0    0x4  startup_stm32f10x_md.o [2]
  .text              ro code   0x800'09d4    0x4  startup_stm32f10x_md.o [2]
  .text              ro code   0x800'09d8    0x4  startup_stm32f10x_md.o [2]
  .text              ro code   0x800'09dc    0x4  startup_stm32f10x_md.o [2]
  .text              ro code   0x800'09e0    0x4  startup_stm32f10x_md.o [2]
  .text              ro code   0x800'09e4    0x4  startup_stm32f10x_md.o [2]
  .text              ro code   0x800'09e8    0x4  startup_stm32f10x_md.o [2]
  .text              ro code   0x800'09ec    0x4  startup_stm32f10x_md.o [2]
  .text              ro code   0x800'09f0    0x4  startup_stm32f10x_md.o [2]
  .text              ro code   0x800'09f4    0x4  startup_stm32f10x_md.o [2]
  .text              ro code   0x800'09f8    0x4  startup_stm32f10x_md.o [2]
  .text              ro code   0x800'09fc    0x4  startup_stm32f10x_md.o [2]
  .text              ro code   0x800'0a00    0x4  startup_stm32f10x_md.o [2]
  .text              ro code   0x800'0a04    0x4  startup_stm32f10x_md.o [2]
  .text              ro code   0x800'0a08    0x4  startup_stm32f10x_md.o [2]
  .text              ro code   0x800'0a0c    0x4  startup_stm32f10x_md.o [2]
  .text              ro code   0x800'0a10    0x4  startup_stm32f10x_md.o [2]
  .text              ro code   0x800'0a14    0x4  startup_stm32f10x_md.o [2]
  .rodata            const     0x800'0a18    0x0  packbits_init_single.o [9]
  Initializer bytes  const     0x800'0a18   0x15  <for P2-1>
                             - 0x800'0a2d  0x941

"P2", part 1 of 2:                          0x30
  P2-1                        0x2000'0000   0x30  <Init block>
    .data            inited   0x2000'0000   0x10  stm32f10x_rcc.o [5]
    .data            inited   0x2000'0010    0x4  stm32f10x_rcc.o [5]
    .bss             inited   0x2000'0014   0x14  main.o [6]
    .bss             inited   0x2000'0028    0x4  main.o [6]
    .bss             inited   0x2000'002c    0x2  mystm32f10x_delay.o [3]
    .bss             inited   0x2000'002e    0x1  mystm32f10x_delay.o [3]
    .bss             inited   0x2000'002f    0x1  mystm32f10x_rcc.o [3]
                            - 0x2000'0030   0x30

"P2", part 2 of 2:                         0x800
  CSTACK                      0x2000'0030  0x800  <Block>
    CSTACK           uninit   0x2000'0030  0x800  <Block tail>
                            - 0x2000'0830  0x800

Unused ranges:

         From           To    Size
         ----           --    ----
   0x800'0a2d   0x800'ffff  0xf5d3
  0x2000'0830  0x2000'4fff  0x47d0


*******************************************************************************
*** INIT TABLE
***

          Address      Size
          -------      ----
Copy/packbits (__iar_packbits_init_single3)
    1 source range, total size 0x15 (43% of destination):
           0x800'0a18  0x15
    1 destination range, total size 0x30:
          0x2000'0000  0x30



*******************************************************************************
*** MODULE SUMMARY
***

    Module                  ro code  ro data  rw data
    ------                  -------  -------  -------
command line/config:
    -------------------------------------------------
    Total:

d:\MCU\STM32F10x\App\Project\GPIO\EWARMv8\Debug\Obj\CMSIS: [1]
    system_stm32f10x.o          280
    -------------------------------------------------
    Total:                      280

d:\MCU\STM32F10x\App\Project\GPIO\EWARMv8\Debug\Obj\EWARMv8: [2]
    startup_stm32f10x_md.o      416
    -------------------------------------------------
    Total:                      416

d:\MCU\STM32F10x\App\Project\GPIO\EWARMv8\Debug\Obj\MyLib: [3]
    mystm32f10x_delay.o          96        1        3
    mystm32f10x_gpio.o           60       32
    mystm32f10x_it.o             44
    mystm32f10x_rcc.o           128        1        1
    -------------------------------------------------
    Total:                      328       34        4

d:\MCU\STM32F10x\App\Project\GPIO\EWARMv8\Debug\Obj\OpenEDV: [4]
    -------------------------------------------------
    Total:

d:\MCU\STM32F10x\App\Project\GPIO\EWARMv8\Debug\Obj\StdPeriph_Driver: [5]
    stm32f10x_flash.o            44
    stm32f10x_gpio.o            428
    stm32f10x_rcc.o             624        8       20
    stm32f10x_tim.o              34
    -------------------------------------------------
    Total:                    1'130        8       20

d:\MCU\STM32F10x\App\Project\GPIO\EWARMv8\Debug\Obj\User: [6]
    main.o                      164       11       24
    stm32f10x_it.o               20
    -------------------------------------------------
    Total:                      184       11       24

d:\MCU\STM32F10x\App\Project\GPIO\EWARMv8\Debug\Obj\stm32Ex: [7]
    -------------------------------------------------
    Total:

dl7M_tln.a: [8]
    exit.o                        4
    low_level_init.o              4
    -------------------------------------------------
    Total:                        8

rt7M_tl.a: [9]
    cexit.o                      10
    cmain.o                      30
    cstartup_M.o                 28
    data_init.o                  40
    packbits_init_single.o       58
    -------------------------------------------------
    Total:                      166

shb_l.a: [10]
    exit.o                       20
    -------------------------------------------------
    Total:                       20

    Gaps                          4
    Linker created                        16    2'048
-----------------------------------------------------
    Grand Total:              2'536       69    2'096


*******************************************************************************
*** ENTRY LIST
***

Entry                       Address  Size  Type      Object
-----                       -------  ----  ----      ------
.iar.init_table$$Base    0x800'08d0         --   Gb  - Linker created -
.iar.init_table$$Limit   0x800'08e0         --   Gb  - Linker created -
?main                    0x800'0901        Code  Gb  cmain.o [9]
ADC1_2_IRQHandler        0x800'09bd        Code  Wk  startup_stm32f10x_md.o [2]
ADCPrescTable           0x2000'0010   0x4  Data  Lc  stm32f10x_rcc.o [5]
APBAHBPrescTable        0x2000'0000  0x10  Data  Lc  stm32f10x_rcc.o [5]
BusFault_Handler         0x800'089b   0x2  Code  Gb  stm32f10x_it.o [6]
CAN1_RX1_IRQHandler      0x800'09c9        Code  Wk  startup_stm32f10x_md.o [2]
CAN1_SCE_IRQHandler      0x800'09cd        Code  Wk  startup_stm32f10x_md.o [2]
CSTACK$$Base            0x2000'0030         --   Gb  - Linker created -
CSTACK$$Limit           0x2000'0830         --   Gb  - Linker created -
DMA1_Channel1_IRQHandler
                         0x800'09a1        Code  Wk  startup_stm32f10x_md.o [2]
DMA1_Channel2_IRQHandler
                         0x800'09a5        Code  Wk  startup_stm32f10x_md.o [2]
DMA1_Channel3_IRQHandler
                         0x800'09a9        Code  Wk  startup_stm32f10x_md.o [2]
DMA1_Channel4_IRQHandler
                         0x800'09ad        Code  Wk  startup_stm32f10x_md.o [2]
DMA1_Channel5_IRQHandler
                         0x800'09b1        Code  Wk  startup_stm32f10x_md.o [2]
DMA1_Channel6_IRQHandler
                         0x800'09b5        Code  Wk  startup_stm32f10x_md.o [2]
DMA1_Channel7_IRQHandler
                         0x800'09b9        Code  Wk  startup_stm32f10x_md.o [2]
DebugMon_Handler         0x800'08a1   0x2  Code  Gb  stm32f10x_it.o [6]
EXTI0_IRQHandler         0x800'098d        Code  Wk  startup_stm32f10x_md.o [2]
EXTI15_10_IRQHandler     0x800'0a0d        Code  Wk  startup_stm32f10x_md.o [2]
EXTI1_IRQHandler         0x800'0991        Code  Wk  startup_stm32f10x_md.o [2]
EXTI2_IRQHandler         0x800'0995        Code  Wk  startup_stm32f10x_md.o [2]
EXTI3_IRQHandler         0x800'0999        Code  Wk  startup_stm32f10x_md.o [2]
EXTI4_IRQHandler         0x800'099d        Code  Wk  startup_stm32f10x_md.o [2]
EXTI9_5_IRQHandler       0x800'09d1        Code  Wk  startup_stm32f10x_md.o [2]
FLASH_IRQHandler         0x800'0985        Code  Wk  startup_stm32f10x_md.o [2]
FLASH_PrefetchBufferCmd
                         0x800'084f  0x14  Code  Gb  stm32f10x_flash.o [5]
FLASH_SetLatency         0x800'083d  0x12  Code  Gb  stm32f10x_flash.o [5]
GPIO_Config              0x800'0663  0x30  Code  Gb  main.o [6]
GPIO_DeInit              0x800'035d  0xae  Code  Gb  stm32f10x_gpio.o [5]
GPIO_Init                0x800'040b  0xc2  Code  Gb  stm32f10x_gpio.o [5]
GPIO_ReadInputDataBit    0x800'04cd  0x14  Code  Gb  stm32f10x_gpio.o [5]
GPIO_ResetBits           0x800'04e7   0x6  Code  Gb  stm32f10x_gpio.o [5]
GPIO_SetBits             0x800'04e1   0x6  Code  Gb  stm32f10x_gpio.o [5]
HSEStartUpStatus        0x2000'002f   0x1  Data  Gb  mystm32f10x_rcc.o [3]
HardFault_Handler        0x800'0897   0x2  Code  Gb  stm32f10x_it.o [6]
I2C1_ER_IRQHandler       0x800'09ed        Code  Wk  startup_stm32f10x_md.o [2]
I2C1_EV_IRQHandler       0x800'09e9        Code  Wk  startup_stm32f10x_md.o [2]
I2C2_ER_IRQHandler       0x800'09f5        Code  Wk  startup_stm32f10x_md.o [2]
I2C2_EV_IRQHandler       0x800'09f1        Code  Wk  startup_stm32f10x_md.o [2]
MemManage_Handler        0x800'0899   0x2  Code  Gb  stm32f10x_it.o [6]
MyGPIO_Toggle            0x800'0801  0x36  Code  Gb  mystm32f10x_gpio.o [3]
NMI_Handler              0x800'0895   0x2  Code  Gb  stm32f10x_it.o [6]
PVD_IRQHandler           0x800'0979        Code  Wk  startup_stm32f10x_md.o [2]
PendSV_Handler           0x800'08a3   0x2  Code  Gb  stm32f10x_it.o [6]
RCC_APB2PeriphClockCmd   0x800'02af  0x1c  Code  Gb  stm32f10x_rcc.o [5]
RCC_APB2PeriphResetCmd   0x800'02cb  0x1c  Code  Gb  stm32f10x_rcc.o [5]
RCC_ClockFreq           0x2000'0014  0x14  Data  Gb  main.o [6]
RCC_DeInit               0x800'00ed  0x40  Code  Gb  stm32f10x_rcc.o [5]
RCC_GetClocksFreq        0x800'0203  0xac  Code  Gb  stm32f10x_rcc.o [5]
RCC_GetFlagStatus        0x800'02e7  0x3c  Code  Gb  stm32f10x_rcc.o [5]
RCC_GetSYSCLKSource      0x800'01c7   0xa  Code  Gb  stm32f10x_rcc.o [5]
RCC_HCLKConfig           0x800'01d1  0x10  Code  Gb  stm32f10x_rcc.o [5]
RCC_HSEConfig            0x800'012d  0x38  Code  Gb  stm32f10x_rcc.o [5]
RCC_IRQHandler           0x800'0989        Code  Wk  startup_stm32f10x_md.o [2]
RCC_PCLK1Config          0x800'01e1  0x10  Code  Gb  stm32f10x_rcc.o [5]
RCC_PCLK2Config          0x800'01f1  0x12  Code  Gb  stm32f10x_rcc.o [5]
RCC_PLLCmd               0x800'01af   0x8  Code  Gb  stm32f10x_rcc.o [5]
RCC_PLLConfig            0x800'019d  0x12  Code  Gb  stm32f10x_rcc.o [5]
RCC_SYSCLKConfig         0x800'01b7  0x10  Code  Gb  stm32f10x_rcc.o [5]
RCC_WaitForHSEStartUp    0x800'0165  0x38  Code  Gb  stm32f10x_rcc.o [5]
RTCAlarm_IRQHandler      0x800'0a11        Code  Wk  startup_stm32f10x_md.o [2]
RTC_IRQHandler           0x800'0981        Code  Wk  startup_stm32f10x_md.o [2]
Region$$Table$$Base      0x800'08d0         --   Gb  - Linker created -
Region$$Table$$Limit     0x800'08e0         --   Gb  - Linker created -
Reset_Handler            0x800'0965        Code  Wk  startup_stm32f10x_md.o [2]
SPI1_IRQHandler          0x800'09f9        Code  Wk  startup_stm32f10x_md.o [2]
SPI2_IRQHandler          0x800'09fd        Code  Wk  startup_stm32f10x_md.o [2]
SVC_Handler              0x800'089f   0x2  Code  Gb  stm32f10x_it.o [6]
SetSysClock              0x800'06c5  0x12  Code  Gb  mystm32f10x_rcc.o [3]
SetSysClock              0x800'054d   0x8  Code  Lc  system_stm32f10x.o [1]
SetSysClockTo72          0x800'06d7  0x6a  Code  Gb  mystm32f10x_rcc.o [3]
SetSysClockTo72          0x800'0555  0xae  Code  Lc  system_stm32f10x.o [1]
SysTick_Handler          0x800'08a5   0x2  Code  Gb  stm32f10x_it.o [6]
SystemInit               0x800'0509  0x44  Code  Gb  system_stm32f10x.o [1]
TAMPER_IRQHandler        0x800'097d        Code  Wk  startup_stm32f10x_md.o [2]
TIM1_BRK_IRQHandler      0x800'09d5        Code  Wk  startup_stm32f10x_md.o [2]
TIM1_CC_IRQHandler       0x800'09dd        Code  Wk  startup_stm32f10x_md.o [2]
TIM1_IRQn                0x800'08a7   0x2  Code  Gb  stm32f10x_it.o [6]
TIM1_TRG_COM_IRQHandler
                         0x800'09d9        Code  Wk  startup_stm32f10x_md.o [2]
TIM1_UP_IRQHandler       0x800'0869  0x2c  Code  Gb  mystm32f10x_it.o [3]
TIM2_IRQHandler          0x800'0693  0x24  Code  Gb  main.o [6]
TIM3_IRQHandler          0x800'09e1        Code  Wk  startup_stm32f10x_md.o [2]
TIM4_IRQHandler          0x800'09e5        Code  Wk  startup_stm32f10x_md.o [2]
TIM_ClearFlag            0x800'07b7   0x8  Code  Gb  stm32f10x_tim.o [5]
TIM_ClearITPendingBit    0x800'07bf   0x8  Code  Gb  stm32f10x_tim.o [5]
TIM_GetFlagStatus        0x800'07a5  0x12  Code  Gb  stm32f10x_tim.o [5]
USART1_IRQHandler        0x800'0a01        Code  Wk  startup_stm32f10x_md.o [2]
USART2_IRQHandler        0x800'0a05        Code  Wk  startup_stm32f10x_md.o [2]
USART3_IRQHandler        0x800'0a09        Code  Wk  startup_stm32f10x_md.o [2]
USBWakeUp_IRQHandler     0x800'0a15        Code  Wk  startup_stm32f10x_md.o [2]
USB_HP_CAN1_TX_IRQHandler
                         0x800'09c1        Code  Wk  startup_stm32f10x_md.o [2]
USB_LP_CAN1_RX0_IRQHandler
                         0x800'09c5        Code  Wk  startup_stm32f10x_md.o [2]
UsageFault_Handler       0x800'089d   0x2  Code  Gb  stm32f10x_it.o [6]
WWDG_IRQHandler          0x800'0975        Code  Wk  startup_stm32f10x_md.o [2]
__cmain                  0x800'0901        Code  Gb  cmain.o [9]
__exit                   0x800'0935  0x14  Code  Gb  exit.o [10]
__iar_data_init3         0x800'08a9  0x28  Code  Gb  data_init.o [9]
__iar_packbits_init_single3
                         0x800'07c7  0x3a  Code  Gb  packbits_init_single.o [9]
__iar_program_start      0x800'0949        Code  Gb  cstartup_M.o [9]
__low_level_init         0x800'091f   0x4  Code  Gb  low_level_init.o [8]
__vector_table           0x800'0000        Data  Gb  startup_stm32f10x_md.o [2]
_call_main               0x800'090d        Code  Gb  cmain.o [9]
_exit                    0x800'0929        Code  Gb  cexit.o [9]
clk                     0x2000'0028   0x4  Data  Gb  main.o [6]
delay_init               0x800'0745  0x20  Code  Gb  mystm32f10x_delay.o [3]
delay_ms                 0x800'0765  0x2a  Code  Gb  mystm32f10x_delay.o [3]
exit                     0x800'0923   0x4  Code  Gb  exit.o [8]
fac_ms                  0x2000'002c   0x2  Data  Lc  mystm32f10x_delay.o [3]
fac_us                  0x2000'002e   0x1  Data  Lc  mystm32f10x_delay.o [3]
mPin                     0x800'08e0  0x20  Data  Gb  mystm32f10x_gpio.o [3]
main                     0x800'0621  0x42  Code  Gb  main.o [6]


[1] = d:\MCU\STM32F10x\App\Project\GPIO\EWARMv8\Debug\Obj\CMSIS
[2] = d:\MCU\STM32F10x\App\Project\GPIO\EWARMv8\Debug\Obj\EWARMv8
[3] = d:\MCU\STM32F10x\App\Project\GPIO\EWARMv8\Debug\Obj\MyLib
[4] = d:\MCU\STM32F10x\App\Project\GPIO\EWARMv8\Debug\Obj\OpenEDV
[5] = d:\MCU\STM32F10x\App\Project\GPIO\EWARMv8\Debug\Obj\StdPeriph_Driver
[6] = d:\MCU\STM32F10x\App\Project\GPIO\EWARMv8\Debug\Obj\User
[7] = d:\MCU\STM32F10x\App\Project\GPIO\EWARMv8\Debug\Obj\stm32Ex
[8] = dl7M_tln.a
[9] = rt7M_tl.a
[10] = shb_l.a

  2'536 bytes of readonly  code memory
     69 bytes of readonly  data memory
  2'096 bytes of readwrite data memory

Errors: none
Warnings: none
