###############################################################################
#
# IAR ELF Linker V8.40.1.212/W32 for ARM                  13/Apr/2024  06:30:13
# Copyright 2007-2019 IAR Systems AB.
#
#    Output file  =
#        D:\MCU\STM32F10x\App\Project\GPIO\EWARMv8\Debug\Exe\GPIO.out
#    Map file     =
#        D:\MCU\STM32F10x\App\Project\GPIO\EWARMv8\Debug\List\GPIO.map
#    Command line =
#        -f C:\Users\ADMIN\AppData\Local\Temp\EW7F38.tmp
#        (D:\MCU\STM32F10x\App\Project\GPIO\EWARMv8\Debug\Obj\core_cm3.o
#        D:\MCU\STM32F10x\App\Project\GPIO\EWARMv8\Debug\Obj\delay.o
#        D:\MCU\STM32F10x\App\Project\GPIO\EWARMv8\Debug\Obj\main.o
#        D:\MCU\STM32F10x\App\Project\GPIO\EWARMv8\Debug\Obj\MeM.o
#        D:\MCU\STM32F10x\App\Project\GPIO\EWARMv8\Debug\Obj\misc.o
#        D:\MCU\STM32F10x\App\Project\GPIO\EWARMv8\Debug\Obj\mystm32f10x_adc.o
#        D:\MCU\STM32F10x\App\Project\GPIO\EWARMv8\Debug\Obj\mystm32f10x_delay.o
#        D:\MCU\STM32F10x\App\Project\GPIO\EWARMv8\Debug\Obj\mystm32f10x_gpio.o
#        D:\MCU\STM32F10x\App\Project\GPIO\EWARMv8\Debug\Obj\mystm32f10x_i2c.o
#        D:\MCU\STM32F10x\App\Project\GPIO\EWARMv8\Debug\Obj\mystm32f10x_it.o
#        D:\MCU\STM32F10x\App\Project\GPIO\EWARMv8\Debug\Obj\mystm32f10x_iwdg.o
#        D:\MCU\STM32F10x\App\Project\GPIO\EWARMv8\Debug\Obj\mystm32f10x_rcc.o
#        D:\MCU\STM32F10x\App\Project\GPIO\EWARMv8\Debug\Obj\mystm32f10x_rtc.o
#        D:\MCU\STM32F10x\App\Project\GPIO\EWARMv8\Debug\Obj\mystm32f10x_spi.o
#        D:\MCU\STM32F10x\App\Project\GPIO\EWARMv8\Debug\Obj\mystm32f10x_tim.o
#        D:\MCU\STM32F10x\App\Project\GPIO\EWARMv8\Debug\Obj\mystm32f10x_usart.o
#        D:\MCU\STM32F10x\App\Project\GPIO\EWARMv8\Debug\Obj\startup_stm32f10x_md.o
#        D:\MCU\STM32F10x\App\Project\GPIO\EWARMv8\Debug\Obj\stm32f10x_adc.o
#        D:\MCU\STM32F10x\App\Project\GPIO\EWARMv8\Debug\Obj\stm32f10x_bkp.o
#        D:\MCU\STM32F10x\App\Project\GPIO\EWARMv8\Debug\Obj\stm32f10x_can.o
#        D:\MCU\STM32F10x\App\Project\GPIO\EWARMv8\Debug\Obj\stm32f10x_cec.o
#        D:\MCU\STM32F10x\App\Project\GPIO\EWARMv8\Debug\Obj\stm32f10x_crc.o
#        D:\MCU\STM32F10x\App\Project\GPIO\EWARMv8\Debug\Obj\stm32f10x_dac.o
#        D:\MCU\STM32F10x\App\Project\GPIO\EWARMv8\Debug\Obj\stm32f10x_dbgmcu.o
#        D:\MCU\STM32F10x\App\Project\GPIO\EWARMv8\Debug\Obj\stm32f10x_dma.o
#        D:\MCU\STM32F10x\App\Project\GPIO\EWARMv8\Debug\Obj\stm32f10x_exti.o
#        D:\MCU\STM32F10x\App\Project\GPIO\EWARMv8\Debug\Obj\stm32f10x_flash.o
#        D:\MCU\STM32F10x\App\Project\GPIO\EWARMv8\Debug\Obj\stm32f10x_fsmc.o
#        D:\MCU\STM32F10x\App\Project\GPIO\EWARMv8\Debug\Obj\stm32f10x_gpio.o
#        D:\MCU\STM32F10x\App\Project\GPIO\EWARMv8\Debug\Obj\stm32f10x_i2c.o
#        D:\MCU\STM32F10x\App\Project\GPIO\EWARMv8\Debug\Obj\stm32f10x_it.o
#        D:\MCU\STM32F10x\App\Project\GPIO\EWARMv8\Debug\Obj\stm32f10x_iwdg.o
#        D:\MCU\STM32F10x\App\Project\GPIO\EWARMv8\Debug\Obj\stm32f10x_pwr.o
#        D:\MCU\STM32F10x\App\Project\GPIO\EWARMv8\Debug\Obj\stm32f10x_rcc.o
#        D:\MCU\STM32F10x\App\Project\GPIO\EWARMv8\Debug\Obj\stm32f10x_rtc.o
#        D:\MCU\STM32F10x\App\Project\GPIO\EWARMv8\Debug\Obj\stm32f10x_sdio.o
#        D:\MCU\STM32F10x\App\Project\GPIO\EWARMv8\Debug\Obj\stm32f10x_spi.o
#        D:\MCU\STM32F10x\App\Project\GPIO\EWARMv8\Debug\Obj\stm32f10x_tim.o
#        D:\MCU\STM32F10x\App\Project\GPIO\EWARMv8\Debug\Obj\stm32f10x_usart.o
#        D:\MCU\STM32F10x\App\Project\GPIO\EWARMv8\Debug\Obj\stm32f10x_wwdg.o
#        D:\MCU\STM32F10x\App\Project\GPIO\EWARMv8\Debug\Obj\sys.o
#        D:\MCU\STM32F10x\App\Project\GPIO\EWARMv8\Debug\Obj\system_stm32f10x.o
#        --no_out_extension -o
#        D:\MCU\STM32F10x\App\Project\GPIO\EWARMv8\Debug\Exe\GPIO.out --map
#        D:\MCU\STM32F10x\App\Project\GPIO\EWARMv8\Debug\List\GPIO.map --config
#        "C:\Program Files (x86)\IAR Systems\Embedded Workbench
#        8.3\arm\config\linker\ST\stm32f103x8.icf" --semihosting --entry
#        __iar_program_start --redirect __iar_sh_stdout=__iar_sh_stdout_swo
#        --vfe --text_out locale)
#
###############################################################################

*******************************************************************************
*** RUNTIME MODEL ATTRIBUTES
***

CppFlavor       = *
__SystemLibrary = DLib
__dlib_version  = 6


*******************************************************************************
*** HEAP SELECTION
***

The basic heap was selected because no calls to memory allocation
functions were found in the application outside of system library
functions, and there are calls to deallocation functions in the
application.


*******************************************************************************
*** PLACEMENT SUMMARY
***

"A0":  place at address 0x800'0000 { ro section .intvec };
"P1":  place in [from 0x800'0000 to 0x800'ffff] { ro };
define block CSTACK with size = 2K, alignment = 8 { };
define block HEAP with size = 2K, alignment = 8 { };
"P2":  place in [from 0x2000'0000 to 0x2000'4fff] {
          rw, block CSTACK, block HEAP };
initialize by copy { rw };

  Section            Kind         Address   Size  Object
  -------            ----         -------   ----  ------
"A0":                                       0xec
  .intvec            ro code   0x800'0000   0xec  startup_stm32f10x_md.o [1]
                             - 0x800'00ec   0xec

"P1":                                      0x935
  .text              ro code   0x800'00ec  0x270  stm32f10x_rcc.o [1]
  .text              ro code   0x800'035c  0x1ac  stm32f10x_gpio.o [1]
  .text              ro code   0x800'0508  0x118  system_stm32f10x.o [1]
  .text              ro code   0x800'0620   0xa4  main.o [1]
  .text              ro code   0x800'06c4   0x80  mystm32f10x_rcc.o [1]
  .text              ro code   0x800'0744   0x64  mystm32f10x_delay.o [1]
  .text              ro code   0x800'07a8   0x22  stm32f10x_tim.o [1]
  .text              ro code   0x800'07cc   0x3c  mystm32f10x_gpio.o [1]
  .text              ro code   0x800'0808   0x2c  stm32f10x_flash.o [1]
  .text              ro code   0x800'0834   0x38  packbits_init_single.o [3]
  .text              ro code   0x800'086c   0x2c  mystm32f10x_it.o [1]
  .text              ro code   0x800'0898   0x14  stm32f10x_it.o [1]
  .text              ro code   0x800'08ac   0x28  data_init.o [3]
  .iar.init_table    const     0x800'08d4   0x10  - Linker created -
  .rodata            const     0x800'08e4   0x20  mystm32f10x_gpio.o [1]
  .text              ro code   0x800'0904   0x1e  cmain.o [3]
  .text              ro code   0x800'0922    0x4  low_level_init.o [2]
  .text              ro code   0x800'0926    0x4  exit.o [2]
  .text              ro code   0x800'092c    0xa  cexit.o [3]
  .text              ro code   0x800'0938   0x14  exit.o [4]
  .text              ro code   0x800'094c   0x10  startup_stm32f10x_md.o [1]
  .text              ro code   0x800'095c    0xc  cstartup_M.o [3]
  .text              ro code   0x800'0968    0x4  startup_stm32f10x_md.o [1]
  .text              ro code   0x800'096c    0x4  startup_stm32f10x_md.o [1]
  .text              ro code   0x800'0970    0x4  startup_stm32f10x_md.o [1]
  .text              ro code   0x800'0974    0x4  startup_stm32f10x_md.o [1]
  .text              ro code   0x800'0978    0x4  startup_stm32f10x_md.o [1]
  .text              ro code   0x800'097c    0x4  startup_stm32f10x_md.o [1]
  .text              ro code   0x800'0980    0x4  startup_stm32f10x_md.o [1]
  .text              ro code   0x800'0984    0x4  startup_stm32f10x_md.o [1]
  .text              ro code   0x800'0988    0x4  startup_stm32f10x_md.o [1]
  .text              ro code   0x800'098c    0x4  startup_stm32f10x_md.o [1]
  .text              ro code   0x800'0990    0x4  startup_stm32f10x_md.o [1]
  .text              ro code   0x800'0994    0x4  startup_stm32f10x_md.o [1]
  .text              ro code   0x800'0998    0x4  startup_stm32f10x_md.o [1]
  .text              ro code   0x800'099c    0x4  startup_stm32f10x_md.o [1]
  .text              ro code   0x800'09a0    0x4  startup_stm32f10x_md.o [1]
  .text              ro code   0x800'09a4    0x4  startup_stm32f10x_md.o [1]
  .text              ro code   0x800'09a8    0x4  startup_stm32f10x_md.o [1]
  .text              ro code   0x800'09ac    0x4  startup_stm32f10x_md.o [1]
  .text              ro code   0x800'09b0    0x4  startup_stm32f10x_md.o [1]
  .text              ro code   0x800'09b4    0x4  startup_stm32f10x_md.o [1]
  .text              ro code   0x800'09b8    0x4  startup_stm32f10x_md.o [1]
  .text              ro code   0x800'09bc    0x4  startup_stm32f10x_md.o [1]
  .text              ro code   0x800'09c0    0x4  startup_stm32f10x_md.o [1]
  .text              ro code   0x800'09c4    0x4  startup_stm32f10x_md.o [1]
  .text              ro code   0x800'09c8    0x4  startup_stm32f10x_md.o [1]
  .text              ro code   0x800'09cc    0x4  startup_stm32f10x_md.o [1]
  .text              ro code   0x800'09d0    0x4  startup_stm32f10x_md.o [1]
  .text              ro code   0x800'09d4    0x4  startup_stm32f10x_md.o [1]
  .text              ro code   0x800'09d8    0x4  startup_stm32f10x_md.o [1]
  .text              ro code   0x800'09dc    0x4  startup_stm32f10x_md.o [1]
  .text              ro code   0x800'09e0    0x4  startup_stm32f10x_md.o [1]
  .text              ro code   0x800'09e4    0x4  startup_stm32f10x_md.o [1]
  .text              ro code   0x800'09e8    0x4  startup_stm32f10x_md.o [1]
  .text              ro code   0x800'09ec    0x4  startup_stm32f10x_md.o [1]
  .text              ro code   0x800'09f0    0x4  startup_stm32f10x_md.o [1]
  .text              ro code   0x800'09f4    0x4  startup_stm32f10x_md.o [1]
  .text              ro code   0x800'09f8    0x4  startup_stm32f10x_md.o [1]
  .text              ro code   0x800'09fc    0x4  startup_stm32f10x_md.o [1]
  .text              ro code   0x800'0a00    0x4  startup_stm32f10x_md.o [1]
  .text              ro code   0x800'0a04    0x4  startup_stm32f10x_md.o [1]
  .text              ro code   0x800'0a08    0x4  startup_stm32f10x_md.o [1]
  .rodata            const     0x800'0a0c    0x0  packbits_init_single.o [3]
  Initializer bytes  const     0x800'0a0c   0x15  <for P2-1>
                             - 0x800'0a21  0x935

"P2", part 1 of 2:                          0x30
  P2-1                        0x2000'0000   0x30  <Init block>
    .data            inited   0x2000'0000   0x10  stm32f10x_rcc.o [1]
    .data            inited   0x2000'0010    0x4  stm32f10x_rcc.o [1]
    .bss             inited   0x2000'0014   0x14  main.o [1]
    .bss             inited   0x2000'0028    0x4  main.o [1]
    .bss             inited   0x2000'002c    0x2  mystm32f10x_delay.o [1]
    .bss             inited   0x2000'002e    0x1  mystm32f10x_delay.o [1]
    .bss             inited   0x2000'002f    0x1  mystm32f10x_rcc.o [1]
                            - 0x2000'0030   0x30

"P2", part 2 of 2:                         0x800
  CSTACK                      0x2000'0030  0x800  <Block>
    CSTACK           uninit   0x2000'0030  0x800  <Block tail>
                            - 0x2000'0830  0x800

Unused ranges:

         From           To    Size
         ----           --    ----
   0x800'0a21   0x800'ffff  0xf5df
  0x2000'0830  0x2000'4fff  0x47d0


*******************************************************************************
*** INIT TABLE
***

          Address      Size
          -------      ----
Copy/packbits (__iar_packbits_init_single3)
    1 source range, total size 0x15 (43% of destination):
           0x800'0a0c  0x15
    1 destination range, total size 0x30:
          0x2000'0000  0x30



*******************************************************************************
*** MODULE SUMMARY
***

    Module                  ro code  ro data  rw data
    ------                  -------  -------  -------
command line/config:
    -------------------------------------------------
    Total:

D:\MCU\STM32F10x\App\Project\GPIO\EWARMv8\Debug\Obj: [1]
    main.o                      164       11       24
    mystm32f10x_delay.o         100        1        3
    mystm32f10x_gpio.o           60       32
    mystm32f10x_it.o             44
    mystm32f10x_rcc.o           128        1        1
    startup_stm32f10x_md.o      416
    stm32f10x_flash.o            44
    stm32f10x_gpio.o            428
    stm32f10x_it.o               20
    stm32f10x_rcc.o             624        8       20
    stm32f10x_tim.o              34
    system_stm32f10x.o          280
    -------------------------------------------------
    Total:                    2'342       53       48

dl7M_tln.a: [2]
    exit.o                        4
    low_level_init.o              4
    -------------------------------------------------
    Total:                        8

rt7M_tl.a: [3]
    cexit.o                      10
    cmain.o                      30
    cstartup_M.o                 12
    data_init.o                  40
    packbits_init_single.o       56
    -------------------------------------------------
    Total:                      148

shb_l.a: [4]
    exit.o                       20
    -------------------------------------------------
    Total:                       20

    Gaps                          6
    Linker created                        16    2'048
-----------------------------------------------------
    Grand Total:              2'524       69    2'096


*******************************************************************************
*** ENTRY LIST
***

Entry                       Address  Size  Type      Object
-----                       -------  ----  ----      ------
.iar.init_table$$Base    0x800'08d4         --   Gb  - Linker created -
.iar.init_table$$Limit   0x800'08e4         --   Gb  - Linker created -
?main                    0x800'0905        Code  Gb  cmain.o [3]
ADCPrescTable           0x2000'0010   0x4  Data  Lc  stm32f10x_rcc.o [1]
APBAHBPrescTable        0x2000'0000  0x10  Data  Lc  stm32f10x_rcc.o [1]
BusFault_Handler         0x800'089f   0x2  Code  Gb  stm32f10x_it.o [1]
CSTACK$$Base            0x2000'0030         --   Gb  - Linker created -
CSTACK$$Limit           0x2000'0830         --   Gb  - Linker created -
DebugMon_Handler         0x800'08a5   0x2  Code  Gb  stm32f10x_it.o [1]
FLASH_PrefetchBufferCmd
                         0x800'081b  0x14  Code  Gb  stm32f10x_flash.o [1]
FLASH_SetLatency         0x800'0809  0x12  Code  Gb  stm32f10x_flash.o [1]
GPIO_Config              0x800'0663  0x30  Code  Gb  main.o [1]
GPIO_DeInit              0x800'035d  0xae  Code  Gb  stm32f10x_gpio.o [1]
GPIO_Init                0x800'040b  0xc0  Code  Gb  stm32f10x_gpio.o [1]
GPIO_ReadInputDataBit    0x800'04cb  0x14  Code  Gb  stm32f10x_gpio.o [1]
GPIO_ResetBits           0x800'04e5   0x6  Code  Gb  stm32f10x_gpio.o [1]
GPIO_SetBits             0x800'04df   0x6  Code  Gb  stm32f10x_gpio.o [1]
HSEStartUpStatus        0x2000'002f   0x1  Data  Gb  mystm32f10x_rcc.o [1]
HardFault_Handler        0x800'089b   0x2  Code  Gb  stm32f10x_it.o [1]
MemManage_Handler        0x800'089d   0x2  Code  Gb  stm32f10x_it.o [1]
MyGPIO_Toggle            0x800'07cd  0x36  Code  Gb  mystm32f10x_gpio.o [1]
NMI_Handler              0x800'0899   0x2  Code  Gb  stm32f10x_it.o [1]
PendSV_Handler           0x800'08a7   0x2  Code  Gb  stm32f10x_it.o [1]
RCC_APB2PeriphClockCmd   0x800'02af  0x1c  Code  Gb  stm32f10x_rcc.o [1]
RCC_APB2PeriphResetCmd   0x800'02cb  0x1c  Code  Gb  stm32f10x_rcc.o [1]
RCC_ClockFreq           0x2000'0014  0x14  Data  Gb  main.o [1]
RCC_DeInit               0x800'00ed  0x40  Code  Gb  stm32f10x_rcc.o [1]
RCC_GetClocksFreq        0x800'0203  0xac  Code  Gb  stm32f10x_rcc.o [1]
RCC_GetFlagStatus        0x800'02e7  0x3c  Code  Gb  stm32f10x_rcc.o [1]
RCC_GetSYSCLKSource      0x800'01c7   0xa  Code  Gb  stm32f10x_rcc.o [1]
RCC_HCLKConfig           0x800'01d1  0x10  Code  Gb  stm32f10x_rcc.o [1]
RCC_HSEConfig            0x800'012d  0x38  Code  Gb  stm32f10x_rcc.o [1]
RCC_PCLK1Config          0x800'01e1  0x10  Code  Gb  stm32f10x_rcc.o [1]
RCC_PCLK2Config          0x800'01f1  0x12  Code  Gb  stm32f10x_rcc.o [1]
RCC_PLLCmd               0x800'01af   0x8  Code  Gb  stm32f10x_rcc.o [1]
RCC_PLLConfig            0x800'019d  0x12  Code  Gb  stm32f10x_rcc.o [1]
RCC_SYSCLKConfig         0x800'01b7  0x10  Code  Gb  stm32f10x_rcc.o [1]
RCC_WaitForHSEStartUp    0x800'0165  0x38  Code  Gb  stm32f10x_rcc.o [1]
Region$$Table$$Base      0x800'08d4         --   Gb  - Linker created -
Region$$Table$$Limit     0x800'08e4         --   Gb  - Linker created -
SVC_Handler              0x800'08a3   0x2  Code  Gb  stm32f10x_it.o [1]
SetSysClock              0x800'06c5  0x12  Code  Gb  mystm32f10x_rcc.o [1]
SetSysClock              0x800'054d   0x8  Code  Lc  system_stm32f10x.o [1]
SetSysClockTo72          0x800'06d7  0x6a  Code  Gb  mystm32f10x_rcc.o [1]
SetSysClockTo72          0x800'0555  0xae  Code  Lc  system_stm32f10x.o [1]
SysTick_Handler          0x800'08a9   0x2  Code  Gb  stm32f10x_it.o [1]
SystemInit               0x800'0509  0x44  Code  Gb  system_stm32f10x.o [1]
TIM1_IRQn                0x800'08ab   0x2  Code  Gb  stm32f10x_it.o [1]
TIM1_UP_IRQHandler       0x800'086d  0x2c  Code  Gb  mystm32f10x_it.o [1]
TIM2_IRQHandler          0x800'0693  0x24  Code  Gb  main.o [1]
TIM_ClearFlag            0x800'07bb   0x8  Code  Gb  stm32f10x_tim.o [1]
TIM_ClearITPendingBit    0x800'07c3   0x8  Code  Gb  stm32f10x_tim.o [1]
TIM_GetFlagStatus        0x800'07a9  0x12  Code  Gb  stm32f10x_tim.o [1]
UsageFault_Handler       0x800'08a1   0x2  Code  Gb  stm32f10x_it.o [1]
__cmain                  0x800'0905        Code  Gb  cmain.o [3]
__exit                   0x800'0939  0x14  Code  Gb  exit.o [4]
__iar_data_init3         0x800'08ad  0x28  Code  Gb  data_init.o [3]
__iar_packbits_init_single3
                         0x800'0835  0x38  Code  Gb  packbits_init_single.o [3]
__iar_program_start      0x800'095d        Code  Gb  cstartup_M.o [3]
__low_level_init         0x800'0923   0x4  Code  Gb  low_level_init.o [2]
__vector_table           0x800'0000        Data  Gb  startup_stm32f10x_md.o [1]
_call_main               0x800'0911        Code  Gb  cmain.o [3]
_exit                    0x800'092d        Code  Gb  cexit.o [3]
_main                    0x800'091f        Code  Gb  cmain.o [3]
clk                     0x2000'0028   0x4  Data  Gb  main.o [1]
delay_init               0x800'0745  0x24  Code  Gb  mystm32f10x_delay.o [1]
delay_ms                 0x800'0769  0x2a  Code  Gb  mystm32f10x_delay.o [1]
exit                     0x800'0927   0x4  Code  Gb  exit.o [2]
fac_ms                  0x2000'002c   0x2  Data  Lc  mystm32f10x_delay.o [1]
fac_us                  0x2000'002e   0x1  Data  Lc  mystm32f10x_delay.o [1]
mPin                     0x800'08e4  0x20  Data  Gb  mystm32f10x_gpio.o [1]
main                     0x800'0621  0x42  Code  Gb  main.o [1]


[1] = D:\MCU\STM32F10x\App\Project\GPIO\EWARMv8\Debug\Obj
[2] = dl7M_tln.a
[3] = rt7M_tl.a
[4] = shb_l.a

  2'524 bytes of readonly  code memory
     69 bytes of readonly  data memory
  2'096 bytes of readwrite data memory

Errors: none
Warnings: none
