###############################################################################
#
# IAR ELF Linker V8.40.1.212/W32 for ARM                  13/Apr/2024  11:52:24
# Copyright 2007-2019 IAR Systems AB.
#
#    Output file  =
#        D:\MCU\STM32F10x\App\Project\STM32PLUS\EWARMv8\Debug\Exe\GPIO.out
#    Map file     =
#        D:\MCU\STM32F10x\App\Project\STM32PLUS\EWARMv8\Debug\List\GPIO.map
#    Command line =
#        -f C:\Users\ADMIN\AppData\Local\Temp\EW7EC9.tmp
#        (D:\MCU\STM32F10x\App\Project\STM32PLUS\EWARMv8\Debug\Obj\core_cm3.o
#        D:\MCU\STM32F10x\App\Project\STM32PLUS\EWARMv8\Debug\Obj\gpio.o
#        D:\MCU\STM32F10x\App\Project\STM32PLUS\EWARMv8\Debug\Obj\main.o
#        D:\MCU\STM32F10x\App\Project\STM32PLUS\EWARMv8\Debug\Obj\misc.o
#        D:\MCU\STM32F10x\App\Project\STM32PLUS\EWARMv8\Debug\Obj\startup_stm32f10x_md.o
#        D:\MCU\STM32F10x\App\Project\STM32PLUS\EWARMv8\Debug\Obj\stm32f10x_adc.o
#        D:\MCU\STM32F10x\App\Project\STM32PLUS\EWARMv8\Debug\Obj\stm32f10x_bkp.o
#        D:\MCU\STM32F10x\App\Project\STM32PLUS\EWARMv8\Debug\Obj\stm32f10x_can.o
#        D:\MCU\STM32F10x\App\Project\STM32PLUS\EWARMv8\Debug\Obj\stm32f10x_cec.o
#        D:\MCU\STM32F10x\App\Project\STM32PLUS\EWARMv8\Debug\Obj\stm32f10x_crc.o
#        D:\MCU\STM32F10x\App\Project\STM32PLUS\EWARMv8\Debug\Obj\stm32f10x_dac.o
#        D:\MCU\STM32F10x\App\Project\STM32PLUS\EWARMv8\Debug\Obj\stm32f10x_dbgmcu.o
#        D:\MCU\STM32F10x\App\Project\STM32PLUS\EWARMv8\Debug\Obj\stm32f10x_dma.o
#        D:\MCU\STM32F10x\App\Project\STM32PLUS\EWARMv8\Debug\Obj\stm32f10x_exti.o
#        D:\MCU\STM32F10x\App\Project\STM32PLUS\EWARMv8\Debug\Obj\stm32f10x_flash.o
#        D:\MCU\STM32F10x\App\Project\STM32PLUS\EWARMv8\Debug\Obj\stm32f10x_fsmc.o
#        D:\MCU\STM32F10x\App\Project\STM32PLUS\EWARMv8\Debug\Obj\stm32f10x_gpio.o
#        D:\MCU\STM32F10x\App\Project\STM32PLUS\EWARMv8\Debug\Obj\stm32f10x_i2c.o
#        D:\MCU\STM32F10x\App\Project\STM32PLUS\EWARMv8\Debug\Obj\stm32f10x_iwdg.o
#        D:\MCU\STM32F10x\App\Project\STM32PLUS\EWARMv8\Debug\Obj\stm32f10x_pwr.o
#        D:\MCU\STM32F10x\App\Project\STM32PLUS\EWARMv8\Debug\Obj\stm32f10x_rcc.o
#        D:\MCU\STM32F10x\App\Project\STM32PLUS\EWARMv8\Debug\Obj\stm32f10x_rtc.o
#        D:\MCU\STM32F10x\App\Project\STM32PLUS\EWARMv8\Debug\Obj\stm32f10x_sdio.o
#        D:\MCU\STM32F10x\App\Project\STM32PLUS\EWARMv8\Debug\Obj\stm32f10x_spi.o
#        D:\MCU\STM32F10x\App\Project\STM32PLUS\EWARMv8\Debug\Obj\stm32f10x_tim.o
#        D:\MCU\STM32F10x\App\Project\STM32PLUS\EWARMv8\Debug\Obj\stm32f10x_usart.o
#        D:\MCU\STM32F10x\App\Project\STM32PLUS\EWARMv8\Debug\Obj\stm32f10x_wwdg.o
#        D:\MCU\STM32F10x\App\Project\STM32PLUS\EWARMv8\Debug\Obj\system_stm32f10x.o
#        --no_out_extension -o
#        D:\MCU\STM32F10x\App\Project\STM32PLUS\EWARMv8\Debug\Exe\GPIO.out
#        --redirect _Printf=_PrintfFullNoMb --redirect _Scanf=_ScanfFullNoMb
#        --map
#        D:\MCU\STM32F10x\App\Project\STM32PLUS\EWARMv8\Debug\List\GPIO.map
#        --config "C:\Program Files (x86)\IAR Systems\Embedded Workbench
#        8.3\arm\config\linker\ST\stm32f103x8.icf" --semihosting --entry
#        __iar_program_start --vfe --text_out locale)
#
###############################################################################

*******************************************************************************
*** RUNTIME MODEL ATTRIBUTES
***

CppFlavor        = *
__CPP_Exceptions = Disabled
__CPP_Language   = C++14
__SystemLibrary  = DLib
__dlib_version   = 6


*******************************************************************************
*** HEAP SELECTION
***

The basic heap was selected because no calls to memory allocation
functions were found in the application outside of system library
functions, and there are calls to deallocation functions in the
application.


*******************************************************************************
*** PLACEMENT SUMMARY
***

"A0":  place at address 0x800'0000 { ro section .intvec };
"P1":  place in [from 0x800'0000 to 0x800'ffff] { ro };
define block CSTACK with size = 2K, alignment = 8 { };
define block HEAP with size = 2K, alignment = 8 { };
"P2":  place in [from 0x2000'0000 to 0x2000'4fff] {
          rw, block CSTACK, block HEAP };

No sections matched the following patterns:

  rw  in "P2"


  Section   Kind         Address   Size  Object
  -------   ----         -------   ----  ------
"A0":                              0xec
  .intvec   ro code   0x800'0000   0xec  startup_stm32f10x_md.o [1]
                    - 0x800'00ec   0xec

"P1":                             0x260
  .text     ro code   0x800'00ec  0x118  system_stm32f10x.o [1]
  .text     ro code   0x800'0204   0x1e  cmain.o [3]
  .text     ro code   0x800'0222    0x4  low_level_init.o [2]
  .text     ro code   0x800'0226   0x10  main.o [1]
  .text     ro code   0x800'0236    0x4  exit.o [2]
  .text     ro code   0x800'023a    0x4  gpio.o [1]
  .rodata   const     0x800'023e    0x1  unwind_debug.o [4]
  .text     ro code   0x800'0240    0xa  cexit.o [3]
  .text     ro code   0x800'024c   0x14  exit.o [4]
  .text     ro code   0x800'0260   0x10  startup_stm32f10x_md.o [1]
  .text     ro code   0x800'0270    0xc  cstartup_M.o [3]
  .text     ro code   0x800'027c    0x4  startup_stm32f10x_md.o [1]
  .text     ro code   0x800'0280    0x4  startup_stm32f10x_md.o [1]
  .text     ro code   0x800'0284    0x4  startup_stm32f10x_md.o [1]
  .text     ro code   0x800'0288    0x4  startup_stm32f10x_md.o [1]
  .text     ro code   0x800'028c    0x4  startup_stm32f10x_md.o [1]
  .text     ro code   0x800'0290    0x4  startup_stm32f10x_md.o [1]
  .text     ro code   0x800'0294    0x4  startup_stm32f10x_md.o [1]
  .text     ro code   0x800'0298    0x4  startup_stm32f10x_md.o [1]
  .text     ro code   0x800'029c    0x4  startup_stm32f10x_md.o [1]
  .text     ro code   0x800'02a0    0x4  startup_stm32f10x_md.o [1]
  .text     ro code   0x800'02a4    0x4  startup_stm32f10x_md.o [1]
  .text     ro code   0x800'02a8    0x4  startup_stm32f10x_md.o [1]
  .text     ro code   0x800'02ac    0x4  startup_stm32f10x_md.o [1]
  .text     ro code   0x800'02b0    0x4  startup_stm32f10x_md.o [1]
  .text     ro code   0x800'02b4    0x4  startup_stm32f10x_md.o [1]
  .text     ro code   0x800'02b8    0x4  startup_stm32f10x_md.o [1]
  .text     ro code   0x800'02bc    0x4  startup_stm32f10x_md.o [1]
  .text     ro code   0x800'02c0    0x4  startup_stm32f10x_md.o [1]
  .text     ro code   0x800'02c4    0x4  startup_stm32f10x_md.o [1]
  .text     ro code   0x800'02c8    0x4  startup_stm32f10x_md.o [1]
  .text     ro code   0x800'02cc    0x4  startup_stm32f10x_md.o [1]
  .text     ro code   0x800'02d0    0x4  startup_stm32f10x_md.o [1]
  .text     ro code   0x800'02d4    0x4  startup_stm32f10x_md.o [1]
  .text     ro code   0x800'02d8    0x4  startup_stm32f10x_md.o [1]
  .text     ro code   0x800'02dc    0x4  startup_stm32f10x_md.o [1]
  .text     ro code   0x800'02e0    0x4  startup_stm32f10x_md.o [1]
  .text     ro code   0x800'02e4    0x4  startup_stm32f10x_md.o [1]
  .text     ro code   0x800'02e8    0x4  startup_stm32f10x_md.o [1]
  .text     ro code   0x800'02ec    0x4  startup_stm32f10x_md.o [1]
  .text     ro code   0x800'02f0    0x4  startup_stm32f10x_md.o [1]
  .text     ro code   0x800'02f4    0x4  startup_stm32f10x_md.o [1]
  .text     ro code   0x800'02f8    0x4  startup_stm32f10x_md.o [1]
  .text     ro code   0x800'02fc    0x4  startup_stm32f10x_md.o [1]
  .text     ro code   0x800'0300    0x4  startup_stm32f10x_md.o [1]
  .text     ro code   0x800'0304    0x4  startup_stm32f10x_md.o [1]
  .text     ro code   0x800'0308    0x4  startup_stm32f10x_md.o [1]
  .text     ro code   0x800'030c    0x4  startup_stm32f10x_md.o [1]
  .text     ro code   0x800'0310    0x4  startup_stm32f10x_md.o [1]
  .text     ro code   0x800'0314    0x4  startup_stm32f10x_md.o [1]
  .text     ro code   0x800'0318    0x4  startup_stm32f10x_md.o [1]
  .text     ro code   0x800'031c    0x4  startup_stm32f10x_md.o [1]
  .text     ro code   0x800'0320    0x4  startup_stm32f10x_md.o [1]
  .text     ro code   0x800'0324    0x4  startup_stm32f10x_md.o [1]
  .text     ro code   0x800'0328    0x4  startup_stm32f10x_md.o [1]
  .text     ro code   0x800'032c    0x4  startup_stm32f10x_md.o [1]
  .text     ro code   0x800'0330    0x4  startup_stm32f10x_md.o [1]
  .text     ro code   0x800'0334    0x4  startup_stm32f10x_md.o [1]
  .text     ro code   0x800'0338    0x4  startup_stm32f10x_md.o [1]
  .text     ro code   0x800'033c    0x4  startup_stm32f10x_md.o [1]
  .text     ro code   0x800'0340    0x4  startup_stm32f10x_md.o [1]
  .text     ro code   0x800'0344    0x4  startup_stm32f10x_md.o [1]
  .text     ro code   0x800'0348    0x4  startup_stm32f10x_md.o [1]
                    - 0x800'034c  0x260

"P2":                             0x800
  CSTACK             0x2000'0000  0x800  <Block>
    CSTACK  uninit   0x2000'0000  0x800  <Block tail>
                   - 0x2000'0800  0x800

Unused ranges:

         From           To    Size
         ----           --    ----
   0x800'034c   0x800'ffff  0xfcb4
  0x2000'0800  0x2000'4fff  0x4800



*******************************************************************************
*** MODULE SUMMARY
***

    Module                  ro code  ro data  rw data
    ------                  -------  -------  -------
command line/config:
    -------------------------------------------------
    Total:

D:\MCU\STM32F10x\App\Project\STM32PLUS\EWARMv8\Debug\Obj: [1]
    gpio.o                        4
    main.o                       16
    startup_stm32f10x_md.o      460
    system_stm32f10x.o          280
    -------------------------------------------------
    Total:                      760

dl7M_tln.a: [2]
    exit.o                        4
    low_level_init.o              4
    -------------------------------------------------
    Total:                        8

rt7M_tl.a: [3]
    cexit.o                      10
    cmain.o                      30
    cstartup_M.o                 12
    -------------------------------------------------
    Total:                       52

shb_l.a: [4]
    exit.o                       20
    unwind_debug.o                         1
    -------------------------------------------------
    Total:                       20        1

    Gaps                          3
    Linker created                              2'048
-----------------------------------------------------
    Grand Total:                843        1    2'048


*******************************************************************************
*** ENTRY LIST
***

Entry                       Address  Size  Type      Object
-----                       -------  ----  ----      ------
?main                    0x800'0205        Code  Gb  cmain.o [3]
CSTACK$$Base            0x2000'0000         --   Gb  - Linker created -
CSTACK$$Limit           0x2000'0800         --   Gb  - Linker created -
GPIO::GPIO(unsigned char)
                         0x800'023b   0x2  Code  Gb  gpio.o [1]
GPIO::setPin()           0x800'023d   0x2  Code  Gb  gpio.o [1]
Region$$Table$$Base             0x0         --   Gb  - Linker created -
Region$$Table$$Limit            0x0         --   Gb  - Linker created -
SystemInit               0x800'00ed  0x44  Code  Gb  system_stm32f10x.o [1]
[local to system_stm32f10x_c]::SetSysClock()
                         0x800'0131   0x8  Code  Lc  system_stm32f10x.o [1]
[local to system_stm32f10x_c]::SetSysClockTo72()
                         0x800'0139  0xae  Code  Lc  system_stm32f10x.o [1]
__cmain                  0x800'0205        Code  Gb  cmain.o [3]
__exit                   0x800'024d  0x14  Code  Gb  exit.o [4]
__iar_debug_exceptions   0x800'023e   0x1  Data  Gb  unwind_debug.o [4]
__iar_program_start      0x800'0271        Code  Gb  cstartup_M.o [3]
__low_level_init         0x800'0223   0x4  Code  Gb  low_level_init.o [2]
__vector_table           0x800'0000        Data  Gb  startup_stm32f10x_md.o [1]
_call_main               0x800'0211        Code  Gb  cmain.o [3]
_exit                    0x800'0241        Code  Gb  cexit.o [3]
_main                    0x800'021f        Code  Gb  cmain.o [3]
exit                     0x800'0237   0x4  Code  Gb  exit.o [2]
main                     0x800'0227  0x10  Code  Gb  main.o [1]


[1] = D:\MCU\STM32F10x\App\Project\STM32PLUS\EWARMv8\Debug\Obj
[2] = dl7M_tln.a
[3] = rt7M_tl.a
[4] = shb_l.a

    843 bytes of readonly  code memory
      1 byte  of readonly  data memory
  2'048 bytes of readwrite data memory

Errors: none
Warnings: none
